<?xml version="1.0" encoding="ISO-8859-1" ?>
<link_info>
   <banner>MSP430 Linker PC v21.6.1.LTS</banner>
   <copyright>Copyright (c) 2003-2018 Texas Instruments Incorporated</copyright>
   <link_time>0x65e16a6c</link_time>
   <link_errors>0x0</link_errors>
   <output_file>mroc.out</output_file>
   <entry_point>
      <name>_c_int00_noargs_mpu</name>
      <address>0x455a</address>
   </entry_point>
   <input_file_list>
      <input_file id="fl-2">
         <path>.\extern\</path>
         <kind>object</kind>
         <file>bme280.obj</file>
         <name>bme280.obj</name>
      </input_file>
      <input_file id="fl-3">
         <path>.\src\app\</path>
         <kind>object</kind>
         <file>app.obj</file>
         <name>app.obj</name>
      </input_file>
      <input_file id="fl-4">
         <path>.\src\app\cmd\</path>
         <kind>object</kind>
         <file>cmd_handler.obj</file>
         <name>cmd_handler.obj</name>
      </input_file>
      <input_file id="fl-5">
         <path>.\src\app\cmd\</path>
         <kind>object</kind>
         <file>cmd_register.obj</file>
         <name>cmd_register.obj</name>
      </input_file>
      <input_file id="fl-6">
         <path>.\src\app\exp\</path>
         <kind>object</kind>
         <file>exp_instrument.obj</file>
         <name>exp_instrument.obj</name>
      </input_file>
      <input_file id="fl-7">
         <path>.\src\app\exp\</path>
         <kind>object</kind>
         <file>exp_state_manager.obj</file>
         <name>exp_state_manager.obj</name>
      </input_file>
      <input_file id="fl-8">
         <path>.\src\drivers\</path>
         <kind>object</kind>
         <file>adc12_b.obj</file>
         <name>adc12_b.obj</name>
      </input_file>
      <input_file id="fl-9">
         <path>.\src\drivers\</path>
         <kind>object</kind>
         <file>cs.obj</file>
         <name>cs.obj</name>
      </input_file>
      <input_file id="fl-a">
         <path>.\src\drivers\</path>
         <kind>object</kind>
         <file>eusci_a_spi.obj</file>
         <name>eusci_a_spi.obj</name>
      </input_file>
      <input_file id="fl-b">
         <path>.\src\drivers\</path>
         <kind>object</kind>
         <file>eusci_b_i2c.obj</file>
         <name>eusci_b_i2c.obj</name>
      </input_file>
      <input_file id="fl-c">
         <path>.\src\drivers\</path>
         <kind>object</kind>
         <file>gpio.obj</file>
         <name>gpio.obj</name>
      </input_file>
      <input_file id="fl-d">
         <path>.\src\drivers\</path>
         <kind>object</kind>
         <file>pmm.obj</file>
         <name>pmm.obj</name>
      </input_file>
      <input_file id="fl-e">
         <path>.\src\drivers\</path>
         <kind>object</kind>
         <file>rtc_b.obj</file>
         <name>rtc_b.obj</name>
      </input_file>
      <input_file id="fl-f">
         <path>.\src\drivers\</path>
         <kind>object</kind>
         <file>rtc_c.obj</file>
         <name>rtc_c.obj</name>
      </input_file>
      <input_file id="fl-10">
         <path>.\src\drivers\</path>
         <kind>object</kind>
         <file>swi2c.obj</file>
         <name>swi2c.obj</name>
      </input_file>
      <input_file id="fl-11">
         <path>.\src\drivers\</path>
         <kind>object</kind>
         <file>swi2c_master.obj</file>
         <name>swi2c_master.obj</name>
      </input_file>
      <input_file id="fl-12">
         <path>.\src\drivers\</path>
         <kind>object</kind>
         <file>wdt_a.obj</file>
         <name>wdt_a.obj</name>
      </input_file>
      <input_file id="fl-13">
         <path>.\src\</path>
         <kind>object</kind>
         <file>main.obj</file>
         <name>main.obj</name>
      </input_file>
      <input_file id="fl-14">
         <path>.\src\peripherals\</path>
         <kind>object</kind>
         <file>bipump.obj</file>
         <name>bipump.obj</name>
      </input_file>
      <input_file id="fl-15">
         <path>.\src\peripherals\</path>
         <kind>object</kind>
         <file>bme280.obj</file>
         <name>bme280.obj</name>
      </input_file>
      <input_file id="fl-16">
         <path>.\src\peripherals\</path>
         <kind>object</kind>
         <file>heater.obj</file>
         <name>heater.obj</name>
      </input_file>
      <input_file id="fl-17">
         <path>.\src\peripherals\</path>
         <kind>object</kind>
         <file>lmt01.obj</file>
         <name>lmt01.obj</name>
      </input_file>
      <input_file id="fl-18">
         <path>.\src\peripherals\</path>
         <kind>object</kind>
         <file>mpq3326.obj</file>
         <name>mpq3326.obj</name>
      </input_file>
      <input_file id="fl-19">
         <path>.\src\peripherals\</path>
         <kind>object</kind>
         <file>opt4003.obj</file>
         <name>opt4003.obj</name>
      </input_file>
      <input_file id="fl-1a">
         <path>.\src\peripherals\</path>
         <kind>object</kind>
         <file>pump.obj</file>
         <name>pump.obj</name>
      </input_file>
      <input_file id="fl-1b">
         <path>.\src\peripherals\</path>
         <kind>object</kind>
         <file>valve.obj</file>
         <name>valve.obj</name>
      </input_file>
      <input_file id="fl-22">
         <kind>object</kind>
         <file>&lt;internal&gt;</file>
         <name>&lt;internal&gt;</name>
      </input_file>
      <input_file id="fl-42">
         <path>C:\ti\ccs1250\ccs\tools\compiler\ti-cgt-msp430_21.6.1.LTS\lib\</path>
         <kind>archive</kind>
         <file>rts430x_lc_rd_eabi.lib</file>
         <name>copy_decompress_lzss.c.obj</name>
      </input_file>
      <input_file id="fl-43">
         <path>C:\ti\ccs1250\ccs\tools\compiler\ti-cgt-msp430_21.6.1.LTS\lib\</path>
         <kind>archive</kind>
         <file>rts430x_lc_rd_eabi.lib</file>
         <name>copy_decompress_none.c.obj</name>
      </input_file>
      <input_file id="fl-44">
         <path>C:\ti\ccs1250\ccs\tools\compiler\ti-cgt-msp430_21.6.1.LTS\lib\</path>
         <kind>archive</kind>
         <file>rts430x_lc_rd_eabi.lib</file>
         <name>int27.asm.obj</name>
      </input_file>
      <input_file id="fl-45">
         <path>C:\ti\ccs1250\ccs\tools\compiler\ti-cgt-msp430_21.6.1.LTS\lib\</path>
         <kind>archive</kind>
         <file>rts430x_lc_rd_eabi.lib</file>
         <name>isr_trap.asm.obj</name>
      </input_file>
      <input_file id="fl-46">
         <path>C:\ti\ccs1250\ccs\tools\compiler\ti-cgt-msp430_21.6.1.LTS\lib\</path>
         <kind>archive</kind>
         <file>rts430x_lc_rd_eabi.lib</file>
         <name>int30.asm.obj</name>
      </input_file>
      <input_file id="fl-47">
         <path>C:\ti\ccs1250\ccs\tools\compiler\ti-cgt-msp430_21.6.1.LTS\lib\</path>
         <kind>archive</kind>
         <file>rts430x_lc_rd_eabi.lib</file>
         <name>int31.asm.obj</name>
      </input_file>
      <input_file id="fl-48">
         <path>C:\ti\ccs1250\ccs\tools\compiler\ti-cgt-msp430_21.6.1.LTS\lib\</path>
         <kind>archive</kind>
         <file>rts430x_lc_rd_eabi.lib</file>
         <name>int32.asm.obj</name>
      </input_file>
      <input_file id="fl-49">
         <path>C:\ti\ccs1250\ccs\tools\compiler\ti-cgt-msp430_21.6.1.LTS\lib\</path>
         <kind>archive</kind>
         <file>rts430x_lc_rd_eabi.lib</file>
         <name>int33.asm.obj</name>
      </input_file>
      <input_file id="fl-4a">
         <path>C:\ti\ccs1250\ccs\tools\compiler\ti-cgt-msp430_21.6.1.LTS\lib\</path>
         <kind>archive</kind>
         <file>rts430x_lc_rd_eabi.lib</file>
         <name>int34.asm.obj</name>
      </input_file>
      <input_file id="fl-4b">
         <path>C:\ti\ccs1250\ccs\tools\compiler\ti-cgt-msp430_21.6.1.LTS\lib\</path>
         <kind>archive</kind>
         <file>rts430x_lc_rd_eabi.lib</file>
         <name>int35.asm.obj</name>
      </input_file>
      <input_file id="fl-4c">
         <path>C:\ti\ccs1250\ccs\tools\compiler\ti-cgt-msp430_21.6.1.LTS\lib\</path>
         <kind>archive</kind>
         <file>rts430x_lc_rd_eabi.lib</file>
         <name>int36.asm.obj</name>
      </input_file>
      <input_file id="fl-4d">
         <path>C:\ti\ccs1250\ccs\tools\compiler\ti-cgt-msp430_21.6.1.LTS\lib\</path>
         <kind>archive</kind>
         <file>rts430x_lc_rd_eabi.lib</file>
         <name>int37.asm.obj</name>
      </input_file>
      <input_file id="fl-4e">
         <path>C:\ti\ccs1250\ccs\tools\compiler\ti-cgt-msp430_21.6.1.LTS\lib\</path>
         <kind>archive</kind>
         <file>rts430x_lc_rd_eabi.lib</file>
         <name>int38.asm.obj</name>
      </input_file>
      <input_file id="fl-4f">
         <path>C:\ti\ccs1250\ccs\tools\compiler\ti-cgt-msp430_21.6.1.LTS\lib\</path>
         <kind>archive</kind>
         <file>rts430x_lc_rd_eabi.lib</file>
         <name>int39.asm.obj</name>
      </input_file>
      <input_file id="fl-50">
         <path>C:\ti\ccs1250\ccs\tools\compiler\ti-cgt-msp430_21.6.1.LTS\lib\</path>
         <kind>archive</kind>
         <file>rts430x_lc_rd_eabi.lib</file>
         <name>int40.asm.obj</name>
      </input_file>
      <input_file id="fl-51">
         <path>C:\ti\ccs1250\ccs\tools\compiler\ti-cgt-msp430_21.6.1.LTS\lib\</path>
         <kind>archive</kind>
         <file>rts430x_lc_rd_eabi.lib</file>
         <name>int41.asm.obj</name>
      </input_file>
      <input_file id="fl-52">
         <path>C:\ti\ccs1250\ccs\tools\compiler\ti-cgt-msp430_21.6.1.LTS\lib\</path>
         <kind>archive</kind>
         <file>rts430x_lc_rd_eabi.lib</file>
         <name>int42.asm.obj</name>
      </input_file>
      <input_file id="fl-53">
         <path>C:\ti\ccs1250\ccs\tools\compiler\ti-cgt-msp430_21.6.1.LTS\lib\</path>
         <kind>archive</kind>
         <file>rts430x_lc_rd_eabi.lib</file>
         <name>int43.asm.obj</name>
      </input_file>
      <input_file id="fl-54">
         <path>C:\ti\ccs1250\ccs\tools\compiler\ti-cgt-msp430_21.6.1.LTS\lib\</path>
         <kind>archive</kind>
         <file>rts430x_lc_rd_eabi.lib</file>
         <name>int44.asm.obj</name>
      </input_file>
      <input_file id="fl-55">
         <path>C:\ti\ccs1250\ccs\tools\compiler\ti-cgt-msp430_21.6.1.LTS\lib\</path>
         <kind>archive</kind>
         <file>rts430x_lc_rd_eabi.lib</file>
         <name>int45.asm.obj</name>
      </input_file>
      <input_file id="fl-56">
         <path>C:\ti\ccs1250\ccs\tools\compiler\ti-cgt-msp430_21.6.1.LTS\lib\</path>
         <kind>archive</kind>
         <file>rts430x_lc_rd_eabi.lib</file>
         <name>int47.asm.obj</name>
      </input_file>
      <input_file id="fl-57">
         <path>C:\ti\ccs1250\ccs\tools\compiler\ti-cgt-msp430_21.6.1.LTS\lib\</path>
         <kind>archive</kind>
         <file>rts430x_lc_rd_eabi.lib</file>
         <name>int48.asm.obj</name>
      </input_file>
      <input_file id="fl-58">
         <path>C:\ti\ccs1250\ccs\tools\compiler\ti-cgt-msp430_21.6.1.LTS\lib\</path>
         <kind>archive</kind>
         <file>rts430x_lc_rd_eabi.lib</file>
         <name>int49.asm.obj</name>
      </input_file>
      <input_file id="fl-59">
         <path>C:\ti\ccs1250\ccs\tools\compiler\ti-cgt-msp430_21.6.1.LTS\lib\</path>
         <kind>archive</kind>
         <file>rts430x_lc_rd_eabi.lib</file>
         <name>int50.asm.obj</name>
      </input_file>
      <input_file id="fl-5a">
         <path>C:\ti\ccs1250\ccs\tools\compiler\ti-cgt-msp430_21.6.1.LTS\lib\</path>
         <kind>archive</kind>
         <file>rts430x_lc_rd_eabi.lib</file>
         <name>int51.asm.obj</name>
      </input_file>
      <input_file id="fl-5b">
         <path>C:\ti\ccs1250\ccs\tools\compiler\ti-cgt-msp430_21.6.1.LTS\lib\</path>
         <kind>archive</kind>
         <file>rts430x_lc_rd_eabi.lib</file>
         <name>int52.asm.obj</name>
      </input_file>
      <input_file id="fl-5c">
         <path>C:\ti\ccs1250\ccs\tools\compiler\ti-cgt-msp430_21.6.1.LTS\lib\</path>
         <kind>archive</kind>
         <file>rts430x_lc_rd_eabi.lib</file>
         <name>int53.asm.obj</name>
      </input_file>
      <input_file id="fl-5d">
         <path>C:\ti\ccs1250\ccs\tools\compiler\ti-cgt-msp430_21.6.1.LTS\lib\</path>
         <kind>archive</kind>
         <file>rts430x_lc_rd_eabi.lib</file>
         <name>int54.asm.obj</name>
      </input_file>
      <input_file id="fl-5e">
         <path>C:\ti\ccs1250\ccs\tools\compiler\ti-cgt-msp430_21.6.1.LTS\lib\</path>
         <kind>archive</kind>
         <file>rts430x_lc_rd_eabi.lib</file>
         <name>copy_zero_init.c.obj</name>
      </input_file>
      <input_file id="fl-5f">
         <path>C:\ti\ccs1250\ccs\tools\compiler\ti-cgt-msp430_21.6.1.LTS\lib\</path>
         <kind>archive</kind>
         <file>rts430x_lc_rd_eabi.lib</file>
         <name>addd.c.obj</name>
      </input_file>
      <input_file id="fl-60">
         <path>C:\ti\ccs1250\ccs\tools\compiler\ti-cgt-msp430_21.6.1.LTS\lib\</path>
         <kind>archive</kind>
         <file>rts430x_lc_rd_eabi.lib</file>
         <name>cmpd.c.obj</name>
      </input_file>
      <input_file id="fl-61">
         <path>C:\ti\ccs1250\ccs\tools\compiler\ti-cgt-msp430_21.6.1.LTS\lib\</path>
         <kind>archive</kind>
         <file>rts430x_lc_rd_eabi.lib</file>
         <name>divd.c.obj</name>
      </input_file>
      <input_file id="fl-62">
         <path>C:\ti\ccs1250\ccs\tools\compiler\ti-cgt-msp430_21.6.1.LTS\lib\</path>
         <kind>archive</kind>
         <file>rts430x_lc_rd_eabi.lib</file>
         <name>frcdivd.c.obj</name>
      </input_file>
      <input_file id="fl-63">
         <path>C:\ti\ccs1250\ccs\tools\compiler\ti-cgt-msp430_21.6.1.LTS\lib\</path>
         <kind>archive</kind>
         <file>rts430x_lc_rd_eabi.lib</file>
         <name>div16s.asm.obj</name>
      </input_file>
      <input_file id="fl-64">
         <path>C:\ti\ccs1250\ccs\tools\compiler\ti-cgt-msp430_21.6.1.LTS\lib\</path>
         <kind>archive</kind>
         <file>rts430x_lc_rd_eabi.lib</file>
         <name>div32s.asm.obj</name>
      </input_file>
      <input_file id="fl-65">
         <path>C:\ti\ccs1250\ccs\tools\compiler\ti-cgt-msp430_21.6.1.LTS\lib\</path>
         <kind>archive</kind>
         <file>rts430x_lc_rd_eabi.lib</file>
         <name>div16u.asm.obj</name>
      </input_file>
      <input_file id="fl-66">
         <path>C:\ti\ccs1250\ccs\tools\compiler\ti-cgt-msp430_21.6.1.LTS\lib\</path>
         <kind>archive</kind>
         <file>rts430x_lc_rd_eabi.lib</file>
         <name>div32u.asm.obj</name>
      </input_file>
      <input_file id="fl-67">
         <path>C:\ti\ccs1250\ccs\tools\compiler\ti-cgt-msp430_21.6.1.LTS\lib\</path>
         <kind>archive</kind>
         <file>rts430x_lc_rd_eabi.lib</file>
         <name>fixdli.c.obj</name>
      </input_file>
      <input_file id="fl-68">
         <path>C:\ti\ccs1250\ccs\tools\compiler\ti-cgt-msp430_21.6.1.LTS\lib\</path>
         <kind>archive</kind>
         <file>rts430x_lc_rd_eabi.lib</file>
         <name>fixdul.c.obj</name>
      </input_file>
      <input_file id="fl-69">
         <path>C:\ti\ccs1250\ccs\tools\compiler\ti-cgt-msp430_21.6.1.LTS\lib\</path>
         <kind>archive</kind>
         <file>rts430x_lc_rd_eabi.lib</file>
         <name>fs_tou.asm.obj</name>
      </input_file>
      <input_file id="fl-6a">
         <path>C:\ti\ccs1250\ccs\tools\compiler\ti-cgt-msp430_21.6.1.LTS\lib\</path>
         <kind>archive</kind>
         <file>rts430x_lc_rd_eabi.lib</file>
         <name>fltid.c.obj</name>
      </input_file>
      <input_file id="fl-6b">
         <path>C:\ti\ccs1250\ccs\tools\compiler\ti-cgt-msp430_21.6.1.LTS\lib\</path>
         <kind>archive</kind>
         <file>rts430x_lc_rd_eabi.lib</file>
         <name>fltlid.c.obj</name>
      </input_file>
      <input_file id="fl-6c">
         <path>C:\ti\ccs1250\ccs\tools\compiler\ti-cgt-msp430_21.6.1.LTS\lib\</path>
         <kind>archive</kind>
         <file>rts430x_lc_rd_eabi.lib</file>
         <name>fltud.c.obj</name>
      </input_file>
      <input_file id="fl-6d">
         <path>C:\ti\ccs1250\ccs\tools\compiler\ti-cgt-msp430_21.6.1.LTS\lib\</path>
         <kind>archive</kind>
         <file>rts430x_lc_rd_eabi.lib</file>
         <name>fs_utof.asm.obj</name>
      </input_file>
      <input_file id="fl-6e">
         <path>C:\ti\ccs1250\ccs\tools\compiler\ti-cgt-msp430_21.6.1.LTS\lib\</path>
         <kind>archive</kind>
         <file>rts430x_lc_rd_eabi.lib</file>
         <name>fltuld.c.obj</name>
      </input_file>
      <input_file id="fl-6f">
         <path>C:\ti\ccs1250\ccs\tools\compiler\ti-cgt-msp430_21.6.1.LTS\lib\</path>
         <kind>archive</kind>
         <file>rts430x_lc_rd_eabi.lib</file>
         <name>mpyd.c.obj</name>
      </input_file>
      <input_file id="fl-70">
         <path>C:\ti\ccs1250\ccs\tools\compiler\ti-cgt-msp430_21.6.1.LTS\lib\</path>
         <kind>archive</kind>
         <file>rts430x_lc_rd_eabi.lib</file>
         <name>frcmpyd.c.obj</name>
      </input_file>
      <input_file id="fl-71">
         <path>C:\ti\ccs1250\ccs\tools\compiler\ti-cgt-msp430_21.6.1.LTS\lib\</path>
         <kind>archive</kind>
         <file>rts430x_lc_rd_eabi.lib</file>
         <name>fs_mpy.asm.obj</name>
      </input_file>
      <input_file id="fl-72">
         <path>C:\ti\ccs1250\ccs\tools\compiler\ti-cgt-msp430_21.6.1.LTS\lib\</path>
         <kind>archive</kind>
         <file>rts430x_lc_rd_eabi.lib</file>
         <name>mult16.asm.obj</name>
      </input_file>
      <input_file id="fl-73">
         <path>C:\ti\ccs1250\ccs\tools\compiler\ti-cgt-msp430_21.6.1.LTS\lib\</path>
         <kind>archive</kind>
         <file>rts430x_lc_rd_eabi.lib</file>
         <name>mult16_f5hw.asm.obj</name>
      </input_file>
      <input_file id="fl-74">
         <path>C:\ti\ccs1250\ccs\tools\compiler\ti-cgt-msp430_21.6.1.LTS\lib\</path>
         <kind>archive</kind>
         <file>rts430x_lc_rd_eabi.lib</file>
         <name>mult32.asm.obj</name>
      </input_file>
      <input_file id="fl-75">
         <path>C:\ti\ccs1250\ccs\tools\compiler\ti-cgt-msp430_21.6.1.LTS\lib\</path>
         <kind>archive</kind>
         <file>rts430x_lc_rd_eabi.lib</file>
         <name>mult32_f5hw.asm.obj</name>
      </input_file>
      <input_file id="fl-76">
         <path>C:\ti\ccs1250\ccs\tools\compiler\ti-cgt-msp430_21.6.1.LTS\lib\</path>
         <kind>archive</kind>
         <file>rts430x_lc_rd_eabi.lib</file>
         <name>mult64.asm.obj</name>
      </input_file>
      <input_file id="fl-77">
         <path>C:\ti\ccs1250\ccs\tools\compiler\ti-cgt-msp430_21.6.1.LTS\lib\</path>
         <kind>archive</kind>
         <file>rts430x_lc_rd_eabi.lib</file>
         <name>mult64_f5hw.asm.obj</name>
      </input_file>
      <input_file id="fl-78">
         <path>C:\ti\ccs1250\ccs\tools\compiler\ti-cgt-msp430_21.6.1.LTS\lib\</path>
         <kind>archive</kind>
         <file>rts430x_lc_rd_eabi.lib</file>
         <name>mult1632_f5hw.asm.obj</name>
      </input_file>
      <input_file id="fl-79">
         <path>C:\ti\ccs1250\ccs\tools\compiler\ti-cgt-msp430_21.6.1.LTS\lib\</path>
         <kind>archive</kind>
         <file>rts430x_lc_rd_eabi.lib</file>
         <name>mult3264_f5hw.asm.obj</name>
      </input_file>
      <input_file id="fl-7a">
         <path>C:\ti\ccs1250\ccs\tools\compiler\ti-cgt-msp430_21.6.1.LTS\lib\</path>
         <kind>archive</kind>
         <file>rts430x_lc_rd_eabi.lib</file>
         <name>mult1632.asm.obj</name>
      </input_file>
      <input_file id="fl-7b">
         <path>C:\ti\ccs1250\ccs\tools\compiler\ti-cgt-msp430_21.6.1.LTS\lib\</path>
         <kind>archive</kind>
         <file>rts430x_lc_rd_eabi.lib</file>
         <name>mult3264.asm.obj</name>
      </input_file>
      <input_file id="fl-7c">
         <path>C:\ti\ccs1250\ccs\tools\compiler\ti-cgt-msp430_21.6.1.LTS\lib\</path>
         <kind>archive</kind>
         <file>rts430x_lc_rd_eabi.lib</file>
         <name>lsl32.asm.obj</name>
      </input_file>
      <input_file id="fl-7d">
         <path>C:\ti\ccs1250\ccs\tools\compiler\ti-cgt-msp430_21.6.1.LTS\lib\</path>
         <kind>archive</kind>
         <file>rts430x_lc_rd_eabi.lib</file>
         <name>lsl64.c.obj</name>
      </input_file>
      <input_file id="fl-7e">
         <path>C:\ti\ccs1250\ccs\tools\compiler\ti-cgt-msp430_21.6.1.LTS\lib\</path>
         <kind>archive</kind>
         <file>rts430x_lc_rd_eabi.lib</file>
         <name>asr32.asm.obj</name>
      </input_file>
      <input_file id="fl-7f">
         <path>C:\ti\ccs1250\ccs\tools\compiler\ti-cgt-msp430_21.6.1.LTS\lib\</path>
         <kind>archive</kind>
         <file>rts430x_lc_rd_eabi.lib</file>
         <name>asr64.c.obj</name>
      </input_file>
      <input_file id="fl-80">
         <path>C:\ti\ccs1250\ccs\tools\compiler\ti-cgt-msp430_21.6.1.LTS\lib\</path>
         <kind>archive</kind>
         <file>rts430x_lc_rd_eabi.lib</file>
         <name>lsr32.asm.obj</name>
      </input_file>
      <input_file id="fl-81">
         <path>C:\ti\ccs1250\ccs\tools\compiler\ti-cgt-msp430_21.6.1.LTS\lib\</path>
         <kind>archive</kind>
         <file>rts430x_lc_rd_eabi.lib</file>
         <name>lsr64.c.obj</name>
      </input_file>
      <input_file id="fl-82">
         <path>C:\ti\ccs1250\ccs\tools\compiler\ti-cgt-msp430_21.6.1.LTS\lib\</path>
         <kind>archive</kind>
         <file>rts430x_lc_rd_eabi.lib</file>
         <name>subd.c.obj</name>
      </input_file>
      <input_file id="fl-83">
         <path>C:\ti\ccs1250\ccs\tools\compiler\ti-cgt-msp430_21.6.1.LTS\lib\</path>
         <kind>archive</kind>
         <file>rts430x_lc_rd_eabi.lib</file>
         <name>fs_add.asm.obj</name>
      </input_file>
      <input_file id="fl-84">
         <path>C:\ti\ccs1250\ccs\tools\compiler\ti-cgt-msp430_21.6.1.LTS\lib\</path>
         <kind>archive</kind>
         <file>rts430x_lc_rd_eabi.lib</file>
         <name>boot.c.obj</name>
      </input_file>
      <input_file id="fl-85">
         <path>C:\ti\ccs1250\ccs\ccs_base\msp430\lib\FR59xx\</path>
         <kind>archive</kind>
         <file>MSPMPU_INIT_LIB_CCS_msp430_large_code_restricted_data.lib</file>
         <name>mpu_init.o</name>
      </input_file>
      <input_file id="fl-86">
         <path>C:\ti\ccs1250\ccs\tools\compiler\ti-cgt-msp430_21.6.1.LTS\lib\</path>
         <kind>archive</kind>
         <file>rts430x_lc_rd_eabi.lib</file>
         <name>args_main.c.obj</name>
      </input_file>
      <input_file id="fl-87">
         <path>C:\ti\ccs1250\ccs\tools\compiler\ti-cgt-msp430_21.6.1.LTS\lib\</path>
         <kind>archive</kind>
         <file>rts430x_lc_rd_eabi.lib</file>
         <name>autoinit.c.obj</name>
      </input_file>
      <input_file id="fl-88">
         <path>C:\ti\ccs1250\ccs\tools\compiler\ti-cgt-msp430_21.6.1.LTS\lib\</path>
         <kind>archive</kind>
         <file>rts430x_lc_rd_eabi.lib</file>
         <name>startup.c.obj</name>
      </input_file>
      <input_file id="fl-89">
         <path>C:\ti\ccs1250\ccs\tools\compiler\ti-cgt-msp430_21.6.1.LTS\lib\</path>
         <kind>archive</kind>
         <file>rts430x_lc_rd_eabi.lib</file>
         <name>pre_init.c.obj</name>
      </input_file>
      <input_file id="fl-8a">
         <path>C:\ti\ccs1250\ccs\tools\compiler\ti-cgt-msp430_21.6.1.LTS\lib\</path>
         <kind>archive</kind>
         <file>rts430x_lc_rd_eabi.lib</file>
         <name>cpy_tbl.c.obj</name>
      </input_file>
      <input_file id="fl-8b">
         <path>C:\ti\ccs1250\ccs\tools\compiler\ti-cgt-msp430_21.6.1.LTS\lib\</path>
         <kind>archive</kind>
         <file>rts430x_lc_rd_eabi.lib</file>
         <name>exit.c.obj</name>
      </input_file>
      <input_file id="fl-8c">
         <path>C:\ti\ccs1250\ccs\tools\compiler\ti-cgt-msp430_21.6.1.LTS\lib\</path>
         <kind>archive</kind>
         <file>rts430x_lc_rd_eabi.lib</file>
         <name>exit_gvars.c.obj</name>
      </input_file>
      <input_file id="fl-8d">
         <path>C:\ti\ccs1250\ccs\tools\compiler\ti-cgt-msp430_21.6.1.LTS\lib\</path>
         <kind>archive</kind>
         <file>rts430x_lc_rd_eabi.lib</file>
         <name>_lock.c.obj</name>
      </input_file>
      <input_file id="fl-8e">
         <path>C:\ti\ccs1250\ccs\tools\compiler\ti-cgt-msp430_21.6.1.LTS\lib\</path>
         <kind>archive</kind>
         <file>rts430x_lc_rd_eabi.lib</file>
         <name>memcpy.c.obj</name>
      </input_file>
      <input_file id="fl-8f">
         <path>C:\ti\ccs1250\ccs\tools\compiler\ti-cgt-msp430_21.6.1.LTS\lib\</path>
         <kind>archive</kind>
         <file>rts430x_lc_rd_eabi.lib</file>
         <name>memset.c.obj</name>
      </input_file>
   </input_file_list>
   <object_component_list>
      <object_component id="oc-ab0">
         <name>__TI_handler_table</name>
         <load_address>0x45bc</load_address>
         <run_address>0x45bc</run_address>
         <size>0xc</size>
      </object_component>
      <object_component id="oc-ab3">
         <name>.cinit..data.load</name>
         <load_address>0x45c8</load_address>
         <run_address>0x45c8</run_address>
         <size>0x9</size>
      </object_component>
      <object_component id="oc-ab2">
         <name>.cinit..bss.load</name>
         <load_address>0x45d2</load_address>
         <run_address>0x45d2</run_address>
         <size>0x6</size>
      </object_component>
      <object_component id="oc-ab1">
         <name>__TI_cinit_table</name>
         <load_address>0x45d8</load_address>
         <run_address>0x45d8</run_address>
         <size>0x10</size>
      </object_component>
      <object_component id="oc-a40">
         <name>.binit</name>
         <load_address>0x4400</load_address>
         <run_address>0x4400</run_address>
         <size>0x0</size>
      </object_component>
      <object_component id="oc-876">
         <name>.const:GPIO_PORT_TO_BASE</name>
         <load_address>0x4598</load_address>
         <run_address>0x4598</run_address>
         <size>0x1c</size>
         <input_file_ref idref="fl-c"/>
      </object_component>
      <object_component id="oc-7e6">
         <name>.const:$P$T0$1</name>
         <load_address>0x45b4</load_address>
         <run_address>0x45b4</run_address>
         <size>0x6</size>
         <input_file_ref idref="fl-4"/>
      </object_component>
      <object_component id="oc-8e3">
         <name>.const</name>
         <load_address>0x45ba</load_address>
         <run_address>0x45ba</run_address>
         <size>0x2</size>
         <input_file_ref idref="fl-17"/>
      </object_component>
      <object_component id="oc-5d5">
         <name>.text:_isr:USCIB0_ISR</name>
         <load_address>0x4400</load_address>
         <run_address>0x4400</run_address>
         <size>0x15a</size>
         <input_file_ref idref="fl-4"/>
      </object_component>
      <object_component id="oc-605">
         <name>.text:_isr:_c_int00_noargs_mpu</name>
         <load_address>0x455a</load_address>
         <run_address>0x455a</run_address>
         <size>0x20</size>
         <input_file_ref idref="fl-84"/>
      </object_component>
      <object_component id="oc-5cf">
         <name>.text:_isr:RTC_C_ISR</name>
         <load_address>0x457a</load_address>
         <run_address>0x457a</run_address>
         <size>0x16</size>
         <input_file_ref idref="fl-3"/>
      </object_component>
      <object_component id="oc-5ca">
         <name>.text:_isr:__TI_ISR_TRAP</name>
         <load_address>0x4590</load_address>
         <run_address>0x4590</run_address>
         <size>0x8</size>
         <input_file_ref idref="fl-45"/>
      </object_component>
      <object_component id="oc-9ed">
         <name>.text:__mspabi_mpyd</name>
         <load_address>0x10000</load_address>
         <run_address>0x10000</run_address>
         <size>0x292</size>
         <input_file_ref idref="fl-6f"/>
      </object_component>
      <object_component id="oc-975">
         <name>.text:SWI2C_Write</name>
         <load_address>0x10292</load_address>
         <run_address>0x10292</run_address>
         <size>0x1ba</size>
         <input_file_ref idref="fl-10"/>
      </object_component>
      <object_component id="oc-9dc">
         <name>.text:SWI2C_Read</name>
         <load_address>0x1044c</load_address>
         <run_address>0x1044c</run_address>
         <size>0x1b0</size>
         <input_file_ref idref="fl-10"/>
      </object_component>
      <object_component id="oc-a0b">
         <name>.text:__TI_frcmpyd</name>
         <load_address>0x105fc</load_address>
         <run_address>0x105fc</run_address>
         <size>0x164</size>
         <input_file_ref idref="fl-70"/>
      </object_component>
      <object_component id="oc-7da">
         <name>.text:CS_setDCOFreq</name>
         <load_address>0x10760</load_address>
         <run_address>0x10760</run_address>
         <size>0x140</size>
         <input_file_ref idref="fl-9"/>
      </object_component>
      <object_component id="oc-8f0">
         <name>.text</name>
         <load_address>0x108a0</load_address>
         <run_address>0x108a0</run_address>
         <size>0x132</size>
         <input_file_ref idref="fl-83"/>
      </object_component>
      <object_component id="oc-8eb">
         <name>.text</name>
         <load_address>0x109d2</load_address>
         <run_address>0x109d2</run_address>
         <size>0xb8</size>
         <input_file_ref idref="fl-71"/>
      </object_component>
      <object_component id="oc-6f3">
         <name>.text:Exp_Init</name>
         <load_address>0x10a8a</load_address>
         <run_address>0x10a8a</run_address>
         <size>0x9c</size>
         <input_file_ref idref="fl-7"/>
      </object_component>
      <object_component id="oc-9a2">
         <name>.text:OPT4003_Read</name>
         <load_address>0x10b26</load_address>
         <run_address>0x10b26</run_address>
         <size>0x9c</size>
         <input_file_ref idref="fl-19"/>
      </object_component>
      <object_component id="oc-7a6">
         <name>.text:Exp_InstrumentInit</name>
         <load_address>0x10bc2</load_address>
         <run_address>0x10bc2</run_address>
         <size>0x98</size>
         <input_file_ref idref="fl-6"/>
      </object_component>
      <object_component id="oc-6f9">
         <name>.text:Cmd_Init</name>
         <load_address>0x10c5a</load_address>
         <run_address>0x10c5a</run_address>
         <size>0x92</size>
         <input_file_ref idref="fl-4"/>
      </object_component>
      <object_component id="oc-793">
         <name>.text:RTC_C_initCalendar</name>
         <load_address>0x10cec</load_address>
         <run_address>0x10cec</run_address>
         <size>0x86</size>
         <input_file_ref idref="fl-f"/>
      </object_component>
      <object_component id="oc-657">
         <name>.text:Cmd_RequestTelemetryFrame</name>
         <load_address>0x10d72</load_address>
         <run_address>0x10d72</run_address>
         <size>0x80</size>
         <input_file_ref idref="fl-5"/>
      </object_component>
      <object_component id="oc-9e7">
         <name>.text:__mspabi_fltuld</name>
         <load_address>0x10df2</load_address>
         <run_address>0x10df2</run_address>
         <size>0x80</size>
         <input_file_ref idref="fl-6e"/>
      </object_component>
      <object_component id="oc-6ff">
         <name>.text:Exp_Update</name>
         <load_address>0x10e72</load_address>
         <run_address>0x10e72</run_address>
         <size>0x7c</size>
         <input_file_ref idref="fl-7"/>
      </object_component>
      <object_component id="oc-79">
         <name>.text:decompress:lzss:__TI_decompress_lzss</name>
         <load_address>0x10eee</load_address>
         <run_address>0x10eee</run_address>
         <size>0x76</size>
         <input_file_ref idref="fl-42"/>
      </object_component>
      <object_component id="oc-6ed">
         <name>.text:App_Init</name>
         <load_address>0x10f64</load_address>
         <run_address>0x10f64</run_address>
         <size>0x74</size>
         <input_file_ref idref="fl-3"/>
      </object_component>
      <object_component id="oc-819">
         <name>.text:State_HandleActivation</name>
         <load_address>0x10fd8</load_address>
         <run_address>0x10fd8</run_address>
         <size>0x74</size>
         <input_file_ref idref="fl-7"/>
      </object_component>
      <object_component id="oc-787">
         <name>.text:GPIO_setAsPeripheralModuleFunctionInputPin</name>
         <load_address>0x1104c</load_address>
         <run_address>0x1104c</run_address>
         <size>0x72</size>
         <input_file_ref idref="fl-c"/>
      </object_component>
      <object_component id="oc-8d2">
         <name>.text:GPIO_setAsPeripheralModuleFunctionOutputPin</name>
         <load_address>0x110be</load_address>
         <run_address>0x110be</run_address>
         <size>0x72</size>
         <input_file_ref idref="fl-c"/>
      </object_component>
      <object_component id="oc-813">
         <name>.text:State_HandlePreparation</name>
         <load_address>0x11130</load_address>
         <run_address>0x11130</run_address>
         <size>0x70</size>
         <input_file_ref idref="fl-7"/>
      </object_component>
      <object_component id="oc-7e0">
         <name>.text:CS_initClockSignal</name>
         <load_address>0x111a0</load_address>
         <run_address>0x111a0</run_address>
         <size>0x6a</size>
         <input_file_ref idref="fl-9"/>
      </object_component>
      <object_component id="oc-9f3">
         <name>.text:__mspabi_fixdul</name>
         <load_address>0x1120a</load_address>
         <run_address>0x1120a</run_address>
         <size>0x68</size>
         <input_file_ref idref="fl-68"/>
      </object_component>
      <object_component id="oc-80d">
         <name>.text:State_HandleInduction</name>
         <load_address>0x11272</load_address>
         <run_address>0x11272</run_address>
         <size>0x5c</size>
         <input_file_ref idref="fl-7"/>
      </object_component>
      <object_component id="oc-a28">
         <name>.text:__mpyll</name>
         <load_address>0x112ce</load_address>
         <run_address>0x112ce</run_address>
         <size>0x5c</size>
         <input_file_ref idref="fl-77"/>
      </object_component>
      <object_component id="oc-72a">
         <name>.text:__TI_auto_init_nobinit_nopinit_hold_wdt:__TI_auto_init_nobinit_nopinit_hold_wdt</name>
         <load_address>0x1132a</load_address>
         <run_address>0x1132a</run_address>
         <size>0x54</size>
         <input_file_ref idref="fl-87"/>
      </object_component>
      <object_component id="oc-808">
         <name>.text</name>
         <load_address>0x1137e</load_address>
         <run_address>0x1137e</run_address>
         <size>0x46</size>
         <input_file_ref idref="fl-69"/>
      </object_component>
      <object_component id="oc-834">
         <name>.text:Cmd_SetPhotosensorResults</name>
         <load_address>0x113c4</load_address>
         <run_address>0x113c4</run_address>
         <size>0x40</size>
         <input_file_ref idref="fl-5"/>
      </object_component>
      <object_component id="oc-799">
         <name>.text:RTC_C_enableInterrupt</name>
         <load_address>0x11404</load_address>
         <run_address>0x11404</run_address>
         <size>0x40</size>
         <input_file_ref idref="fl-f"/>
      </object_component>
      <object_component id="oc-9ff">
         <name>.text:l_lsl_const</name>
         <load_address>0x11444</load_address>
         <run_address>0x11444</run_address>
         <size>0x3e</size>
         <input_file_ref idref="fl-7c"/>
      </object_component>
      <object_component id="oc-a04">
         <name>.text:l_lsr_const</name>
         <load_address>0x11482</load_address>
         <run_address>0x11482</run_address>
         <size>0x3e</size>
         <input_file_ref idref="fl-80"/>
      </object_component>
      <object_component id="oc-7c1">
         <name>.text:Bipump_Init</name>
         <load_address>0x114c0</load_address>
         <run_address>0x114c0</run_address>
         <size>0x3c</size>
         <input_file_ref idref="fl-14"/>
      </object_component>
      <object_component id="oc-90a">
         <name>.text:Bipump_Forward</name>
         <load_address>0x114fc</load_address>
         <run_address>0x114fc</run_address>
         <size>0x3a</size>
         <input_file_ref idref="fl-14"/>
      </object_component>
      <object_component id="oc-8ba">
         <name>.text:Bipump_Off</name>
         <load_address>0x11536</load_address>
         <run_address>0x11536</run_address>
         <size>0x3a</size>
         <input_file_ref idref="fl-14"/>
      </object_component>
      <object_component id="oc-78d">
         <name>.text:CS_turnOnLFXT</name>
         <load_address>0x11570</load_address>
         <run_address>0x11570</run_address>
         <size>0x3a</size>
         <input_file_ref idref="fl-9"/>
      </object_component>
      <object_component id="oc-82b">
         <name>.text:Cmd_SetEnvironmentInformationRegister</name>
         <load_address>0x115aa</load_address>
         <run_address>0x115aa</run_address>
         <size>0x3a</size>
         <input_file_ref idref="fl-5"/>
      </object_component>
      <object_component id="oc-a22">
         <name>.text:__mspabi_sllll</name>
         <load_address>0x115e4</load_address>
         <run_address>0x115e4</run_address>
         <size>0x3a</size>
         <input_file_ref idref="fl-7d"/>
      </object_component>
      <object_component id="oc-a32">
         <name>.text:__mspabi_srlll</name>
         <load_address>0x1161e</load_address>
         <run_address>0x1161e</run_address>
         <size>0x3a</size>
         <input_file_ref idref="fl-81"/>
      </object_component>
      <object_component id="oc-8f7">
         <name>.text:Exp_InstrumentRead</name>
         <load_address>0x11658</load_address>
         <run_address>0x11658</run_address>
         <size>0x36</size>
         <input_file_ref idref="fl-6"/>
      </object_component>
      <object_component id="oc-8ab">
         <name>.text:GPIO_setAsOutputPin</name>
         <load_address>0x1168e</load_address>
         <run_address>0x1168e</run_address>
         <size>0x34</size>
         <input_file_ref idref="fl-c"/>
      </object_component>
      <object_component id="oc-894">
         <name>.text:OPT4003_Init</name>
         <load_address>0x116c2</load_address>
         <run_address>0x116c2</run_address>
         <size>0x32</size>
         <input_file_ref idref="fl-19"/>
      </object_component>
      <object_component id="oc-88b">
         <name>.text:MPQ3326_TurnLEDsOff</name>
         <load_address>0x116f4</load_address>
         <run_address>0x116f4</run_address>
         <size>0x30</size>
         <input_file_ref idref="fl-18"/>
      </object_component>
      <object_component id="oc-9aa">
         <name>.text:MPQ3326_TurnLEDsOn</name>
         <load_address>0x11724</load_address>
         <run_address>0x11724</run_address>
         <size>0x30</size>
         <input_file_ref idref="fl-18"/>
      </object_component>
      <object_component id="oc-96f">
         <name>.text:SWI2C_Init</name>
         <load_address>0x11754</load_address>
         <run_address>0x11754</run_address>
         <size>0x2e</size>
         <input_file_ref idref="fl-10"/>
      </object_component>
      <object_component id="oc-68a">
         <name>.text:__mpu_init</name>
         <load_address>0x11782</load_address>
         <run_address>0x11782</run_address>
         <size>0x2c</size>
         <input_file_ref idref="fl-85"/>
      </object_component>
      <object_component id="oc-a2d">
         <name>.text:__mpyull</name>
         <load_address>0x117ae</load_address>
         <run_address>0x117ae</run_address>
         <size>0x2c</size>
         <input_file_ref idref="fl-79"/>
      </object_component>
      <object_component id="oc-802">
         <name>.text:LMT01_Read</name>
         <load_address>0x117da</load_address>
         <run_address>0x117da</run_address>
         <size>0x2a</size>
         <input_file_ref idref="fl-17"/>
      </object_component>
      <object_component id="oc-7e9">
         <name>.text:EUSCI_B_I2C_initSlave</name>
         <load_address>0x11804</load_address>
         <run_address>0x11804</run_address>
         <size>0x28</size>
         <input_file_ref idref="fl-b"/>
      </object_component>
      <object_component id="oc-7d3">
         <name>.text:Heater_Init</name>
         <load_address>0x1182c</load_address>
         <run_address>0x1182c</run_address>
         <size>0x28</size>
         <input_file_ref idref="fl-16"/>
      </object_component>
      <object_component id="oc-678">
         <name>.text:main</name>
         <load_address>0x11854</load_address>
         <run_address>0x11854</run_address>
         <size>0x28</size>
         <input_file_ref idref="fl-13"/>
      </object_component>
      <object_component id="oc-825">
         <name>.text:Cmd_SetExperimentStatusRegister</name>
         <load_address>0x1187c</load_address>
         <run_address>0x1187c</run_address>
         <size>0x24</size>
         <input_file_ref idref="fl-5"/>
      </object_component>
      <object_component id="oc-5db">
         <name>.text:decompress:ZI:__TI_zero_init_nomemset:__TI_zero_init_nomemset</name>
         <load_address>0x118a0</load_address>
         <run_address>0x118a0</run_address>
         <size>0x24</size>
         <input_file_ref idref="fl-5e"/>
      </object_component>
      <object_component id="oc-8e6">
         <name>.text</name>
         <load_address>0x118c4</load_address>
         <run_address>0x118c4</run_address>
         <size>0x24</size>
         <input_file_ref idref="fl-6d"/>
      </object_component>
      <object_component id="oc-64b">
         <name>.text:Exp_NextState</name>
         <load_address>0x118e8</load_address>
         <run_address>0x118e8</run_address>
         <size>0x22</size>
         <input_file_ref idref="fl-7"/>
      </object_component>
      <object_component id="oc-885">
         <name>.text:MPQ3326_Init</name>
         <load_address>0x1190a</load_address>
         <run_address>0x1190a</run_address>
         <size>0x22</size>
         <input_file_ref idref="fl-18"/>
      </object_component>
      <object_component id="oc-81f">
         <name>.text:Cmd_SetSystemStatus</name>
         <load_address>0x1192c</load_address>
         <run_address>0x1192c</run_address>
         <size>0x20</size>
         <input_file_ref idref="fl-5"/>
      </object_component>
      <object_component id="oc-651">
         <name>.text:Exp_SetIdle</name>
         <load_address>0x1194c</load_address>
         <run_address>0x1194c</run_address>
         <size>0x20</size>
         <input_file_ref idref="fl-7"/>
      </object_component>
      <object_component id="oc-645">
         <name>.text:Exp_SetState</name>
         <load_address>0x1196c</load_address>
         <run_address>0x1196c</run_address>
         <size>0x20</size>
         <input_file_ref idref="fl-7"/>
      </object_component>
      <object_component id="oc-6e1">
         <name>.text:WDT_A_hold</name>
         <load_address>0x1198c</load_address>
         <run_address>0x1198c</run_address>
         <size>0x20</size>
         <input_file_ref idref="fl-12"/>
      </object_component>
      <object_component id="oc-65d">
         <name>.text:Cmd_ReadRegister</name>
         <load_address>0x119ac</load_address>
         <run_address>0x119ac</run_address>
         <size>0x1e</size>
         <input_file_ref idref="fl-5"/>
      </object_component>
      <object_component id="oc-79f">
         <name>.text:RTC_C_startClock</name>
         <load_address>0x119ca</load_address>
         <run_address>0x119ca</run_address>
         <size>0x1e</size>
         <input_file_ref idref="fl-f"/>
      </object_component>
      <object_component id="oc-987">
         <name>.text:GPIO_setOutputHighOnPin</name>
         <load_address>0x119e8</load_address>
         <run_address>0x119e8</run_address>
         <size>0x1c</size>
         <input_file_ref idref="fl-c"/>
      </object_component>
      <object_component id="oc-98d">
         <name>.text:GPIO_setOutputLowOnPin</name>
         <load_address>0x11a04</load_address>
         <run_address>0x11a04</run_address>
         <size>0x1c</size>
         <input_file_ref idref="fl-c"/>
      </object_component>
      <object_component id="oc-8fd">
         <name>.text:Exp_InstrumentLEDsOff</name>
         <load_address>0x11a20</load_address>
         <run_address>0x11a20</run_address>
         <size>0x18</size>
         <input_file_ref idref="fl-6"/>
      </object_component>
      <object_component id="oc-903">
         <name>.text:Exp_InstrumentLEDsOn</name>
         <load_address>0x11a38</load_address>
         <run_address>0x11a38</run_address>
         <size>0x18</size>
         <input_file_ref idref="fl-6"/>
      </object_component>
      <object_component id="oc-952">
         <name>.text</name>
         <load_address>0x11a50</load_address>
         <run_address>0x11a50</run_address>
         <size>0x18</size>
         <input_file_ref idref="fl-73"/>
      </object_component>
      <object_component id="oc-5bd">
         <name>.text:memcpy</name>
         <load_address>0x11a68</load_address>
         <run_address>0x11a68</run_address>
         <size>0x14</size>
         <input_file_ref idref="fl-8e"/>
      </object_component>
      <object_component id="oc-7f">
         <name>.text:decompress:none:__TI_decompress_none</name>
         <load_address>0x11a7c</load_address>
         <run_address>0x11a7c</run_address>
         <size>0x12</size>
         <input_file_ref idref="fl-43"/>
      </object_component>
      <object_component id="oc-9e2">
         <name>.text:l_lsl</name>
         <load_address>0x11a8e</load_address>
         <run_address>0x11a8e</run_address>
         <size>0x10</size>
         <input_file_ref idref="fl-7c"/>
      </object_component>
      <object_component id="oc-a18">
         <name>.text:l_lsr</name>
         <load_address>0x11a9e</load_address>
         <run_address>0x11a9e</run_address>
         <size>0x10</size>
         <input_file_ref idref="fl-80"/>
      </object_component>
      <object_component id="oc-7b8">
         <name>.text:Pump_Init</name>
         <load_address>0x11aae</load_address>
         <run_address>0x11aae</run_address>
         <size>0xe</size>
         <input_file_ref idref="fl-1a"/>
      </object_component>
      <object_component id="oc-91d">
         <name>.text:Pump_Off</name>
         <load_address>0x11abc</load_address>
         <run_address>0x11abc</run_address>
         <size>0xe</size>
         <input_file_ref idref="fl-1a"/>
      </object_component>
      <object_component id="oc-917">
         <name>.text:Pump_On</name>
         <load_address>0x11aca</load_address>
         <run_address>0x11aca</run_address>
         <size>0xe</size>
         <input_file_ref idref="fl-1a"/>
      </object_component>
      <object_component id="oc-923">
         <name>.text:Valve_Close</name>
         <load_address>0x11ad8</load_address>
         <run_address>0x11ad8</run_address>
         <size>0xe</size>
         <input_file_ref idref="fl-1b"/>
      </object_component>
      <object_component id="oc-7ca">
         <name>.text:Valve_Init</name>
         <load_address>0x11ae6</load_address>
         <run_address>0x11ae6</run_address>
         <size>0xe</size>
         <input_file_ref idref="fl-1b"/>
      </object_component>
      <object_component id="oc-911">
         <name>.text:Valve_Open</name>
         <load_address>0x11af4</load_address>
         <run_address>0x11af4</run_address>
         <size>0xe</size>
         <input_file_ref idref="fl-1b"/>
      </object_component>
      <object_component id="oc-7f5">
         <name>.text:EUSCI_B_I2C_clearInterrupt</name>
         <load_address>0x11b02</load_address>
         <run_address>0x11b02</run_address>
         <size>0xc</size>
         <input_file_ref idref="fl-b"/>
      </object_component>
      <object_component id="oc-7fb">
         <name>.text:EUSCI_B_I2C_enableInterrupt</name>
         <load_address>0x11b0e</load_address>
         <run_address>0x11b0e</run_address>
         <size>0xc</size>
         <input_file_ref idref="fl-b"/>
      </object_component>
      <object_component id="oc-663">
         <name>.text:EUSCI_B_I2C_slavePutData</name>
         <load_address>0x11b1a</load_address>
         <run_address>0x11b1a</run_address>
         <size>0xc</size>
         <input_file_ref idref="fl-b"/>
      </object_component>
      <object_component id="oc-639">
         <name>.text:State_IsIdle</name>
         <load_address>0x11b26</load_address>
         <run_address>0x11b26</run_address>
         <size>0xc</size>
         <input_file_ref idref="fl-7"/>
      </object_component>
      <object_component id="oc-6c0">
         <name>.text:App_GetUptime</name>
         <load_address>0x11b32</load_address>
         <run_address>0x11b32</run_address>
         <size>0xa</size>
         <input_file_ref idref="fl-3"/>
      </object_component>
      <object_component id="oc-63f">
         <name>.text:Cmd_SetTelecommandAcknowledge</name>
         <load_address>0x11b3c</load_address>
         <run_address>0x11b3c</run_address>
         <size>0xa</size>
         <input_file_ref idref="fl-5"/>
      </object_component>
      <object_component id="oc-630">
         <name>.text:EUSCI_B_I2C_slaveGetData</name>
         <load_address>0x11b46</load_address>
         <run_address>0x11b46</run_address>
         <size>0xa</size>
         <input_file_ref idref="fl-b"/>
      </object_component>
      <object_component id="oc-7ef">
         <name>.text:EUSCI_B_I2C_enable</name>
         <load_address>0x11b50</load_address>
         <run_address>0x11b50</run_address>
         <size>0x6</size>
         <input_file_ref idref="fl-b"/>
      </object_component>
      <object_component id="oc-6e7">
         <name>.text:PMM_unlockLPM5</name>
         <load_address>0x11b56</load_address>
         <run_address>0x11b56</run_address>
         <size>0x6</size>
         <input_file_ref idref="fl-d"/>
      </object_component>
      <object_component id="oc-706">
         <name>.text:abort</name>
         <load_address>0x11b5c</load_address>
         <run_address>0x11b5c</run_address>
         <size>0x6</size>
         <input_file_ref idref="fl-8b"/>
      </object_component>
      <object_component id="oc-672">
         <name>.text:_system_pre_init</name>
         <load_address>0x11b62</load_address>
         <run_address>0x11b62</run_address>
         <size>0x4</size>
         <input_file_ref idref="fl-89"/>
      </object_component>
      <object_component id="oc-7af">
         <name>.text:LMT01_Init</name>
         <load_address>0x11b66</load_address>
         <run_address>0x11b66</run_address>
         <size>0x2</size>
         <input_file_ref idref="fl-17"/>
      </object_component>
      <object_component id="oc-84d">
         <name>.text:_system_post_cinit</name>
         <load_address>0x11b68</load_address>
         <run_address>0x11b68</run_address>
         <size>0x2</size>
         <input_file_ref idref="fl-88"/>
      </object_component>
      <object_component id="oc-629">
         <name>.bss:app</name>
         <uninitialized>true</uninitialized>
         <run_address>0x1ee8</run_address>
         <size>0x4</size>
         <input_file_ref idref="fl-3"/>
      </object_component>
      <object_component id="oc-62d">
         <name>.bss</name>
         <uninitialized>true</uninitialized>
         <run_address>0x1ecc</run_address>
         <size>0x6</size>
         <input_file_ref idref="fl-4"/>
      </object_component>
      <object_component id="oc-6d8">
         <name>.bss:systemStatusRegister</name>
         <uninitialized>true</uninitialized>
         <run_address>0x1ee3</run_address>
         <size>0x5</size>
         <input_file_ref idref="fl-5"/>
      </object_component>
      <object_component id="oc-6d5">
         <name>.bss:experimentStatusRegister</name>
         <uninitialized>true</uninitialized>
         <run_address>0x1ede</run_address>
         <size>0x5</size>
         <input_file_ref idref="fl-5"/>
      </object_component>
      <object_component id="oc-6d2">
         <name>.bss:hardwareHealthStatusRegister</name>
         <uninitialized>true</uninitialized>
         <run_address>0x1ec4</run_address>
         <size>0x8</size>
         <input_file_ref idref="fl-5"/>
      </object_component>
      <object_component id="oc-6cf">
         <name>.bss:environmentInformationRegister</name>
         <uninitialized>true</uninitialized>
         <run_address>0x1ebc</run_address>
         <size>0x8</size>
         <input_file_ref idref="fl-5"/>
      </object_component>
      <object_component id="oc-6cc">
         <name>.bss:photoSensorResultsRegister</name>
         <uninitialized>true</uninitialized>
         <run_address>0x1e54</run_address>
         <size>0x38</size>
         <input_file_ref idref="fl-5"/>
      </object_component>
      <object_component id="oc-6b9">
         <name>.bss:telecommandAcknowledgeRegister</name>
         <uninitialized>true</uninitialized>
         <run_address>0x1f00</run_address>
         <size>0x2</size>
         <input_file_ref idref="fl-5"/>
      </object_component>
      <object_component id="oc-6c9">
         <name>.bss</name>
         <uninitialized>true</uninitialized>
         <run_address>0x1ed2</run_address>
         <size>0x6</size>
         <input_file_ref idref="fl-5"/>
      </object_component>
      <object_component id="oc-891">
         <name>.bss:light_sensors</name>
         <uninitialized>true</uninitialized>
         <run_address>0x1c00</run_address>
         <size>0x1a4</size>
         <input_file_ref idref="fl-6"/>
      </object_component>
      <object_component id="oc-87f">
         <name>.bss:wavelength_state</name>
         <uninitialized>true</uninitialized>
         <run_address>0x1ef8</run_address>
         <size>0x4</size>
         <input_file_ref idref="fl-6"/>
      </object_component>
      <object_component id="oc-882">
         <name>.bss:wavelength_descriptors</name>
         <uninitialized>true</uninitialized>
         <run_address>0x1da4</run_address>
         <size>0x78</size>
         <input_file_ref idref="fl-6"/>
      </object_component>
      <object_component id="oc-7ac">
         <name>.bss:wellTemperatureDescriptor</name>
         <uninitialized>true</uninitialized>
         <run_address>0x1efc</run_address>
         <size>0x4</size>
         <input_file_ref idref="fl-7"/>
      </object_component>
      <object_component id="oc-7b5">
         <name>.bss:pumpDescriptor</name>
         <uninitialized>true</uninitialized>
         <run_address>0x1ef0</run_address>
         <size>0x4</size>
         <input_file_ref idref="fl-7"/>
      </object_component>
      <object_component id="oc-7be">
         <name>.bss:bipumpDescriptor</name>
         <uninitialized>true</uninitialized>
         <run_address>0x1eaa</run_address>
         <size>0x12</size>
         <input_file_ref idref="fl-7"/>
      </object_component>
      <object_component id="oc-7c7">
         <name>.bss:valveDescriptor</name>
         <uninitialized>true</uninitialized>
         <run_address>0x1ef4</run_address>
         <size>0x4</size>
         <input_file_ref idref="fl-7"/>
      </object_component>
      <object_component id="oc-7d0">
         <name>.bss:heaterDescriptor</name>
         <uninitialized>true</uninitialized>
         <run_address>0x1eec</run_address>
         <size>0x4</size>
         <input_file_ref idref="fl-7"/>
      </object_component>
      <object_component id="oc-6b0">
         <name>.bss</name>
         <uninitialized>true</uninitialized>
         <run_address>0x1ed8</run_address>
         <size>0x6</size>
         <input_file_ref idref="fl-7"/>
      </object_component>
      <object_component id="oc-6bd">
         <name>.bss:experimentMonitor</name>
         <uninitialized>true</uninitialized>
         <run_address>0x1e8c</run_address>
         <size>0x1e</size>
         <input_file_ref idref="fl-7"/>
      </object_component>
      <object_component id="oc-831">
         <name>.bss:experimentResults</name>
         <uninitialized>true</uninitialized>
         <run_address>0x1e1c</run_address>
         <size>0x38</size>
         <input_file_ref idref="fl-7"/>
      </object_component>
      <object_component id="oc-636">
         <name>.data:commandArgumentBuffer</name>
         <load_address>0x1f02</load_address>
         <run_address>0x1f02</run_address>
         <size>0xff</size>
         <input_file_ref idref="fl-4"/>
      </object_component>
      <object_component id="oc-5ae">
         <name>.stack</name>
         <uninitialized>true</uninitialized>
         <run_address>0x2360</run_address>
         <size>0x4</size>
         <input_file_ref idref="fl-84"/>
      </object_component>
      <object_component id="oc-ab4">
         <name>.stack</name>
         <uninitialized>true</uninitialized>
         <run_address>0x2360</run_address>
         <size>0x0</size>
      </object_component>
      <object_component id="oc-85">
         <name>.int27</name>
         <load_address>0xffc6</load_address>
         <run_address>0xffc6</run_address>
         <size>0x2</size>
         <input_file_ref idref="fl-44"/>
      </object_component>
      <object_component id="oc-86">
         <name>.int28</name>
         <load_address>0xffc8</load_address>
         <run_address>0xffc8</run_address>
         <size>0x2</size>
         <input_file_ref idref="fl-3"/>
      </object_component>
      <object_component id="oc-87">
         <name>.int30</name>
         <load_address>0xffcc</load_address>
         <run_address>0xffcc</run_address>
         <size>0x2</size>
         <input_file_ref idref="fl-46"/>
      </object_component>
      <object_component id="oc-88">
         <name>.int31</name>
         <load_address>0xffce</load_address>
         <run_address>0xffce</run_address>
         <size>0x2</size>
         <input_file_ref idref="fl-47"/>
      </object_component>
      <object_component id="oc-89">
         <name>.int32</name>
         <load_address>0xffd0</load_address>
         <run_address>0xffd0</run_address>
         <size>0x2</size>
         <input_file_ref idref="fl-48"/>
      </object_component>
      <object_component id="oc-8a">
         <name>.int33</name>
         <load_address>0xffd2</load_address>
         <run_address>0xffd2</run_address>
         <size>0x2</size>
         <input_file_ref idref="fl-49"/>
      </object_component>
      <object_component id="oc-8b">
         <name>.int34</name>
         <load_address>0xffd4</load_address>
         <run_address>0xffd4</run_address>
         <size>0x2</size>
         <input_file_ref idref="fl-4a"/>
      </object_component>
      <object_component id="oc-8c">
         <name>.int35</name>
         <load_address>0xffd6</load_address>
         <run_address>0xffd6</run_address>
         <size>0x2</size>
         <input_file_ref idref="fl-4b"/>
      </object_component>
      <object_component id="oc-8d">
         <name>.int36</name>
         <load_address>0xffd8</load_address>
         <run_address>0xffd8</run_address>
         <size>0x2</size>
         <input_file_ref idref="fl-4c"/>
      </object_component>
      <object_component id="oc-8e">
         <name>.int37</name>
         <load_address>0xffda</load_address>
         <run_address>0xffda</run_address>
         <size>0x2</size>
         <input_file_ref idref="fl-4d"/>
      </object_component>
      <object_component id="oc-8f">
         <name>.int38</name>
         <load_address>0xffdc</load_address>
         <run_address>0xffdc</run_address>
         <size>0x2</size>
         <input_file_ref idref="fl-4e"/>
      </object_component>
      <object_component id="oc-90">
         <name>.int39</name>
         <load_address>0xffde</load_address>
         <run_address>0xffde</run_address>
         <size>0x2</size>
         <input_file_ref idref="fl-4f"/>
      </object_component>
      <object_component id="oc-91">
         <name>.int40</name>
         <load_address>0xffe0</load_address>
         <run_address>0xffe0</run_address>
         <size>0x2</size>
         <input_file_ref idref="fl-50"/>
      </object_component>
      <object_component id="oc-92">
         <name>.int41</name>
         <load_address>0xffe2</load_address>
         <run_address>0xffe2</run_address>
         <size>0x2</size>
         <input_file_ref idref="fl-51"/>
      </object_component>
      <object_component id="oc-93">
         <name>.int42</name>
         <load_address>0xffe4</load_address>
         <run_address>0xffe4</run_address>
         <size>0x2</size>
         <input_file_ref idref="fl-52"/>
      </object_component>
      <object_component id="oc-94">
         <name>.int43</name>
         <load_address>0xffe6</load_address>
         <run_address>0xffe6</run_address>
         <size>0x2</size>
         <input_file_ref idref="fl-53"/>
      </object_component>
      <object_component id="oc-95">
         <name>.int44</name>
         <load_address>0xffe8</load_address>
         <run_address>0xffe8</run_address>
         <size>0x2</size>
         <input_file_ref idref="fl-54"/>
      </object_component>
      <object_component id="oc-96">
         <name>.int45</name>
         <load_address>0xffea</load_address>
         <run_address>0xffea</run_address>
         <size>0x2</size>
         <input_file_ref idref="fl-55"/>
      </object_component>
      <object_component id="oc-97">
         <name>.int46</name>
         <load_address>0xffec</load_address>
         <run_address>0xffec</run_address>
         <size>0x2</size>
         <input_file_ref idref="fl-4"/>
      </object_component>
      <object_component id="oc-98">
         <name>.int47</name>
         <load_address>0xffee</load_address>
         <run_address>0xffee</run_address>
         <size>0x2</size>
         <input_file_ref idref="fl-56"/>
      </object_component>
      <object_component id="oc-99">
         <name>.int48</name>
         <load_address>0xfff0</load_address>
         <run_address>0xfff0</run_address>
         <size>0x2</size>
         <input_file_ref idref="fl-57"/>
      </object_component>
      <object_component id="oc-9a">
         <name>.int49</name>
         <load_address>0xfff2</load_address>
         <run_address>0xfff2</run_address>
         <size>0x2</size>
         <input_file_ref idref="fl-58"/>
      </object_component>
      <object_component id="oc-9b">
         <name>.int50</name>
         <load_address>0xfff4</load_address>
         <run_address>0xfff4</run_address>
         <size>0x2</size>
         <input_file_ref idref="fl-59"/>
      </object_component>
      <object_component id="oc-9c">
         <name>.int51</name>
         <load_address>0xfff6</load_address>
         <run_address>0xfff6</run_address>
         <size>0x2</size>
         <input_file_ref idref="fl-5a"/>
      </object_component>
      <object_component id="oc-9d">
         <name>.int52</name>
         <load_address>0xfff8</load_address>
         <run_address>0xfff8</run_address>
         <size>0x2</size>
         <input_file_ref idref="fl-5b"/>
      </object_component>
      <object_component id="oc-9e">
         <name>.int53</name>
         <load_address>0xfffa</load_address>
         <run_address>0xfffa</run_address>
         <size>0x2</size>
         <input_file_ref idref="fl-5c"/>
      </object_component>
      <object_component id="oc-9f">
         <name>.int54</name>
         <load_address>0xfffc</load_address>
         <run_address>0xfffc</run_address>
         <size>0x2</size>
         <input_file_ref idref="fl-5d"/>
      </object_component>
      <object_component id="oc-5b1">
         <name>.reset</name>
         <load_address>0xfffe</load_address>
         <run_address>0xfffe</run_address>
         <size>0x2</size>
         <input_file_ref idref="fl-84"/>
      </object_component>
      <object_component id="oc-86e">
         <name>.debug_info</name>
         <load_address>0x0</load_address>
         <run_address>0x0</run_address>
         <size>0x26c</size>
         <input_file_ref idref="fl-2"/>
      </object_component>
      <object_component id="oc-751">
         <name>.debug_info</name>
         <load_address>0x26c</load_address>
         <run_address>0x26c</run_address>
         <size>0x26b</size>
         <input_file_ref idref="fl-2"/>
      </object_component>
      <object_component id="oc-5b8">
         <name>.debug_info</name>
         <load_address>0x4d7</load_address>
         <run_address>0x4d7</run_address>
         <size>0x84</size>
         <input_file_ref idref="fl-2"/>
      </object_component>
      <object_component id="oc-960">
         <name>.debug_info</name>
         <load_address>0x55b</load_address>
         <run_address>0x55b</run_address>
         <size>0x3d5</size>
         <input_file_ref idref="fl-2"/>
      </object_component>
      <object_component id="oc-756">
         <name>.debug_info</name>
         <load_address>0x930</load_address>
         <run_address>0x930</run_address>
         <size>0x282</size>
         <input_file_ref idref="fl-2"/>
      </object_component>
      <object_component id="oc-9d1">
         <name>.debug_info</name>
         <load_address>0xbb2</load_address>
         <run_address>0xbb2</run_address>
         <size>0xef</size>
         <input_file_ref idref="fl-2"/>
      </object_component>
      <object_component id="oc-6a2">
         <name>.debug_info</name>
         <load_address>0xca1</load_address>
         <run_address>0xca1</run_address>
         <size>0xbb</size>
         <input_file_ref idref="fl-2"/>
      </object_component>
      <object_component id="oc-69f">
         <name>.debug_info</name>
         <load_address>0xd5c</load_address>
         <run_address>0xd5c</run_address>
         <size>0x2f0</size>
         <input_file_ref idref="fl-3"/>
      </object_component>
      <object_component id="oc-62a">
         <name>.debug_info</name>
         <load_address>0x104c</load_address>
         <run_address>0x104c</run_address>
         <size>0xb2</size>
         <input_file_ref idref="fl-3"/>
      </object_component>
      <object_component id="oc-5d0">
         <name>.debug_info</name>
         <load_address>0x10fe</load_address>
         <run_address>0x10fe</run_address>
         <size>0xf8</size>
         <input_file_ref idref="fl-3"/>
      </object_component>
      <object_component id="oc-6ef">
         <name>.debug_info</name>
         <load_address>0x11f6</load_address>
         <run_address>0x11f6</run_address>
         <size>0x1c2</size>
         <input_file_ref idref="fl-3"/>
      </object_component>
      <object_component id="oc-6c2">
         <name>.debug_info</name>
         <load_address>0x13b8</load_address>
         <run_address>0x13b8</run_address>
         <size>0x103</size>
         <input_file_ref idref="fl-3"/>
      </object_component>
      <object_component id="oc-747">
         <name>.debug_info</name>
         <load_address>0x14bb</load_address>
         <run_address>0x14bb</run_address>
         <size>0x4a</size>
         <input_file_ref idref="fl-3"/>
      </object_component>
      <object_component id="oc-74c">
         <name>.debug_info</name>
         <load_address>0x1505</load_address>
         <run_address>0x1505</run_address>
         <size>0x131</size>
         <input_file_ref idref="fl-3"/>
      </object_component>
      <object_component id="oc-75d">
         <name>.debug_info</name>
         <load_address>0x1636</load_address>
         <run_address>0x1636</run_address>
         <size>0xf5</size>
         <input_file_ref idref="fl-3"/>
      </object_component>
      <object_component id="oc-6af">
         <name>.debug_info</name>
         <load_address>0x172b</load_address>
         <run_address>0x172b</run_address>
         <size>0x563</size>
         <input_file_ref idref="fl-4"/>
      </object_component>
      <object_component id="oc-637">
         <name>.debug_info</name>
         <load_address>0x1c8e</load_address>
         <run_address>0x1c8e</run_address>
         <size>0xe2</size>
         <input_file_ref idref="fl-4"/>
      </object_component>
      <object_component id="oc-62e">
         <name>.debug_info</name>
         <load_address>0x1d70</load_address>
         <run_address>0x1d70</run_address>
         <size>0x184</size>
         <input_file_ref idref="fl-4"/>
      </object_component>
      <object_component id="oc-7e7">
         <name>.debug_info</name>
         <load_address>0x1ef4</load_address>
         <run_address>0x1ef4</run_address>
         <size>0xc6</size>
         <input_file_ref idref="fl-4"/>
      </object_component>
      <object_component id="oc-5d7">
         <name>.debug_info</name>
         <load_address>0x1fba</load_address>
         <run_address>0x1fba</run_address>
         <size>0x2c5</size>
         <input_file_ref idref="fl-4"/>
      </object_component>
      <object_component id="oc-6fc">
         <name>.debug_info</name>
         <load_address>0x227f</load_address>
         <run_address>0x227f</run_address>
         <size>0x242</size>
         <input_file_ref idref="fl-4"/>
      </object_component>
      <object_component id="oc-86f">
         <name>.debug_info</name>
         <load_address>0x24c1</load_address>
         <run_address>0x24c1</run_address>
         <size>0x48</size>
         <input_file_ref idref="fl-4"/>
      </object_component>
      <object_component id="oc-6a7">
         <name>.debug_info</name>
         <load_address>0x2509</load_address>
         <run_address>0x2509</run_address>
         <size>0x5a</size>
         <input_file_ref idref="fl-4"/>
      </object_component>
      <object_component id="oc-76b">
         <name>.debug_info</name>
         <load_address>0x2563</load_address>
         <run_address>0x2563</run_address>
         <size>0x1ad</size>
         <input_file_ref idref="fl-4"/>
      </object_component>
      <object_component id="oc-772">
         <name>.debug_info</name>
         <load_address>0x2710</load_address>
         <run_address>0x2710</run_address>
         <size>0x126</size>
         <input_file_ref idref="fl-4"/>
      </object_component>
      <object_component id="oc-6b4">
         <name>.debug_info</name>
         <load_address>0x2836</load_address>
         <run_address>0x2836</run_address>
         <size>0x8b</size>
         <input_file_ref idref="fl-4"/>
      </object_component>
      <object_component id="oc-77a">
         <name>.debug_info</name>
         <load_address>0x28c1</load_address>
         <run_address>0x28c1</run_address>
         <size>0x155</size>
         <input_file_ref idref="fl-5"/>
      </object_component>
      <object_component id="oc-6d9">
         <name>.debug_info</name>
         <load_address>0x2a16</load_address>
         <run_address>0x2a16</run_address>
         <size>0xe1</size>
         <input_file_ref idref="fl-5"/>
      </object_component>
      <object_component id="oc-6d6">
         <name>.debug_info</name>
         <load_address>0x2af7</load_address>
         <run_address>0x2af7</run_address>
         <size>0xe9</size>
         <input_file_ref idref="fl-5"/>
      </object_component>
      <object_component id="oc-6d3">
         <name>.debug_info</name>
         <load_address>0x2be0</load_address>
         <run_address>0x2be0</run_address>
         <size>0xf1</size>
         <input_file_ref idref="fl-5"/>
      </object_component>
      <object_component id="oc-6d0">
         <name>.debug_info</name>
         <load_address>0x2cd1</load_address>
         <run_address>0x2cd1</run_address>
         <size>0xf5</size>
         <input_file_ref idref="fl-5"/>
      </object_component>
      <object_component id="oc-6cd">
         <name>.debug_info</name>
         <load_address>0x2dc6</load_address>
         <run_address>0x2dc6</run_address>
         <size>0xed</size>
         <input_file_ref idref="fl-5"/>
      </object_component>
      <object_component id="oc-6ba">
         <name>.debug_info</name>
         <load_address>0x2eb3</load_address>
         <run_address>0x2eb3</run_address>
         <size>0xf5</size>
         <input_file_ref idref="fl-5"/>
      </object_component>
      <object_component id="oc-6ca">
         <name>.debug_info</name>
         <load_address>0x2fa8</load_address>
         <run_address>0x2fa8</run_address>
         <size>0x169</size>
         <input_file_ref idref="fl-5"/>
      </object_component>
      <object_component id="oc-640">
         <name>.debug_info</name>
         <load_address>0x3111</load_address>
         <run_address>0x3111</run_address>
         <size>0x1a2</size>
         <input_file_ref idref="fl-5"/>
      </object_component>
      <object_component id="oc-821">
         <name>.debug_info</name>
         <load_address>0x32b3</load_address>
         <run_address>0x32b3</run_address>
         <size>0x15f</size>
         <input_file_ref idref="fl-5"/>
      </object_component>
      <object_component id="oc-837">
         <name>.debug_info</name>
         <load_address>0x3412</load_address>
         <run_address>0x3412</run_address>
         <size>0x177</size>
         <input_file_ref idref="fl-5"/>
      </object_component>
      <object_component id="oc-827">
         <name>.debug_info</name>
         <load_address>0x3589</load_address>
         <run_address>0x3589</run_address>
         <size>0x196</size>
         <input_file_ref idref="fl-5"/>
      </object_component>
      <object_component id="oc-82c">
         <name>.debug_info</name>
         <load_address>0x371f</load_address>
         <run_address>0x371f</run_address>
         <size>0x200</size>
         <input_file_ref idref="fl-5"/>
      </object_component>
      <object_component id="oc-659">
         <name>.debug_info</name>
         <load_address>0x391f</load_address>
         <run_address>0x391f</run_address>
         <size>0x17c</size>
         <input_file_ref idref="fl-5"/>
      </object_component>
      <object_component id="oc-660">
         <name>.debug_info</name>
         <load_address>0x3a9b</load_address>
         <run_address>0x3a9b</run_address>
         <size>0x141</size>
         <input_file_ref idref="fl-5"/>
      </object_component>
      <object_component id="oc-96c">
         <name>.debug_info</name>
         <load_address>0x3bdc</load_address>
         <run_address>0x3bdc</run_address>
         <size>0x35c</size>
         <input_file_ref idref="fl-6"/>
      </object_component>
      <object_component id="oc-892">
         <name>.debug_info</name>
         <load_address>0x3f38</load_address>
         <run_address>0x3f38</run_address>
         <size>0xd5</size>
         <input_file_ref idref="fl-6"/>
      </object_component>
      <object_component id="oc-880">
         <name>.debug_info</name>
         <load_address>0x400d</load_address>
         <run_address>0x400d</run_address>
         <size>0xdb</size>
         <input_file_ref idref="fl-6"/>
      </object_component>
      <object_component id="oc-883">
         <name>.debug_info</name>
         <load_address>0x40e8</load_address>
         <run_address>0x40e8</run_address>
         <size>0xe7</size>
         <input_file_ref idref="fl-6"/>
      </object_component>
      <object_component id="oc-8fa">
         <name>.debug_info</name>
         <load_address>0x41cf</load_address>
         <run_address>0x41cf</run_address>
         <size>0x192</size>
         <input_file_ref idref="fl-6"/>
      </object_component>
      <object_component id="oc-904">
         <name>.debug_info</name>
         <load_address>0x4361</load_address>
         <run_address>0x4361</run_address>
         <size>0x1a1</size>
         <input_file_ref idref="fl-6"/>
      </object_component>
      <object_component id="oc-8fe">
         <name>.debug_info</name>
         <load_address>0x4502</load_address>
         <run_address>0x4502</run_address>
         <size>0x1a4</size>
         <input_file_ref idref="fl-6"/>
      </object_component>
      <object_component id="oc-7a7">
         <name>.debug_info</name>
         <load_address>0x46a6</load_address>
         <run_address>0x46a6</run_address>
         <size>0x1fd</size>
         <input_file_ref idref="fl-6"/>
      </object_component>
      <object_component id="oc-764">
         <name>.debug_info</name>
         <load_address>0x48a3</load_address>
         <run_address>0x48a3</run_address>
         <size>0x9e</size>
         <input_file_ref idref="fl-6"/>
      </object_component>
      <object_component id="oc-9c9">
         <name>.debug_info</name>
         <load_address>0x4941</load_address>
         <run_address>0x4941</run_address>
         <size>0xea</size>
         <input_file_ref idref="fl-6"/>
      </object_component>
      <object_component id="oc-92f">
         <name>.debug_info</name>
         <load_address>0x4a2b</load_address>
         <run_address>0x4a2b</run_address>
         <size>0x5ff</size>
         <input_file_ref idref="fl-7"/>
      </object_component>
      <object_component id="oc-7ad">
         <name>.debug_info</name>
         <load_address>0x502a</load_address>
         <run_address>0x502a</run_address>
         <size>0xf0</size>
         <input_file_ref idref="fl-7"/>
      </object_component>
      <object_component id="oc-7b6">
         <name>.debug_info</name>
         <load_address>0x511a</load_address>
         <run_address>0x511a</run_address>
         <size>0xda</size>
         <input_file_ref idref="fl-7"/>
      </object_component>
      <object_component id="oc-7bf">
         <name>.debug_info</name>
         <load_address>0x51f4</load_address>
         <run_address>0x51f4</run_address>
         <size>0xde</size>
         <input_file_ref idref="fl-7"/>
      </object_component>
      <object_component id="oc-7c8">
         <name>.debug_info</name>
         <load_address>0x52d2</load_address>
         <run_address>0x52d2</run_address>
         <size>0xdc</size>
         <input_file_ref idref="fl-7"/>
      </object_component>
      <object_component id="oc-7d1">
         <name>.debug_info</name>
         <load_address>0x53ae</load_address>
         <run_address>0x53ae</run_address>
         <size>0xde</size>
         <input_file_ref idref="fl-7"/>
      </object_component>
      <object_component id="oc-6b1">
         <name>.debug_info</name>
         <load_address>0x548c</load_address>
         <run_address>0x548c</run_address>
         <size>0x136</size>
         <input_file_ref idref="fl-7"/>
      </object_component>
      <object_component id="oc-6be">
         <name>.debug_info</name>
         <load_address>0x55c2</load_address>
         <run_address>0x55c2</run_address>
         <size>0xe0</size>
         <input_file_ref idref="fl-7"/>
      </object_component>
      <object_component id="oc-832">
         <name>.debug_info</name>
         <load_address>0x56a2</load_address>
         <run_address>0x56a2</run_address>
         <size>0xe0</size>
         <input_file_ref idref="fl-7"/>
      </object_component>
      <object_component id="oc-63a">
         <name>.debug_info</name>
         <load_address>0x5782</load_address>
         <run_address>0x5782</run_address>
         <size>0x137</size>
         <input_file_ref idref="fl-7"/>
      </object_component>
      <object_component id="oc-814">
         <name>.debug_info</name>
         <load_address>0x58b9</load_address>
         <run_address>0x58b9</run_address>
         <size>0x1ab</size>
         <input_file_ref idref="fl-7"/>
      </object_component>
      <object_component id="oc-80e">
         <name>.debug_info</name>
         <load_address>0x5a64</load_address>
         <run_address>0x5a64</run_address>
         <size>0x1ea</size>
         <input_file_ref idref="fl-7"/>
      </object_component>
      <object_component id="oc-81a">
[...]
         <value>0x11570</value>
         <object_component_ref idref="oc-78d"/>
      </symbol>
      <symbol id="sm-7be">
         <name>CS_setDCOFreq</name>
         <value>0x10760</value>
         <object_component_ref idref="oc-7da"/>
      </symbol>
      <symbol id="sm-7bf">
         <name>CS_initClockSignal</name>
         <value>0x111a0</value>
         <object_component_ref idref="oc-7e0"/>
      </symbol>
      <symbol id="sm-7ef">
         <name>EUSCI_B_I2C_clearInterrupt</name>
         <value>0x11b02</value>
         <object_component_ref idref="oc-7f5"/>
      </symbol>
      <symbol id="sm-7f0">
         <name>EUSCI_B_I2C_initSlave</name>
         <value>0x11804</value>
         <object_component_ref idref="oc-7e9"/>
      </symbol>
      <symbol id="sm-7f1">
         <name>EUSCI_B_I2C_slaveGetData</name>
         <value>0x11b46</value>
         <object_component_ref idref="oc-630"/>
      </symbol>
      <symbol id="sm-7f2">
         <name>EUSCI_B_I2C_enableInterrupt</name>
         <value>0x11b0e</value>
         <object_component_ref idref="oc-7fb"/>
      </symbol>
      <symbol id="sm-7f3">
         <name>EUSCI_B_I2C_enable</name>
         <value>0x11b50</value>
         <object_component_ref idref="oc-7ef"/>
      </symbol>
      <symbol id="sm-7f4">
         <name>EUSCI_B_I2C_slavePutData</name>
         <value>0x11b1a</value>
         <object_component_ref idref="oc-663"/>
      </symbol>
      <symbol id="sm-82d">
         <name>GPIO_setOutputHighOnPin</name>
         <value>0x119e8</value>
         <object_component_ref idref="oc-987"/>
      </symbol>
      <symbol id="sm-82e">
         <name>GPIO_setAsOutputPin</name>
         <value>0x1168e</value>
         <object_component_ref idref="oc-8ab"/>
      </symbol>
      <symbol id="sm-82f">
         <name>GPIO_setOutputLowOnPin</name>
         <value>0x11a04</value>
         <object_component_ref idref="oc-98d"/>
      </symbol>
      <symbol id="sm-830">
         <name>GPIO_setAsPeripheralModuleFunctionOutputPin</name>
         <value>0x110be</value>
         <object_component_ref idref="oc-8d2"/>
      </symbol>
      <symbol id="sm-831">
         <name>GPIO_setAsPeripheralModuleFunctionInputPin</name>
         <value>0x1104c</value>
         <object_component_ref idref="oc-787"/>
      </symbol>
      <symbol id="sm-83a">
         <name>PMM_unlockLPM5</name>
         <value>0x11b56</value>
         <object_component_ref idref="oc-6e7"/>
      </symbol>
      <symbol id="sm-858">
         <name>RTC_C_startClock</name>
         <value>0x119ca</value>
         <object_component_ref idref="oc-79f"/>
      </symbol>
      <symbol id="sm-859">
         <name>RTC_C_initCalendar</name>
         <value>0x10cec</value>
         <object_component_ref idref="oc-793"/>
      </symbol>
      <symbol id="sm-85a">
         <name>RTC_C_enableInterrupt</name>
         <value>0x11404</value>
         <object_component_ref idref="oc-799"/>
      </symbol>
      <symbol id="sm-89d">
         <name>SWI2C_Read</name>
         <value>0x1044c</value>
         <object_component_ref idref="oc-9dc"/>
      </symbol>
      <symbol id="sm-89e">
         <name>SWI2C_Init</name>
         <value>0x11754</value>
         <object_component_ref idref="oc-96f"/>
      </symbol>
      <symbol id="sm-89f">
         <name>SWI2C_Write</name>
         <value>0x10292</value>
         <object_component_ref idref="oc-975"/>
      </symbol>
      <symbol id="sm-8a9">
         <name>WDT_A_hold</name>
         <value>0x1198c</value>
         <object_component_ref idref="oc-6e1"/>
      </symbol>
      <symbol id="sm-8b3">
         <name>main</name>
         <value>0x11854</value>
         <object_component_ref idref="oc-678"/>
      </symbol>
      <symbol id="sm-8cd">
         <name>Bipump_Forward</name>
         <value>0x114fc</value>
         <object_component_ref idref="oc-90a"/>
      </symbol>
      <symbol id="sm-8ce">
         <name>Bipump_Off</name>
         <value>0x11536</value>
         <object_component_ref idref="oc-8ba"/>
      </symbol>
      <symbol id="sm-8cf">
         <name>Bipump_Init</name>
         <value>0x114c0</value>
         <object_component_ref idref="oc-7c1"/>
      </symbol>
      <symbol id="sm-8dc">
         <name>Heater_Init</name>
         <value>0x1182c</value>
         <object_component_ref idref="oc-7d3"/>
      </symbol>
      <symbol id="sm-8f5">
         <name>LMT01_Init</name>
         <value>0x11b66</value>
         <object_component_ref idref="oc-7af"/>
      </symbol>
      <symbol id="sm-8f6">
         <name>LMT01_Read</name>
         <value>0x117da</value>
         <object_component_ref idref="oc-802"/>
      </symbol>
      <symbol id="sm-910">
         <name>MPQ3326_TurnLEDsOn</name>
         <value>0x11724</value>
         <object_component_ref idref="oc-9aa"/>
      </symbol>
      <symbol id="sm-911">
         <name>MPQ3326_Init</name>
         <value>0x1190a</value>
         <object_component_ref idref="oc-885"/>
      </symbol>
      <symbol id="sm-912">
         <name>MPQ3326_TurnLEDsOff</name>
         <value>0x116f4</value>
         <object_component_ref idref="oc-88b"/>
      </symbol>
      <symbol id="sm-928">
         <name>OPT4003_Init</name>
         <value>0x116c2</value>
         <object_component_ref idref="oc-894"/>
      </symbol>
      <symbol id="sm-929">
         <name>OPT4003_Read</name>
         <value>0x10b26</value>
         <object_component_ref idref="oc-9a2"/>
      </symbol>
      <symbol id="sm-943">
         <name>Pump_On</name>
         <value>0x11aca</value>
         <object_component_ref idref="oc-917"/>
      </symbol>
      <symbol id="sm-944">
         <name>Pump_Off</name>
         <value>0x11abc</value>
         <object_component_ref idref="oc-91d"/>
      </symbol>
      <symbol id="sm-945">
         <name>Pump_Init</name>
         <value>0x11aae</value>
         <object_component_ref idref="oc-7b8"/>
      </symbol>
      <symbol id="sm-95f">
         <name>Valve_Open</name>
         <value>0x11af4</value>
         <object_component_ref idref="oc-911"/>
      </symbol>
      <symbol id="sm-960">
         <name>Valve_Close</name>
         <value>0x11ad8</value>
         <object_component_ref idref="oc-923"/>
      </symbol>
      <symbol id="sm-961">
         <name>Valve_Init</name>
         <value>0x11ae6</value>
         <object_component_ref idref="oc-7ca"/>
      </symbol>
      <symbol id="sm-984">
         <name>__TI_decompress_lzss</name>
         <value>0x10eee</value>
         <object_component_ref idref="oc-79"/>
      </symbol>
      <symbol id="sm-995">
         <name>__TI_decompress_none</name>
         <value>0x11a7c</value>
         <object_component_ref idref="oc-7f"/>
      </symbol>
      <symbol id="sm-998">
         <name>__TI_int27</name>
         <value>0xffc6</value>
         <object_component_ref idref="oc-85"/>
      </symbol>
      <symbol id="sm-9a0">
         <name>__TI_ISR_TRAP</name>
         <value>0x4590</value>
         <object_component_ref idref="oc-5ca"/>
      </symbol>
      <symbol id="sm-9a3">
         <name>__TI_int30</name>
         <value>0xffcc</value>
         <object_component_ref idref="oc-87"/>
      </symbol>
      <symbol id="sm-9a6">
         <name>__TI_int31</name>
         <value>0xffce</value>
         <object_component_ref idref="oc-88"/>
      </symbol>
      <symbol id="sm-9a9">
         <name>__TI_int32</name>
         <value>0xffd0</value>
         <object_component_ref idref="oc-89"/>
      </symbol>
      <symbol id="sm-9ac">
         <name>__TI_int33</name>
         <value>0xffd2</value>
         <object_component_ref idref="oc-8a"/>
      </symbol>
      <symbol id="sm-9af">
         <name>__TI_int34</name>
         <value>0xffd4</value>
         <object_component_ref idref="oc-8b"/>
      </symbol>
      <symbol id="sm-9b2">
         <name>__TI_int35</name>
         <value>0xffd6</value>
         <object_component_ref idref="oc-8c"/>
      </symbol>
      <symbol id="sm-9b5">
         <name>__TI_int36</name>
         <value>0xffd8</value>
         <object_component_ref idref="oc-8d"/>
      </symbol>
      <symbol id="sm-9b8">
         <name>__TI_int37</name>
         <value>0xffda</value>
         <object_component_ref idref="oc-8e"/>
      </symbol>
      <symbol id="sm-9bb">
         <name>__TI_int38</name>
         <value>0xffdc</value>
         <object_component_ref idref="oc-8f"/>
      </symbol>
      <symbol id="sm-9be">
         <name>__TI_int39</name>
         <value>0xffde</value>
         <object_component_ref idref="oc-90"/>
      </symbol>
      <symbol id="sm-9c1">
         <name>__TI_int40</name>
         <value>0xffe0</value>
         <object_component_ref idref="oc-91"/>
      </symbol>
      <symbol id="sm-9c4">
         <name>__TI_int41</name>
         <value>0xffe2</value>
         <object_component_ref idref="oc-92"/>
      </symbol>
      <symbol id="sm-9c7">
         <name>__TI_int42</name>
         <value>0xffe4</value>
         <object_component_ref idref="oc-93"/>
      </symbol>
      <symbol id="sm-9ca">
         <name>__TI_int43</name>
         <value>0xffe6</value>
         <object_component_ref idref="oc-94"/>
      </symbol>
      <symbol id="sm-9cd">
         <name>__TI_int44</name>
         <value>0xffe8</value>
         <object_component_ref idref="oc-95"/>
      </symbol>
      <symbol id="sm-9d0">
         <name>__TI_int45</name>
         <value>0xffea</value>
         <object_component_ref idref="oc-96"/>
      </symbol>
      <symbol id="sm-9d3">
         <name>__TI_int47</name>
         <value>0xffee</value>
         <object_component_ref idref="oc-98"/>
      </symbol>
      <symbol id="sm-9d6">
         <name>__TI_int48</name>
         <value>0xfff0</value>
         <object_component_ref idref="oc-99"/>
      </symbol>
      <symbol id="sm-9d9">
         <name>__TI_int49</name>
         <value>0xfff2</value>
         <object_component_ref idref="oc-9a"/>
      </symbol>
      <symbol id="sm-9dc">
         <name>__TI_int50</name>
         <value>0xfff4</value>
         <object_component_ref idref="oc-9b"/>
      </symbol>
      <symbol id="sm-9df">
         <name>__TI_int51</name>
         <value>0xfff6</value>
         <object_component_ref idref="oc-9c"/>
      </symbol>
      <symbol id="sm-9e2">
         <name>__TI_int52</name>
         <value>0xfff8</value>
         <object_component_ref idref="oc-9d"/>
      </symbol>
      <symbol id="sm-9e5">
         <name>__TI_int53</name>
         <value>0xfffa</value>
         <object_component_ref idref="oc-9e"/>
      </symbol>
      <symbol id="sm-9e8">
         <name>__TI_int54</name>
         <value>0xfffc</value>
         <object_component_ref idref="oc-9f"/>
      </symbol>
      <symbol id="sm-9fb">
         <name>__TI_zero_init_nomemset</name>
         <value>0x118a0</value>
         <object_component_ref idref="oc-5db"/>
      </symbol>
      <symbol id="sm-a19">
         <name>__mspabi_fixdul</name>
         <value>0x1120a</value>
         <object_component_ref idref="oc-9f3"/>
      </symbol>
      <symbol id="sm-a28">
         <name>__mspabi_fixfu</name>
         <value>0x1137e</value>
         <object_component_ref idref="oc-808"/>
      </symbol>
      <symbol id="sm-a36">
         <name>__mspabi_fltuf</name>
         <value>0x118c4</value>
         <object_component_ref idref="oc-8e6"/>
      </symbol>
      <symbol id="sm-a4b">
         <name>__mspabi_fltuld</name>
         <value>0x10df2</value>
         <object_component_ref idref="oc-9e7"/>
      </symbol>
      <symbol id="sm-a70">
         <name>__mspabi_mpyd</name>
         <value>0x10000</value>
         <object_component_ref idref="oc-9ed"/>
      </symbol>
      <symbol id="sm-a7b">
         <name>__TI_frcmpyd</name>
         <value>0x105fc</value>
         <object_component_ref idref="oc-a0b"/>
      </symbol>
      <symbol id="sm-a92">
         <name>__mspabi_mpyf</name>
         <value>0x109d2</value>
         <object_component_ref idref="oc-8eb"/>
      </symbol>
      <symbol id="sm-a9b">
         <name>__mspabi_mpyi_f5hw</name>
         <value>0x11a50</value>
         <object_component_ref idref="oc-952"/>
      </symbol>
      <symbol id="sm-aa6">
         <name>__mspabi_mpyll_f5hw</name>
         <value>0x112ce</value>
         <object_component_ref idref="oc-a28"/>
      </symbol>
      <symbol id="sm-aaf">
         <name>__mspabi_mpyull_f5hw</name>
         <value>0x117ae</value>
         <object_component_ref idref="oc-a2d"/>
      </symbol>
      <symbol id="sm-ac1">
         <name>__mspabi_slll_9</name>
         <value>0x1145c</value>
         <object_component_ref idref="oc-9ff"/>
      </symbol>
      <symbol id="sm-ac2">
         <name>__mspabi_slll_8</name>
         <value>0x11460</value>
         <object_component_ref idref="oc-9ff"/>
      </symbol>
      <symbol id="sm-ac3">
         <name>__mspabi_slll_7</name>
         <value>0x11464</value>
         <object_component_ref idref="oc-9ff"/>
      </symbol>
      <symbol id="sm-ac4">
         <name>__mspabi_slll_6</name>
         <value>0x11468</value>
         <object_component_ref idref="oc-9ff"/>
      </symbol>
      <symbol id="sm-ac5">
         <name>__mspabi_slll_5</name>
         <value>0x1146c</value>
         <object_component_ref idref="oc-9ff"/>
      </symbol>
      <symbol id="sm-ac6">
         <name>__mspabi_slll_4</name>
         <value>0x11470</value>
         <object_component_ref idref="oc-9ff"/>
      </symbol>
      <symbol id="sm-ac7">
         <name>__mspabi_slll_3</name>
         <value>0x11474</value>
         <object_component_ref idref="oc-9ff"/>
      </symbol>
      <symbol id="sm-ac8">
         <name>__mspabi_slll_2</name>
         <value>0x11478</value>
         <object_component_ref idref="oc-9ff"/>
      </symbol>
      <symbol id="sm-ac9">
         <name>__mspabi_slll_1</name>
         <value>0x1147c</value>
         <object_component_ref idref="oc-9ff"/>
      </symbol>
      <symbol id="sm-aca">
         <name>__mspabi_slll</name>
         <value>0x11a8e</value>
         <object_component_ref idref="oc-9e2"/>
      </symbol>
      <symbol id="sm-acb">
         <name>__mspabi_slll_15</name>
         <value>0x11444</value>
         <object_component_ref idref="oc-9ff"/>
      </symbol>
      <symbol id="sm-acc">
         <name>__mspabi_slll_14</name>
         <value>0x11448</value>
         <object_component_ref idref="oc-9ff"/>
      </symbol>
      <symbol id="sm-acd">
         <name>__mspabi_slll_13</name>
         <value>0x1144c</value>
         <object_component_ref idref="oc-9ff"/>
      </symbol>
      <symbol id="sm-ace">
         <name>__mspabi_slll_12</name>
         <value>0x11450</value>
         <object_component_ref idref="oc-9ff"/>
      </symbol>
      <symbol id="sm-acf">
         <name>__mspabi_slll_11</name>
         <value>0x11454</value>
         <object_component_ref idref="oc-9ff"/>
      </symbol>
      <symbol id="sm-ad0">
         <name>__mspabi_slll_10</name>
         <value>0x11458</value>
         <object_component_ref idref="oc-9ff"/>
      </symbol>
      <symbol id="sm-add">
         <name>__mspabi_sllll</name>
         <value>0x115e4</value>
         <object_component_ref idref="oc-a22"/>
      </symbol>
      <symbol id="sm-aef">
         <name>__mspabi_srll_8</name>
         <value>0x1149e</value>
         <object_component_ref idref="oc-a04"/>
      </symbol>
      <symbol id="sm-af0">
         <name>__mspabi_srll_9</name>
         <value>0x1149a</value>
         <object_component_ref idref="oc-a04"/>
      </symbol>
      <symbol id="sm-af1">
         <name>__mspabi_srll_6</name>
         <value>0x114a6</value>
         <object_component_ref idref="oc-a04"/>
      </symbol>
      <symbol id="sm-af2">
         <name>__mspabi_srll_7</name>
         <value>0x114a2</value>
         <object_component_ref idref="oc-a04"/>
      </symbol>
      <symbol id="sm-af3">
         <name>__mspabi_srll_4</name>
         <value>0x114ae</value>
         <object_component_ref idref="oc-a04"/>
      </symbol>
      <symbol id="sm-af4">
         <name>__mspabi_srll_5</name>
         <value>0x114aa</value>
         <object_component_ref idref="oc-a04"/>
      </symbol>
      <symbol id="sm-af5">
         <name>__mspabi_srll_2</name>
         <value>0x114b6</value>
         <object_component_ref idref="oc-a04"/>
      </symbol>
      <symbol id="sm-af6">
         <name>__mspabi_srll_3</name>
         <value>0x114b2</value>
         <object_component_ref idref="oc-a04"/>
      </symbol>
      <symbol id="sm-af7">
         <name>__mspabi_srll_1</name>
         <value>0x114ba</value>
         <object_component_ref idref="oc-a04"/>
      </symbol>
      <symbol id="sm-af8">
         <name>__mspabi_srll_15</name>
         <value>0x11482</value>
         <object_component_ref idref="oc-a04"/>
      </symbol>
      <symbol id="sm-af9">
         <name>__mspabi_srll_14</name>
         <value>0x11486</value>
         <object_component_ref idref="oc-a04"/>
      </symbol>
      <symbol id="sm-afa">
         <name>__mspabi_srll_13</name>
         <value>0x1148a</value>
         <object_component_ref idref="oc-a04"/>
      </symbol>
      <symbol id="sm-afb">
         <name>__mspabi_srll_12</name>
         <value>0x1148e</value>
         <object_component_ref idref="oc-a04"/>
      </symbol>
      <symbol id="sm-afc">
         <name>__mspabi_srll_11</name>
         <value>0x11492</value>
         <object_component_ref idref="oc-a04"/>
      </symbol>
      <symbol id="sm-afd">
         <name>__mspabi_srll_10</name>
         <value>0x11496</value>
         <object_component_ref idref="oc-a04"/>
      </symbol>
      <symbol id="sm-afe">
         <name>__mspabi_srll</name>
         <value>0x11a9e</value>
         <object_component_ref idref="oc-a18"/>
      </symbol>
      <symbol id="sm-b0b">
         <name>__mspabi_srlll</name>
         <value>0x1161e</value>
         <object_component_ref idref="oc-a32"/>
      </symbol>
      <symbol id="sm-b27">
         <name>__mspabi_subf</name>
         <value>0x108a0</value>
         <object_component_ref idref="oc-8f0"/>
      </symbol>
      <symbol id="sm-b28">
         <name>__mspabi_addf</name>
         <value>0x108a6</value>
         <object_component_ref idref="oc-8f0"/>
      </symbol>
      <symbol id="sm-b38">
         <name>_c_int00_noargs_mpu</name>
         <value>0x455a</value>
         <object_component_ref idref="oc-605"/>
      </symbol>
      <symbol id="sm-b39">
         <name>_stack</name>
         <value>0x2360</value>
         <object_component_ref idref="oc-5ae"/>
      </symbol>
      <symbol id="sm-b3a">
         <name>_reset_vector</name>
         <value>0xfffe</value>
         <object_component_ref idref="oc-5b1"/>
      </symbol>
      <symbol id="sm-b43">
         <name>__mpu_init</name>
         <value>0x11782</value>
         <object_component_ref idref="oc-68a"/>
      </symbol>
      <symbol id="sm-b67">
         <name>__TI_auto_init_nobinit_nopinit_hold_wdt</name>
         <value>0x1132a</value>
         <object_component_ref idref="oc-72a"/>
      </symbol>
      <symbol id="sm-b70">
         <name>_system_post_cinit</name>
         <value>0x11b68</value>
         <object_component_ref idref="oc-84d"/>
      </symbol>
      <symbol id="sm-b79">
         <name>_system_pre_init</name>
         <value>0x11b62</value>
         <object_component_ref idref="oc-672"/>
      </symbol>
      <symbol id="sm-b89">
         <name>C$$EXIT</name>
         <value>0x11b5c</value>
         <object_component_ref idref="oc-706"/>
      </symbol>
      <symbol id="sm-b8a">
         <name>abort</name>
         <value>0x11b5c</value>
         <object_component_ref idref="oc-706"/>
      </symbol>
      <symbol id="sm-b9a">
         <name>memcpy</name>
         <value>0x11a68</value>
         <object_component_ref idref="oc-5bd"/>
      </symbol>
   </symbol_table>
   <title>Link successful</title>
</link_info>
