<?xml version="1.0" encoding="ISO-8859-1" ?>
<link_info>
   <banner>MSP430 Linker PC v21.6.1.LTS</banner>
   <copyright>Copyright (c) 2003-2018 Texas Instruments Incorporated</copyright>
   <link_time>0x66020e15</link_time>
   <link_errors>0x0</link_errors>
   <output_file>mroc.out</output_file>
   <entry_point>
      <name>_c_int00_noargs_mpu</name>
      <address>0x45a0</address>
   </entry_point>
   <input_file_list>
      <input_file id="fl-2">
         <path>.\extern\</path>
         <kind>object</kind>
         <file>bme280.obj</file>
         <name>bme280.obj</name>
      </input_file>
      <input_file id="fl-3">
         <path>.\src\app\</path>
         <kind>object</kind>
         <file>app.obj</file>
         <name>app.obj</name>
      </input_file>
      <input_file id="fl-4">
         <path>.\src\app\cmd\</path>
         <kind>object</kind>
         <file>cmd_handler.obj</file>
         <name>cmd_handler.obj</name>
      </input_file>
      <input_file id="fl-5">
         <path>.\src\app\cmd\</path>
         <kind>object</kind>
         <file>cmd_register.obj</file>
         <name>cmd_register.obj</name>
      </input_file>
      <input_file id="fl-6">
         <path>.\src\app\exp\</path>
         <kind>object</kind>
         <file>exp_instrument.obj</file>
         <name>exp_instrument.obj</name>
      </input_file>
      <input_file id="fl-7">
         <path>.\src\app\exp\</path>
         <kind>object</kind>
         <file>exp_state_manager.obj</file>
         <name>exp_state_manager.obj</name>
      </input_file>
      <input_file id="fl-8">
         <path>.\src\app\hk\</path>
         <kind>object</kind>
         <file>hk_condition.obj</file>
         <name>hk_condition.obj</name>
      </input_file>
      <input_file id="fl-9">
         <path>.\src\drivers\</path>
         <kind>object</kind>
         <file>adc12_b.obj</file>
         <name>adc12_b.obj</name>
      </input_file>
      <input_file id="fl-a">
         <path>.\src\drivers\</path>
         <kind>object</kind>
         <file>cs.obj</file>
         <name>cs.obj</name>
      </input_file>
      <input_file id="fl-b">
         <path>.\src\drivers\</path>
         <kind>object</kind>
         <file>eusci_a_spi.obj</file>
         <name>eusci_a_spi.obj</name>
      </input_file>
      <input_file id="fl-c">
         <path>.\src\drivers\</path>
         <kind>object</kind>
         <file>eusci_b_i2c.obj</file>
         <name>eusci_b_i2c.obj</name>
      </input_file>
      <input_file id="fl-d">
         <path>.\src\drivers\</path>
         <kind>object</kind>
         <file>gpio.obj</file>
         <name>gpio.obj</name>
      </input_file>
      <input_file id="fl-e">
         <path>.\src\drivers\</path>
         <kind>object</kind>
         <file>pmm.obj</file>
         <name>pmm.obj</name>
      </input_file>
      <input_file id="fl-f">
         <path>.\src\drivers\</path>
         <kind>object</kind>
         <file>rtc_c.obj</file>
         <name>rtc_c.obj</name>
      </input_file>
      <input_file id="fl-10">
         <path>.\src\drivers\</path>
         <kind>object</kind>
         <file>swi2c.obj</file>
         <name>swi2c.obj</name>
      </input_file>
      <input_file id="fl-11">
         <path>.\src\drivers\</path>
         <kind>object</kind>
         <file>wdt_a.obj</file>
         <name>wdt_a.obj</name>
      </input_file>
      <input_file id="fl-12">
         <path>.\src\</path>
         <kind>object</kind>
         <file>main.obj</file>
         <name>main.obj</name>
      </input_file>
      <input_file id="fl-13">
         <path>.\src\peripherals\</path>
         <kind>object</kind>
         <file>bipump.obj</file>
         <name>bipump.obj</name>
      </input_file>
      <input_file id="fl-14">
         <path>.\src\peripherals\</path>
         <kind>object</kind>
         <file>bme280.obj</file>
         <name>bme280.obj</name>
      </input_file>
      <input_file id="fl-15">
         <path>.\src\peripherals\</path>
         <kind>object</kind>
         <file>heater.obj</file>
         <name>heater.obj</name>
      </input_file>
      <input_file id="fl-16">
         <path>.\src\peripherals\</path>
         <kind>object</kind>
         <file>lmt01.obj</file>
         <name>lmt01.obj</name>
      </input_file>
      <input_file id="fl-17">
         <path>.\src\peripherals\</path>
         <kind>object</kind>
         <file>mpq3326.obj</file>
         <name>mpq3326.obj</name>
      </input_file>
      <input_file id="fl-18">
         <path>.\src\peripherals\</path>
         <kind>object</kind>
         <file>opt4003.obj</file>
         <name>opt4003.obj</name>
      </input_file>
      <input_file id="fl-19">
         <path>.\src\peripherals\</path>
         <kind>object</kind>
         <file>pump.obj</file>
         <name>pump.obj</name>
      </input_file>
      <input_file id="fl-1a">
         <path>.\src\peripherals\</path>
         <kind>object</kind>
         <file>valve.obj</file>
         <name>valve.obj</name>
      </input_file>
      <input_file id="fl-21">
         <kind>object</kind>
         <file>&lt;internal&gt;</file>
         <name>&lt;internal&gt;</name>
      </input_file>
      <input_file id="fl-41">
         <path>C:\ti\ccs1260\ccs\tools\compiler\ti-cgt-msp430_21.6.1.LTS\lib\</path>
         <kind>archive</kind>
         <file>rts430x_lc_rd_eabi.lib</file>
         <name>copy_decompress_lzss.c.obj</name>
      </input_file>
      <input_file id="fl-42">
         <path>C:\ti\ccs1260\ccs\tools\compiler\ti-cgt-msp430_21.6.1.LTS\lib\</path>
         <kind>archive</kind>
         <file>rts430x_lc_rd_eabi.lib</file>
         <name>copy_decompress_none.c.obj</name>
      </input_file>
      <input_file id="fl-43">
         <path>C:\ti\ccs1260\ccs\tools\compiler\ti-cgt-msp430_21.6.1.LTS\lib\</path>
         <kind>archive</kind>
         <file>rts430x_lc_rd_eabi.lib</file>
         <name>int27.asm.obj</name>
      </input_file>
      <input_file id="fl-44">
         <path>C:\ti\ccs1260\ccs\tools\compiler\ti-cgt-msp430_21.6.1.LTS\lib\</path>
         <kind>archive</kind>
         <file>rts430x_lc_rd_eabi.lib</file>
         <name>isr_trap.asm.obj</name>
      </input_file>
      <input_file id="fl-45">
         <path>C:\ti\ccs1260\ccs\tools\compiler\ti-cgt-msp430_21.6.1.LTS\lib\</path>
         <kind>archive</kind>
         <file>rts430x_lc_rd_eabi.lib</file>
         <name>int30.asm.obj</name>
      </input_file>
      <input_file id="fl-46">
         <path>C:\ti\ccs1260\ccs\tools\compiler\ti-cgt-msp430_21.6.1.LTS\lib\</path>
         <kind>archive</kind>
         <file>rts430x_lc_rd_eabi.lib</file>
         <name>int31.asm.obj</name>
      </input_file>
      <input_file id="fl-47">
         <path>C:\ti\ccs1260\ccs\tools\compiler\ti-cgt-msp430_21.6.1.LTS\lib\</path>
         <kind>archive</kind>
         <file>rts430x_lc_rd_eabi.lib</file>
         <name>int32.asm.obj</name>
      </input_file>
      <input_file id="fl-48">
         <path>C:\ti\ccs1260\ccs\tools\compiler\ti-cgt-msp430_21.6.1.LTS\lib\</path>
         <kind>archive</kind>
         <file>rts430x_lc_rd_eabi.lib</file>
         <name>int33.asm.obj</name>
      </input_file>
      <input_file id="fl-49">
         <path>C:\ti\ccs1260\ccs\tools\compiler\ti-cgt-msp430_21.6.1.LTS\lib\</path>
         <kind>archive</kind>
         <file>rts430x_lc_rd_eabi.lib</file>
         <name>int34.asm.obj</name>
      </input_file>
      <input_file id="fl-4a">
         <path>C:\ti\ccs1260\ccs\tools\compiler\ti-cgt-msp430_21.6.1.LTS\lib\</path>
         <kind>archive</kind>
         <file>rts430x_lc_rd_eabi.lib</file>
         <name>int35.asm.obj</name>
      </input_file>
      <input_file id="fl-4b">
         <path>C:\ti\ccs1260\ccs\tools\compiler\ti-cgt-msp430_21.6.1.LTS\lib\</path>
         <kind>archive</kind>
         <file>rts430x_lc_rd_eabi.lib</file>
         <name>int36.asm.obj</name>
      </input_file>
      <input_file id="fl-4c">
         <path>C:\ti\ccs1260\ccs\tools\compiler\ti-cgt-msp430_21.6.1.LTS\lib\</path>
         <kind>archive</kind>
         <file>rts430x_lc_rd_eabi.lib</file>
         <name>int37.asm.obj</name>
      </input_file>
      <input_file id="fl-4d">
         <path>C:\ti\ccs1260\ccs\tools\compiler\ti-cgt-msp430_21.6.1.LTS\lib\</path>
         <kind>archive</kind>
         <file>rts430x_lc_rd_eabi.lib</file>
         <name>int38.asm.obj</name>
      </input_file>
      <input_file id="fl-4e">
         <path>C:\ti\ccs1260\ccs\tools\compiler\ti-cgt-msp430_21.6.1.LTS\lib\</path>
         <kind>archive</kind>
         <file>rts430x_lc_rd_eabi.lib</file>
         <name>int39.asm.obj</name>
      </input_file>
      <input_file id="fl-4f">
         <path>C:\ti\ccs1260\ccs\tools\compiler\ti-cgt-msp430_21.6.1.LTS\lib\</path>
         <kind>archive</kind>
         <file>rts430x_lc_rd_eabi.lib</file>
         <name>int40.asm.obj</name>
      </input_file>
      <input_file id="fl-50">
         <path>C:\ti\ccs1260\ccs\tools\compiler\ti-cgt-msp430_21.6.1.LTS\lib\</path>
         <kind>archive</kind>
         <file>rts430x_lc_rd_eabi.lib</file>
         <name>int41.asm.obj</name>
      </input_file>
      <input_file id="fl-51">
         <path>C:\ti\ccs1260\ccs\tools\compiler\ti-cgt-msp430_21.6.1.LTS\lib\</path>
         <kind>archive</kind>
         <file>rts430x_lc_rd_eabi.lib</file>
         <name>int42.asm.obj</name>
      </input_file>
      <input_file id="fl-52">
         <path>C:\ti\ccs1260\ccs\tools\compiler\ti-cgt-msp430_21.6.1.LTS\lib\</path>
         <kind>archive</kind>
         <file>rts430x_lc_rd_eabi.lib</file>
         <name>int43.asm.obj</name>
      </input_file>
      <input_file id="fl-53">
         <path>C:\ti\ccs1260\ccs\tools\compiler\ti-cgt-msp430_21.6.1.LTS\lib\</path>
         <kind>archive</kind>
         <file>rts430x_lc_rd_eabi.lib</file>
         <name>int44.asm.obj</name>
      </input_file>
      <input_file id="fl-54">
         <path>C:\ti\ccs1260\ccs\tools\compiler\ti-cgt-msp430_21.6.1.LTS\lib\</path>
         <kind>archive</kind>
         <file>rts430x_lc_rd_eabi.lib</file>
         <name>int48.asm.obj</name>
      </input_file>
      <input_file id="fl-55">
         <path>C:\ti\ccs1260\ccs\tools\compiler\ti-cgt-msp430_21.6.1.LTS\lib\</path>
         <kind>archive</kind>
         <file>rts430x_lc_rd_eabi.lib</file>
         <name>int49.asm.obj</name>
      </input_file>
      <input_file id="fl-56">
         <path>C:\ti\ccs1260\ccs\tools\compiler\ti-cgt-msp430_21.6.1.LTS\lib\</path>
         <kind>archive</kind>
         <file>rts430x_lc_rd_eabi.lib</file>
         <name>int50.asm.obj</name>
      </input_file>
      <input_file id="fl-57">
         <path>C:\ti\ccs1260\ccs\tools\compiler\ti-cgt-msp430_21.6.1.LTS\lib\</path>
         <kind>archive</kind>
         <file>rts430x_lc_rd_eabi.lib</file>
         <name>int51.asm.obj</name>
      </input_file>
      <input_file id="fl-58">
         <path>C:\ti\ccs1260\ccs\tools\compiler\ti-cgt-msp430_21.6.1.LTS\lib\</path>
         <kind>archive</kind>
         <file>rts430x_lc_rd_eabi.lib</file>
         <name>int52.asm.obj</name>
      </input_file>
      <input_file id="fl-59">
         <path>C:\ti\ccs1260\ccs\tools\compiler\ti-cgt-msp430_21.6.1.LTS\lib\</path>
         <kind>archive</kind>
         <file>rts430x_lc_rd_eabi.lib</file>
         <name>int53.asm.obj</name>
      </input_file>
      <input_file id="fl-5a">
         <path>C:\ti\ccs1260\ccs\tools\compiler\ti-cgt-msp430_21.6.1.LTS\lib\</path>
         <kind>archive</kind>
         <file>rts430x_lc_rd_eabi.lib</file>
         <name>int54.asm.obj</name>
      </input_file>
      <input_file id="fl-5b">
         <path>C:\ti\ccs1260\ccs\tools\compiler\ti-cgt-msp430_21.6.1.LTS\lib\</path>
         <kind>archive</kind>
         <file>rts430x_lc_rd_eabi.lib</file>
         <name>copy_zero_init.c.obj</name>
      </input_file>
      <input_file id="fl-5c">
         <path>C:\ti\ccs1260\ccs\tools\compiler\ti-cgt-msp430_21.6.1.LTS\lib\</path>
         <kind>archive</kind>
         <file>rts430x_lc_rd_eabi.lib</file>
         <name>addd.c.obj</name>
      </input_file>
      <input_file id="fl-5d">
         <path>C:\ti\ccs1260\ccs\tools\compiler\ti-cgt-msp430_21.6.1.LTS\lib\</path>
         <kind>archive</kind>
         <file>rts430x_lc_rd_eabi.lib</file>
         <name>cmpd.c.obj</name>
      </input_file>
      <input_file id="fl-5e">
         <path>C:\ti\ccs1260\ccs\tools\compiler\ti-cgt-msp430_21.6.1.LTS\lib\</path>
         <kind>archive</kind>
         <file>rts430x_lc_rd_eabi.lib</file>
         <name>divd.c.obj</name>
      </input_file>
      <input_file id="fl-5f">
         <path>C:\ti\ccs1260\ccs\tools\compiler\ti-cgt-msp430_21.6.1.LTS\lib\</path>
         <kind>archive</kind>
         <file>rts430x_lc_rd_eabi.lib</file>
         <name>frcdivd.c.obj</name>
      </input_file>
      <input_file id="fl-60">
         <path>C:\ti\ccs1260\ccs\tools\compiler\ti-cgt-msp430_21.6.1.LTS\lib\</path>
         <kind>archive</kind>
         <file>rts430x_lc_rd_eabi.lib</file>
         <name>div16s.asm.obj</name>
      </input_file>
      <input_file id="fl-61">
         <path>C:\ti\ccs1260\ccs\tools\compiler\ti-cgt-msp430_21.6.1.LTS\lib\</path>
         <kind>archive</kind>
         <file>rts430x_lc_rd_eabi.lib</file>
         <name>div32s.asm.obj</name>
      </input_file>
      <input_file id="fl-62">
         <path>C:\ti\ccs1260\ccs\tools\compiler\ti-cgt-msp430_21.6.1.LTS\lib\</path>
         <kind>archive</kind>
         <file>rts430x_lc_rd_eabi.lib</file>
         <name>div16u.asm.obj</name>
      </input_file>
      <input_file id="fl-63">
         <path>C:\ti\ccs1260\ccs\tools\compiler\ti-cgt-msp430_21.6.1.LTS\lib\</path>
         <kind>archive</kind>
         <file>rts430x_lc_rd_eabi.lib</file>
         <name>div32u.asm.obj</name>
      </input_file>
      <input_file id="fl-64">
         <path>C:\ti\ccs1260\ccs\tools\compiler\ti-cgt-msp430_21.6.1.LTS\lib\</path>
         <kind>archive</kind>
         <file>rts430x_lc_rd_eabi.lib</file>
         <name>fixdli.c.obj</name>
      </input_file>
      <input_file id="fl-65">
         <path>C:\ti\ccs1260\ccs\tools\compiler\ti-cgt-msp430_21.6.1.LTS\lib\</path>
         <kind>archive</kind>
         <file>rts430x_lc_rd_eabi.lib</file>
         <name>fixdul.c.obj</name>
      </input_file>
      <input_file id="fl-66">
         <path>C:\ti\ccs1260\ccs\tools\compiler\ti-cgt-msp430_21.6.1.LTS\lib\</path>
         <kind>archive</kind>
         <file>rts430x_lc_rd_eabi.lib</file>
         <name>fs_tou.asm.obj</name>
      </input_file>
      <input_file id="fl-67">
         <path>C:\ti\ccs1260\ccs\tools\compiler\ti-cgt-msp430_21.6.1.LTS\lib\</path>
         <kind>archive</kind>
         <file>rts430x_lc_rd_eabi.lib</file>
         <name>fltid.c.obj</name>
      </input_file>
      <input_file id="fl-68">
         <path>C:\ti\ccs1260\ccs\tools\compiler\ti-cgt-msp430_21.6.1.LTS\lib\</path>
         <kind>archive</kind>
         <file>rts430x_lc_rd_eabi.lib</file>
         <name>fltlid.c.obj</name>
      </input_file>
      <input_file id="fl-69">
         <path>C:\ti\ccs1260\ccs\tools\compiler\ti-cgt-msp430_21.6.1.LTS\lib\</path>
         <kind>archive</kind>
         <file>rts430x_lc_rd_eabi.lib</file>
         <name>fltud.c.obj</name>
      </input_file>
      <input_file id="fl-6a">
         <path>C:\ti\ccs1260\ccs\tools\compiler\ti-cgt-msp430_21.6.1.LTS\lib\</path>
         <kind>archive</kind>
         <file>rts430x_lc_rd_eabi.lib</file>
         <name>fs_utof.asm.obj</name>
      </input_file>
      <input_file id="fl-6b">
         <path>C:\ti\ccs1260\ccs\tools\compiler\ti-cgt-msp430_21.6.1.LTS\lib\</path>
         <kind>archive</kind>
         <file>rts430x_lc_rd_eabi.lib</file>
         <name>fltuld.c.obj</name>
      </input_file>
      <input_file id="fl-6c">
         <path>C:\ti\ccs1260\ccs\tools\compiler\ti-cgt-msp430_21.6.1.LTS\lib\</path>
         <kind>archive</kind>
         <file>rts430x_lc_rd_eabi.lib</file>
         <name>mpyd.c.obj</name>
      </input_file>
      <input_file id="fl-6d">
         <path>C:\ti\ccs1260\ccs\tools\compiler\ti-cgt-msp430_21.6.1.LTS\lib\</path>
         <kind>archive</kind>
         <file>rts430x_lc_rd_eabi.lib</file>
         <name>frcmpyd.c.obj</name>
      </input_file>
      <input_file id="fl-6e">
         <path>C:\ti\ccs1260\ccs\tools\compiler\ti-cgt-msp430_21.6.1.LTS\lib\</path>
         <kind>archive</kind>
         <file>rts430x_lc_rd_eabi.lib</file>
         <name>fs_mpy.asm.obj</name>
      </input_file>
      <input_file id="fl-6f">
         <path>C:\ti\ccs1260\ccs\tools\compiler\ti-cgt-msp430_21.6.1.LTS\lib\</path>
         <kind>archive</kind>
         <file>rts430x_lc_rd_eabi.lib</file>
         <name>mult16.asm.obj</name>
      </input_file>
      <input_file id="fl-70">
         <path>C:\ti\ccs1260\ccs\tools\compiler\ti-cgt-msp430_21.6.1.LTS\lib\</path>
         <kind>archive</kind>
         <file>rts430x_lc_rd_eabi.lib</file>
         <name>mult16_f5hw.asm.obj</name>
      </input_file>
      <input_file id="fl-71">
         <path>C:\ti\ccs1260\ccs\tools\compiler\ti-cgt-msp430_21.6.1.LTS\lib\</path>
         <kind>archive</kind>
         <file>rts430x_lc_rd_eabi.lib</file>
         <name>mult32.asm.obj</name>
      </input_file>
      <input_file id="fl-72">
         <path>C:\ti\ccs1260\ccs\tools\compiler\ti-cgt-msp430_21.6.1.LTS\lib\</path>
         <kind>archive</kind>
         <file>rts430x_lc_rd_eabi.lib</file>
         <name>mult32_f5hw.asm.obj</name>
      </input_file>
      <input_file id="fl-73">
         <path>C:\ti\ccs1260\ccs\tools\compiler\ti-cgt-msp430_21.6.1.LTS\lib\</path>
         <kind>archive</kind>
         <file>rts430x_lc_rd_eabi.lib</file>
         <name>mult64.asm.obj</name>
      </input_file>
      <input_file id="fl-74">
         <path>C:\ti\ccs1260\ccs\tools\compiler\ti-cgt-msp430_21.6.1.LTS\lib\</path>
         <kind>archive</kind>
         <file>rts430x_lc_rd_eabi.lib</file>
         <name>mult64_f5hw.asm.obj</name>
      </input_file>
      <input_file id="fl-75">
         <path>C:\ti\ccs1260\ccs\tools\compiler\ti-cgt-msp430_21.6.1.LTS\lib\</path>
         <kind>archive</kind>
         <file>rts430x_lc_rd_eabi.lib</file>
         <name>mult1632_f5hw.asm.obj</name>
      </input_file>
      <input_file id="fl-76">
         <path>C:\ti\ccs1260\ccs\tools\compiler\ti-cgt-msp430_21.6.1.LTS\lib\</path>
         <kind>archive</kind>
         <file>rts430x_lc_rd_eabi.lib</file>
         <name>mult3264_f5hw.asm.obj</name>
      </input_file>
      <input_file id="fl-77">
         <path>C:\ti\ccs1260\ccs\tools\compiler\ti-cgt-msp430_21.6.1.LTS\lib\</path>
         <kind>archive</kind>
         <file>rts430x_lc_rd_eabi.lib</file>
         <name>mult1632.asm.obj</name>
      </input_file>
      <input_file id="fl-78">
         <path>C:\ti\ccs1260\ccs\tools\compiler\ti-cgt-msp430_21.6.1.LTS\lib\</path>
         <kind>archive</kind>
         <file>rts430x_lc_rd_eabi.lib</file>
         <name>mult3264.asm.obj</name>
      </input_file>
      <input_file id="fl-79">
         <path>C:\ti\ccs1260\ccs\tools\compiler\ti-cgt-msp430_21.6.1.LTS\lib\</path>
         <kind>archive</kind>
         <file>rts430x_lc_rd_eabi.lib</file>
         <name>lsl32.asm.obj</name>
      </input_file>
      <input_file id="fl-7a">
         <path>C:\ti\ccs1260\ccs\tools\compiler\ti-cgt-msp430_21.6.1.LTS\lib\</path>
         <kind>archive</kind>
         <file>rts430x_lc_rd_eabi.lib</file>
         <name>lsl64.c.obj</name>
      </input_file>
      <input_file id="fl-7b">
         <path>C:\ti\ccs1260\ccs\tools\compiler\ti-cgt-msp430_21.6.1.LTS\lib\</path>
         <kind>archive</kind>
         <file>rts430x_lc_rd_eabi.lib</file>
         <name>asr32.asm.obj</name>
      </input_file>
      <input_file id="fl-7c">
         <path>C:\ti\ccs1260\ccs\tools\compiler\ti-cgt-msp430_21.6.1.LTS\lib\</path>
         <kind>archive</kind>
         <file>rts430x_lc_rd_eabi.lib</file>
         <name>asr64.c.obj</name>
      </input_file>
      <input_file id="fl-7d">
         <path>C:\ti\ccs1260\ccs\tools\compiler\ti-cgt-msp430_21.6.1.LTS\lib\</path>
         <kind>archive</kind>
         <file>rts430x_lc_rd_eabi.lib</file>
         <name>lsr32.asm.obj</name>
      </input_file>
      <input_file id="fl-7e">
         <path>C:\ti\ccs1260\ccs\tools\compiler\ti-cgt-msp430_21.6.1.LTS\lib\</path>
         <kind>archive</kind>
         <file>rts430x_lc_rd_eabi.lib</file>
         <name>lsr64.c.obj</name>
      </input_file>
      <input_file id="fl-7f">
         <path>C:\ti\ccs1260\ccs\tools\compiler\ti-cgt-msp430_21.6.1.LTS\lib\</path>
         <kind>archive</kind>
         <file>rts430x_lc_rd_eabi.lib</file>
         <name>subd.c.obj</name>
      </input_file>
      <input_file id="fl-80">
         <path>C:\ti\ccs1260\ccs\tools\compiler\ti-cgt-msp430_21.6.1.LTS\lib\</path>
         <kind>archive</kind>
         <file>rts430x_lc_rd_eabi.lib</file>
         <name>fs_add.asm.obj</name>
      </input_file>
      <input_file id="fl-81">
         <path>C:\ti\ccs1260\ccs\tools\compiler\ti-cgt-msp430_21.6.1.LTS\lib\</path>
         <kind>archive</kind>
         <file>rts430x_lc_rd_eabi.lib</file>
         <name>boot.c.obj</name>
      </input_file>
      <input_file id="fl-82">
         <path>C:\ti\ccs1260\ccs\ccs_base\msp430\lib\FR59xx\</path>
         <kind>archive</kind>
         <file>MSPMPU_INIT_LIB_CCS_msp430_large_code_restricted_data.lib</file>
         <name>mpu_init.o</name>
      </input_file>
      <input_file id="fl-83">
         <path>C:\ti\ccs1260\ccs\tools\compiler\ti-cgt-msp430_21.6.1.LTS\lib\</path>
         <kind>archive</kind>
         <file>rts430x_lc_rd_eabi.lib</file>
         <name>args_main.c.obj</name>
      </input_file>
      <input_file id="fl-84">
         <path>C:\ti\ccs1260\ccs\tools\compiler\ti-cgt-msp430_21.6.1.LTS\lib\</path>
         <kind>archive</kind>
         <file>rts430x_lc_rd_eabi.lib</file>
         <name>autoinit.c.obj</name>
      </input_file>
      <input_file id="fl-85">
         <path>C:\ti\ccs1260\ccs\tools\compiler\ti-cgt-msp430_21.6.1.LTS\lib\</path>
         <kind>archive</kind>
         <file>rts430x_lc_rd_eabi.lib</file>
         <name>startup.c.obj</name>
      </input_file>
      <input_file id="fl-86">
         <path>C:\ti\ccs1260\ccs\tools\compiler\ti-cgt-msp430_21.6.1.LTS\lib\</path>
         <kind>archive</kind>
         <file>rts430x_lc_rd_eabi.lib</file>
         <name>pre_init.c.obj</name>
      </input_file>
      <input_file id="fl-87">
         <path>C:\ti\ccs1260\ccs\tools\compiler\ti-cgt-msp430_21.6.1.LTS\lib\</path>
         <kind>archive</kind>
         <file>rts430x_lc_rd_eabi.lib</file>
         <name>cpy_tbl.c.obj</name>
      </input_file>
      <input_file id="fl-88">
         <path>C:\ti\ccs1260\ccs\tools\compiler\ti-cgt-msp430_21.6.1.LTS\lib\</path>
         <kind>archive</kind>
         <file>rts430x_lc_rd_eabi.lib</file>
         <name>exit.c.obj</name>
      </input_file>
      <input_file id="fl-89">
         <path>C:\ti\ccs1260\ccs\tools\compiler\ti-cgt-msp430_21.6.1.LTS\lib\</path>
         <kind>archive</kind>
         <file>rts430x_lc_rd_eabi.lib</file>
         <name>exit_gvars.c.obj</name>
      </input_file>
      <input_file id="fl-8a">
         <path>C:\ti\ccs1260\ccs\tools\compiler\ti-cgt-msp430_21.6.1.LTS\lib\</path>
         <kind>archive</kind>
         <file>rts430x_lc_rd_eabi.lib</file>
         <name>_lock.c.obj</name>
      </input_file>
      <input_file id="fl-8b">
         <path>C:\ti\ccs1260\ccs\tools\compiler\ti-cgt-msp430_21.6.1.LTS\lib\</path>
         <kind>archive</kind>
         <file>rts430x_lc_rd_eabi.lib</file>
         <name>memcpy.c.obj</name>
      </input_file>
      <input_file id="fl-8c">
         <path>C:\ti\ccs1260\ccs\tools\compiler\ti-cgt-msp430_21.6.1.LTS\lib\</path>
         <kind>archive</kind>
         <file>rts430x_lc_rd_eabi.lib</file>
         <name>memset.c.obj</name>
      </input_file>
   </input_file_list>
   <object_component_list>
      <object_component id="oc-b39">
         <name>__TI_handler_table</name>
         <load_address>0x4634</load_address>
         <run_address>0x4634</run_address>
         <size>0xc</size>
      </object_component>
      <object_component id="oc-b3c">
         <name>.cinit..data.load</name>
         <load_address>0x4640</load_address>
         <run_address>0x4640</run_address>
         <size>0x9</size>
      </object_component>
      <object_component id="oc-b3b">
         <name>.cinit..bss.load</name>
         <load_address>0x464a</load_address>
         <run_address>0x464a</run_address>
         <size>0x6</size>
      </object_component>
      <object_component id="oc-b3a">
         <name>__TI_cinit_table</name>
         <load_address>0x4650</load_address>
         <run_address>0x4650</run_address>
         <size>0x10</size>
      </object_component>
      <object_component id="oc-ac9">
         <name>.binit</name>
         <load_address>0x4400</load_address>
         <run_address>0x4400</run_address>
         <size>0x0</size>
      </object_component>
      <object_component id="oc-8b2">
         <name>.const:GPIO_PORT_TO_BASE</name>
         <load_address>0x45e8</load_address>
         <run_address>0x45e8</run_address>
         <size>0x1c</size>
         <input_file_ref idref="fl-d"/>
      </object_component>
      <object_component id="oc-924">
         <name>.const:$P$T0$1</name>
         <load_address>0x4604</load_address>
         <run_address>0x4604</run_address>
         <size>0xa</size>
         <input_file_ref idref="fl-8"/>
      </object_component>
      <object_component id="oc-939">
         <name>.const:$P$T1$2</name>
         <load_address>0x460e</load_address>
         <run_address>0x460e</run_address>
         <size>0xa</size>
         <input_file_ref idref="fl-8"/>
      </object_component>
      <object_component id="oc-93c">
         <name>.const:$P$T2$3</name>
         <load_address>0x4618</load_address>
         <run_address>0x4618</run_address>
         <size>0xa</size>
         <input_file_ref idref="fl-8"/>
      </object_component>
      <object_component id="oc-93f">
         <name>.const:$P$T3$4</name>
         <load_address>0x4622</load_address>
         <run_address>0x4622</run_address>
         <size>0xa</size>
         <input_file_ref idref="fl-8"/>
      </object_component>
      <object_component id="oc-816">
         <name>.const:$P$T0$1</name>
         <load_address>0x462c</load_address>
         <run_address>0x462c</run_address>
         <size>0x6</size>
         <input_file_ref idref="fl-4"/>
      </object_component>
      <object_component id="oc-966">
         <name>.const</name>
         <load_address>0x4632</load_address>
         <run_address>0x4632</run_address>
         <size>0x2</size>
         <input_file_ref idref="fl-16"/>
      </object_component>
      <object_component id="oc-5db">
         <name>.text:_isr:USCIB0_ISR</name>
         <load_address>0x4400</load_address>
         <run_address>0x4400</run_address>
         <size>0x15a</size>
         <input_file_ref idref="fl-4"/>
      </object_component>
      <object_component id="oc-5d5">
         <name>.text:_isr:ADC12_ISR</name>
         <load_address>0x455a</load_address>
         <run_address>0x455a</run_address>
         <size>0x46</size>
         <input_file_ref idref="fl-8"/>
      </object_component>
      <object_component id="oc-611">
         <name>.text:_isr:_c_int00_noargs_mpu</name>
         <load_address>0x45a0</load_address>
         <run_address>0x45a0</run_address>
         <size>0x20</size>
         <input_file_ref idref="fl-81"/>
      </object_component>
      <object_component id="oc-5cf">
         <name>.text:_isr:RTC_C_ISR</name>
         <load_address>0x45c0</load_address>
         <run_address>0x45c0</run_address>
         <size>0x16</size>
         <input_file_ref idref="fl-3"/>
      </object_component>
      <object_component id="oc-5e1">
         <name>.text:_isr:USCI_A0_ISR</name>
         <load_address>0x45d6</load_address>
         <run_address>0x45d6</run_address>
         <size>0xa</size>
         <input_file_ref idref="fl-14"/>
      </object_component>
      <object_component id="oc-5ca">
         <name>.text:_isr:__TI_ISR_TRAP</name>
         <load_address>0x45e0</load_address>
         <run_address>0x45e0</run_address>
         <size>0x8</size>
         <input_file_ref idref="fl-44"/>
      </object_component>
      <object_component id="oc-7cd">
         <name>.text:Exp_InstrumentInit</name>
         <load_address>0x10000</load_address>
         <run_address>0x10000</run_address>
         <size>0x6e6</size>
         <input_file_ref idref="fl-6"/>
      </object_component>
      <object_component id="oc-a76">
         <name>.text:__mspabi_mpyd</name>
         <load_address>0x106e6</load_address>
         <run_address>0x106e6</run_address>
         <size>0x292</size>
         <input_file_ref idref="fl-6c"/>
      </object_component>
      <object_component id="oc-9ec">
         <name>.text:SWI2C_Write</name>
         <load_address>0x10978</load_address>
         <run_address>0x10978</run_address>
         <size>0x1e6</size>
         <input_file_ref idref="fl-10"/>
      </object_component>
      <object_component id="oc-a65">
         <name>.text:SWI2C_Read</name>
         <load_address>0x10b5e</load_address>
         <run_address>0x10b5e</run_address>
         <size>0x1dc</size>
         <input_file_ref idref="fl-10"/>
      </object_component>
      <object_component id="oc-a94">
         <name>.text:__TI_frcmpyd</name>
         <load_address>0x10d3a</load_address>
         <run_address>0x10d3a</run_address>
         <size>0x164</size>
         <input_file_ref idref="fl-6d"/>
      </object_component>
      <object_component id="oc-803">
         <name>.text:HK_ConditionInit</name>
         <load_address>0x10e9e</load_address>
         <run_address>0x10e9e</run_address>
         <size>0x14a</size>
         <input_file_ref idref="fl-8"/>
      </object_component>
      <object_component id="oc-80a">
         <name>.text:CS_setDCOFreq</name>
         <load_address>0x10fe8</load_address>
         <run_address>0x10fe8</run_address>
         <size>0x140</size>
         <input_file_ref idref="fl-a"/>
      </object_component>
      <object_component id="oc-973">
         <name>.text</name>
         <load_address>0x11128</load_address>
         <run_address>0x11128</run_address>
         <size>0x132</size>
         <input_file_ref idref="fl-80"/>
      </object_component>
      <object_component id="oc-96e">
         <name>.text</name>
         <load_address>0x1125a</load_address>
         <run_address>0x1125a</run_address>
         <size>0xb8</size>
         <input_file_ref idref="fl-6e"/>
      </object_component>
      <object_component id="oc-70e">
         <name>.text:Exp_Init</name>
         <load_address>0x11312</load_address>
         <run_address>0x11312</run_address>
         <size>0xa8</size>
         <input_file_ref idref="fl-7"/>
      </object_component>
      <object_component id="oc-a2b">
         <name>.text:OPT4003_Read</name>
         <load_address>0x113ba</load_address>
         <run_address>0x113ba</run_address>
         <size>0x9c</size>
         <input_file_ref idref="fl-18"/>
      </object_component>
      <object_component id="oc-927">
         <name>.text:ADC12_B_init</name>
         <load_address>0x11456</load_address>
         <run_address>0x11456</run_address>
         <size>0x98</size>
         <input_file_ref idref="fl-9"/>
      </object_component>
      <object_component id="oc-714">
         <name>.text:Cmd_Init</name>
         <load_address>0x114ee</load_address>
         <run_address>0x114ee</run_address>
         <size>0x92</size>
         <input_file_ref idref="fl-4"/>
      </object_component>
      <object_component id="oc-855">
         <name>.text:State_HandleActivation</name>
         <load_address>0x11580</load_address>
         <run_address>0x11580</run_address>
         <size>0x8c</size>
         <input_file_ref idref="fl-7"/>
      </object_component>
      <object_component id="oc-71a">
         <name>.text:Exp_Update</name>
         <load_address>0x1160c</load_address>
         <run_address>0x1160c</run_address>
         <size>0x88</size>
         <input_file_ref idref="fl-7"/>
      </object_component>
      <object_component id="oc-7ba">
         <name>.text:RTC_C_initCalendar</name>
         <load_address>0x11694</load_address>
         <run_address>0x11694</run_address>
         <size>0x86</size>
         <input_file_ref idref="fl-f"/>
      </object_component>
      <object_component id="oc-66d">
         <name>.text:Cmd_RequestTelemetryFrame</name>
         <load_address>0x1171a</load_address>
         <run_address>0x1171a</run_address>
         <size>0x80</size>
         <input_file_ref idref="fl-5"/>
      </object_component>
      <object_component id="oc-a70">
         <name>.text:__mspabi_fltuld</name>
         <load_address>0x1179a</load_address>
         <run_address>0x1179a</run_address>
         <size>0x80</size>
         <input_file_ref idref="fl-6b"/>
      </object_component>
      <object_component id="oc-79">
         <name>.text:decompress:lzss:__TI_decompress_lzss</name>
         <load_address>0x1181a</load_address>
         <run_address>0x1181a</run_address>
         <size>0x76</size>
         <input_file_ref idref="fl-41"/>
      </object_component>
      <object_component id="oc-708">
         <name>.text:App_Init</name>
         <load_address>0x11890</load_address>
         <run_address>0x11890</run_address>
         <size>0x74</size>
         <input_file_ref idref="fl-3"/>
      </object_component>
      <object_component id="oc-7ae">
         <name>.text:GPIO_setAsPeripheralModuleFunctionInputPin</name>
         <load_address>0x11904</load_address>
         <run_address>0x11904</run_address>
         <size>0x72</size>
         <input_file_ref idref="fl-d"/>
      </object_component>
      <object_component id="oc-91a">
         <name>.text:GPIO_setAsPeripheralModuleFunctionOutputPin</name>
         <load_address>0x11976</load_address>
         <run_address>0x11976</run_address>
         <size>0x72</size>
         <input_file_ref idref="fl-d"/>
      </object_component>
      <object_component id="oc-84f">
         <name>.text:State_HandlePreparation</name>
         <load_address>0x119e8</load_address>
         <run_address>0x119e8</run_address>
         <size>0x70</size>
         <input_file_ref idref="fl-7"/>
      </object_component>
      <object_component id="oc-810">
         <name>.text:CS_initClockSignal</name>
         <load_address>0x11a58</load_address>
         <run_address>0x11a58</run_address>
         <size>0x6a</size>
         <input_file_ref idref="fl-a"/>
      </object_component>
      <object_component id="oc-a7c">
         <name>.text:__mspabi_fixdul</name>
         <load_address>0x11ac2</load_address>
         <run_address>0x11ac2</run_address>
         <size>0x68</size>
         <input_file_ref idref="fl-65"/>
      </object_component>
      <object_component id="oc-849">
         <name>.text:State_HandleInduction</name>
         <load_address>0x11b2a</load_address>
         <run_address>0x11b2a</run_address>
         <size>0x5c</size>
         <input_file_ref idref="fl-7"/>
      </object_component>
      <object_component id="oc-ab1">
         <name>.text:__mpyll</name>
         <load_address>0x11b86</load_address>
         <run_address>0x11b86</run_address>
         <size>0x5c</size>
         <input_file_ref idref="fl-74"/>
      </object_component>
      <object_component id="oc-745">
         <name>.text:__TI_auto_init_nobinit_nopinit_hold_wdt:__TI_auto_init_nobinit_nopinit_hold_wdt</name>
         <load_address>0x11be2</load_address>
         <run_address>0x11be2</run_address>
         <size>0x54</size>
         <input_file_ref idref="fl-84"/>
      </object_component>
      <object_component id="oc-942">
         <name>.text:ADC12_B_configureMemory</name>
         <load_address>0x11c36</load_address>
         <run_address>0x11c36</run_address>
         <size>0x50</size>
         <input_file_ref idref="fl-9"/>
      </object_component>
      <object_component id="oc-844">
         <name>.text</name>
         <load_address>0x11c86</load_address>
         <run_address>0x11c86</run_address>
         <size>0x46</size>
         <input_file_ref idref="fl-66"/>
      </object_component>
      <object_component id="oc-870">
         <name>.text:Cmd_SetPhotosensorResults</name>
         <load_address>0x11ccc</load_address>
         <run_address>0x11ccc</run_address>
         <size>0x40</size>
         <input_file_ref idref="fl-5"/>
      </object_component>
      <object_component id="oc-7c0">
         <name>.text:RTC_C_enableInterrupt</name>
         <load_address>0x11d0c</load_address>
         <run_address>0x11d0c</run_address>
         <size>0x40</size>
         <input_file_ref idref="fl-f"/>
      </object_component>
      <object_component id="oc-95e">
         <name>.text:ADC12_B_startConversion</name>
         <load_address>0x11d4c</load_address>
         <run_address>0x11d4c</run_address>
         <size>0x3e</size>
         <input_file_ref idref="fl-9"/>
      </object_component>
      <object_component id="oc-a88">
         <name>.text:l_lsl_const</name>
         <load_address>0x11d8a</load_address>
         <run_address>0x11d8a</run_address>
         <size>0x3e</size>
         <input_file_ref idref="fl-79"/>
      </object_component>
      <object_component id="oc-a8d">
         <name>.text:l_lsr_const</name>
         <load_address>0x11dc8</load_address>
         <run_address>0x11dc8</run_address>
         <size>0x3e</size>
         <input_file_ref idref="fl-7d"/>
      </object_component>
      <object_component id="oc-7e8">
         <name>.text:Bipump_Init</name>
         <load_address>0x11e06</load_address>
         <run_address>0x11e06</run_address>
         <size>0x3c</size>
         <input_file_ref idref="fl-13"/>
      </object_component>
      <object_component id="oc-98d">
         <name>.text:Bipump_Forward</name>
         <load_address>0x11e42</load_address>
         <run_address>0x11e42</run_address>
         <size>0x3a</size>
         <input_file_ref idref="fl-13"/>
      </object_component>
      <object_component id="oc-8fc">
         <name>.text:Bipump_Off</name>
         <load_address>0x11e7c</load_address>
         <run_address>0x11e7c</run_address>
         <size>0x3a</size>
         <input_file_ref idref="fl-13"/>
      </object_component>
      <object_component id="oc-7b4">
         <name>.text:CS_turnOnLFXT</name>
         <load_address>0x11eb6</load_address>
         <run_address>0x11eb6</run_address>
         <size>0x3a</size>
         <input_file_ref idref="fl-a"/>
      </object_component>
      <object_component id="oc-867">
         <name>.text:Cmd_SetEnvironmentInformationRegister</name>
         <load_address>0x11ef0</load_address>
         <run_address>0x11ef0</run_address>
         <size>0x3a</size>
         <input_file_ref idref="fl-5"/>
      </object_component>
      <object_component id="oc-aab">
         <name>.text:__mspabi_sllll</name>
         <load_address>0x11f2a</load_address>
         <run_address>0x11f2a</run_address>
         <size>0x3a</size>
         <input_file_ref idref="fl-7a"/>
      </object_component>
      <object_component id="oc-abb">
         <name>.text:__mspabi_srlll</name>
         <load_address>0x11f64</load_address>
         <run_address>0x11f64</run_address>
         <size>0x3a</size>
         <input_file_ref idref="fl-7e"/>
      </object_component>
      <object_component id="oc-97a">
         <name>.text:Exp_InstrumentRead</name>
         <load_address>0x11f9e</load_address>
         <run_address>0x11f9e</run_address>
         <size>0x36</size>
         <input_file_ref idref="fl-6"/>
      </object_component>
      <object_component id="oc-8e7">
         <name>.text:GPIO_setAsOutputPin</name>
         <load_address>0x11fd4</load_address>
         <run_address>0x11fd4</run_address>
         <size>0x34</size>
         <input_file_ref idref="fl-d"/>
      </object_component>
      <object_component id="oc-8d0">
         <name>.text:OPT4003_Init</name>
         <load_address>0x12008</load_address>
         <run_address>0x12008</run_address>
         <size>0x32</size>
         <input_file_ref idref="fl-18"/>
      </object_component>
      <object_component id="oc-8c7">
         <name>.text:MPQ3326_TurnLEDsOff</name>
         <load_address>0x1203a</load_address>
         <run_address>0x1203a</run_address>
         <size>0x30</size>
         <input_file_ref idref="fl-17"/>
      </object_component>
      <object_component id="oc-a33">
         <name>.text:MPQ3326_TurnLEDsOn</name>
         <load_address>0x1206a</load_address>
         <run_address>0x1206a</run_address>
         <size>0x30</size>
         <input_file_ref idref="fl-17"/>
      </object_component>
      <object_component id="oc-9e6">
         <name>.text:SWI2C_Init</name>
         <load_address>0x1209a</load_address>
         <run_address>0x1209a</run_address>
         <size>0x2e</size>
         <input_file_ref idref="fl-10"/>
      </object_component>
      <object_component id="oc-6a1">
         <name>.text:__mpu_init</name>
         <load_address>0x120c8</load_address>
         <run_address>0x120c8</run_address>
         <size>0x2c</size>
         <input_file_ref idref="fl-82"/>
      </object_component>
      <object_component id="oc-ab6">
         <name>.text:__mpyull</name>
         <load_address>0x120f4</load_address>
         <run_address>0x120f4</run_address>
         <size>0x2c</size>
         <input_file_ref idref="fl-76"/>
      </object_component>
      <object_component id="oc-83e">
         <name>.text:LMT01_Read</name>
         <load_address>0x12120</load_address>
         <run_address>0x12120</run_address>
         <size>0x2a</size>
         <input_file_ref idref="fl-16"/>
      </object_component>
      <object_component id="oc-819">
         <name>.text:EUSCI_B_I2C_initSlave</name>
         <load_address>0x1214a</load_address>
         <run_address>0x1214a</run_address>
         <size>0x28</size>
         <input_file_ref idref="fl-c"/>
      </object_component>
      <object_component id="oc-7fa">
         <name>.text:Heater_Init</name>
         <load_address>0x12172</load_address>
         <run_address>0x12172</run_address>
         <size>0x28</size>
         <input_file_ref idref="fl-15"/>
      </object_component>
      <object_component id="oc-68f">
         <name>.text:main</name>
         <load_address>0x1219a</load_address>
         <run_address>0x1219a</run_address>
         <size>0x28</size>
         <input_file_ref idref="fl-12"/>
      </object_component>
      <object_component id="oc-933">
         <name>.text:ADC12_B_setupSamplingTimer</name>
         <load_address>0x121c2</load_address>
         <run_address>0x121c2</run_address>
         <size>0x26</size>
         <input_file_ref idref="fl-9"/>
      </object_component>
      <object_component id="oc-832">
         <name>.text:HK_Update</name>
         <load_address>0x121e8</load_address>
         <run_address>0x121e8</run_address>
         <size>0x26</size>
         <input_file_ref idref="fl-8"/>
      </object_component>
      <object_component id="oc-94e">
         <name>.text:ADC12_B_enableInterrupt</name>
         <load_address>0x1220e</load_address>
         <run_address>0x1220e</run_address>
         <size>0x24</size>
         <input_file_ref idref="fl-9"/>
      </object_component>
      <object_component id="oc-861">
         <name>.text:Cmd_SetExperimentStatusRegister</name>
         <load_address>0x12232</load_address>
         <run_address>0x12232</run_address>
         <size>0x24</size>
         <input_file_ref idref="fl-5"/>
      </object_component>
      <object_component id="oc-5e7">
         <name>.text:decompress:ZI:__TI_zero_init_nomemset:__TI_zero_init_nomemset</name>
         <load_address>0x12256</load_address>
         <run_address>0x12256</run_address>
         <size>0x24</size>
         <input_file_ref idref="fl-5b"/>
      </object_component>
      <object_component id="oc-969">
         <name>.text</name>
         <load_address>0x1227a</load_address>
         <run_address>0x1227a</run_address>
         <size>0x24</size>
         <input_file_ref idref="fl-6a"/>
      </object_component>
      <object_component id="oc-661">
         <name>.text:Exp_NextState</name>
         <load_address>0x1229e</load_address>
         <run_address>0x1229e</run_address>
         <size>0x22</size>
         <input_file_ref idref="fl-7"/>
      </object_component>
      <object_component id="oc-8c1">
         <name>.text:MPQ3326_Init</name>
         <load_address>0x122c0</load_address>
         <run_address>0x122c0</run_address>
         <size>0x22</size>
         <input_file_ref idref="fl-17"/>
      </object_component>
      <object_component id="oc-85b">
         <name>.text:Cmd_SetSystemStatus</name>
         <load_address>0x122e2</load_address>
         <run_address>0x122e2</run_address>
         <size>0x20</size>
         <input_file_ref idref="fl-5"/>
      </object_component>
      <object_component id="oc-667">
         <name>.text:Exp_SetIdle</name>
         <load_address>0x12302</load_address>
         <run_address>0x12302</run_address>
         <size>0x20</size>
         <input_file_ref idref="fl-7"/>
      </object_component>
      <object_component id="oc-65b">
         <name>.text:Exp_SetState</name>
         <load_address>0x12322</load_address>
         <run_address>0x12322</run_address>
         <size>0x20</size>
         <input_file_ref idref="fl-7"/>
      </object_component>
      <object_component id="oc-6fc">
         <name>.text:WDT_A_hold</name>
         <load_address>0x12342</load_address>
         <run_address>0x12342</run_address>
         <size>0x20</size>
         <input_file_ref idref="fl-11"/>
      </object_component>
      <object_component id="oc-673">
         <name>.text:Cmd_ReadRegister</name>
         <load_address>0x12362</load_address>
         <run_address>0x12362</run_address>
         <size>0x1e</size>
         <input_file_ref idref="fl-5"/>
      </object_component>
      <object_component id="oc-7c6">
         <name>.text:RTC_C_startClock</name>
         <load_address>0x12380</load_address>
         <run_address>0x12380</run_address>
         <size>0x1e</size>
         <input_file_ref idref="fl-f"/>
      </object_component>
      <object_component id="oc-9fc">
         <name>.text:GPIO_setOutputHighOnPin</name>
         <load_address>0x1239e</load_address>
         <run_address>0x1239e</run_address>
         <size>0x1c</size>
         <input_file_ref idref="fl-d"/>
      </object_component>
      <object_component id="oc-a05">
         <name>.text:GPIO_setOutputLowOnPin</name>
         <load_address>0x123ba</load_address>
         <run_address>0x123ba</run_address>
         <size>0x1c</size>
         <input_file_ref idref="fl-d"/>
      </object_component>
      <object_component id="oc-980">
         <name>.text:Exp_InstrumentLEDsOff</name>
         <load_address>0x123d6</load_address>
         <run_address>0x123d6</run_address>
         <size>0x18</size>
         <input_file_ref idref="fl-6"/>
      </object_component>
      <object_component id="oc-986">
         <name>.text:Exp_InstrumentLEDsOn</name>
         <load_address>0x123ee</load_address>
         <run_address>0x123ee</run_address>
         <size>0x18</size>
         <input_file_ref idref="fl-6"/>
      </object_component>
      <object_component id="oc-7df">
         <name>.text:Pump_Init</name>
         <load_address>0x12406</load_address>
         <run_address>0x12406</run_address>
         <size>0x18</size>
         <input_file_ref idref="fl-19"/>
      </object_component>
      <object_component id="oc-7f1">
         <name>.text:Valve_Init</name>
         <load_address>0x1241e</load_address>
         <run_address>0x1241e</run_address>
         <size>0x18</size>
         <input_file_ref idref="fl-1a"/>
      </object_component>
      <object_component id="oc-9c9">
         <name>.text</name>
         <load_address>0x12436</load_address>
         <run_address>0x12436</run_address>
         <size>0x18</size>
         <input_file_ref idref="fl-70"/>
      </object_component>
      <object_component id="oc-948">
         <name>.text:ADC12_B_clearInterrupt</name>
         <load_address>0x1244e</load_address>
         <run_address>0x1244e</run_address>
         <size>0x14</size>
         <input_file_ref idref="fl-9"/>
      </object_component>
      <object_component id="oc-838">
         <name>.text:HK_Read</name>
         <load_address>0x12462</load_address>
         <run_address>0x12462</run_address>
         <size>0x14</size>
         <input_file_ref idref="fl-8"/>
      </object_component>
      <object_component id="oc-5bd">
         <name>.text:memcpy</name>
         <load_address>0x12476</load_address>
         <run_address>0x12476</run_address>
         <size>0x14</size>
         <input_file_ref idref="fl-8b"/>
      </object_component>
      <object_component id="oc-7f">
         <name>.text:decompress:none:__TI_decompress_none</name>
         <load_address>0x1248a</load_address>
         <run_address>0x1248a</run_address>
         <size>0x12</size>
         <input_file_ref idref="fl-42"/>
      </object_component>
      <object_component id="oc-a6b">
         <name>.text:l_lsl</name>
         <load_address>0x1249c</load_address>
         <run_address>0x1249c</run_address>
         <size>0x10</size>
         <input_file_ref idref="fl-79"/>
      </object_component>
      <object_component id="oc-aa1">
         <name>.text:l_lsr</name>
         <load_address>0x124ac</load_address>
         <run_address>0x124ac</run_address>
         <size>0x10</size>
         <input_file_ref idref="fl-7d"/>
      </object_component>
      <object_component id="oc-639">
         <name>.text:ADC12_B_getResults</name>
         <load_address>0x124bc</load_address>
         <run_address>0x124bc</run_address>
         <size>0xe</size>
         <input_file_ref idref="fl-9"/>
      </object_component>
      <object_component id="oc-8ed">
         <name>.text:Pump_Off</name>
         <load_address>0x124ca</load_address>
         <run_address>0x124ca</run_address>
         <size>0xe</size>
         <input_file_ref idref="fl-19"/>
      </object_component>
      <object_component id="oc-99a">
         <name>.text:Pump_On</name>
         <load_address>0x124d8</load_address>
         <run_address>0x124d8</run_address>
         <size>0xe</size>
         <input_file_ref idref="fl-19"/>
      </object_component>
      <object_component id="oc-90b">
         <name>.text:Valve_Close</name>
         <load_address>0x124e6</load_address>
         <run_address>0x124e6</run_address>
         <size>0xe</size>
         <input_file_ref idref="fl-1a"/>
      </object_component>
      <object_component id="oc-994">
         <name>.text:Valve_Open</name>
         <load_address>0x124f4</load_address>
         <run_address>0x124f4</run_address>
         <size>0xe</size>
         <input_file_ref idref="fl-1a"/>
      </object_component>
      <object_component id="oc-92d">
         <name>.text:ADC12_B_enable</name>
         <load_address>0x12502</load_address>
         <run_address>0x12502</run_address>
         <size>0xc</size>
         <input_file_ref idref="fl-9"/>
      </object_component>
      <object_component id="oc-825">
         <name>.text:EUSCI_B_I2C_clearInterrupt</name>
         <load_address>0x1250e</load_address>
         <run_address>0x1250e</run_address>
         <size>0xc</size>
         <input_file_ref idref="fl-c"/>
      </object_component>
      <object_component id="oc-82b">
         <name>.text:EUSCI_B_I2C_enableInterrupt</name>
         <load_address>0x1251a</load_address>
         <run_address>0x1251a</run_address>
         <size>0xc</size>
         <input_file_ref idref="fl-c"/>
      </object_component>
      <object_component id="oc-679">
         <name>.text:EUSCI_B_I2C_slavePutData</name>
         <load_address>0x12526</load_address>
         <run_address>0x12526</run_address>
         <size>0xc</size>
         <input_file_ref idref="fl-c"/>
      </object_component>
      <object_component id="oc-64f">
         <name>.text:State_IsIdle</name>
         <load_address>0x12532</load_address>
         <run_address>0x12532</run_address>
         <size>0xc</size>
         <input_file_ref idref="fl-7"/>
      </object_component>
      <object_component id="oc-6db">
         <name>.text:App_GetUptime</name>
         <load_address>0x1253e</load_address>
         <run_address>0x1253e</run_address>
         <size>0xa</size>
         <input_file_ref idref="fl-3"/>
      </object_component>
      <object_component id="oc-655">
         <name>.text:Cmd_SetTelecommandAcknowledge</name>
         <load_address>0x12548</load_address>
         <run_address>0x12548</run_address>
         <size>0xa</size>
         <input_file_ref idref="fl-5"/>
      </object_component>
      <object_component id="oc-646">
         <name>.text:EUSCI_B_I2C_slaveGetData</name>
         <load_address>0x12552</load_address>
         <run_address>0x12552</run_address>
         <size>0xa</size>
         <input_file_ref idref="fl-c"/>
      </object_component>
      <object_component id="oc-81f">
         <name>.text:EUSCI_B_I2C_enable</name>
         <load_address>0x1255c</load_address>
         <run_address>0x1255c</run_address>
         <size>0x6</size>
         <input_file_ref idref="fl-c"/>
      </object_component>
      <object_component id="oc-702">
         <name>.text:PMM_unlockLPM5</name>
         <load_address>0x12562</load_address>
         <run_address>0x12562</run_address>
         <size>0x6</size>
         <input_file_ref idref="fl-e"/>
      </object_component>
      <object_component id="oc-721">
         <name>.text:abort</name>
         <load_address>0x12568</load_address>
         <run_address>0x12568</run_address>
         <size>0x6</size>
         <input_file_ref idref="fl-88"/>
      </object_component>
      <object_component id="oc-689">
         <name>.text:_system_pre_init</name>
         <load_address>0x1256e</load_address>
         <run_address>0x1256e</run_address>
         <size>0x4</size>
         <input_file_ref idref="fl-86"/>
      </object_component>
      <object_component id="oc-7d6">
         <name>.text:LMT01_Init</name>
         <load_address>0x12572</load_address>
         <run_address>0x12572</run_address>
         <size>0x2</size>
         <input_file_ref idref="fl-16"/>
      </object_component>
      <object_component id="oc-889">
         <name>.text:_system_post_cinit</name>
         <load_address>0x12574</load_address>
         <run_address>0x12574</run_address>
         <size>0x2</size>
         <input_file_ref idref="fl-85"/>
      </object_component>
      <object_component id="oc-635">
         <name>.bss:app</name>
         <uninitialized>true</uninitialized>
         <run_address>0x1ef4</run_address>
         <size>0x4</size>
         <input_file_ref idref="fl-3"/>
      </object_component>
      <object_component id="oc-643">
         <name>.bss</name>
         <uninitialized>true</uninitialized>
         <run_address>0x1ecc</run_address>
         <size>0x6</size>
         <input_file_ref idref="fl-4"/>
      </object_component>
      <object_component id="oc-6f3">
         <name>.bss:systemStatusRegister</name>
         <uninitialized>true</uninitialized>
         <run_address>0x1eef</run_address>
         <size>0x5</size>
         <input_file_ref idref="fl-5"/>
      </object_component>
      <object_component id="oc-6f0">
         <name>.bss:experimentStatusRegister</name>
         <uninitialized>true</uninitialized>
         <run_address>0x1eea</run_address>
         <size>0x5</size>
         <input_file_ref idref="fl-5"/>
      </object_component>
      <object_component id="oc-6ed">
         <name>.bss:hardwareHealthStatusRegister</name>
         <uninitialized>true</uninitialized>
         <run_address>0x1ec4</run_address>
         <size>0x8</size>
         <input_file_ref idref="fl-5"/>
      </object_component>
      <object_component id="oc-6ea">
         <name>.bss:environmentInformationRegister</name>
         <uninitialized>true</uninitialized>
         <run_address>0x1ebc</run_address>
         <size>0x8</size>
         <input_file_ref idref="fl-5"/>
      </object_component>
      <object_component id="oc-6e7">
         <name>.bss:photoSensorResultsRegister</name>
         <uninitialized>true</uninitialized>
         <run_address>0x1e54</run_address>
         <size>0x38</size>
         <input_file_ref idref="fl-5"/>
      </object_component>
      <object_component id="oc-6d4">
         <name>.bss:telecommandAcknowledgeRegister</name>
         <uninitialized>true</uninitialized>
         <run_address>0x1f0c</run_address>
         <size>0x2</size>
         <input_file_ref idref="fl-5"/>
      </object_component>
      <object_component id="oc-6e4">
         <name>.bss</name>
         <uninitialized>true</uninitialized>
         <run_address>0x1ed2</run_address>
         <size>0x6</size>
         <input_file_ref idref="fl-5"/>
      </object_component>
      <object_component id="oc-8cd">
         <name>.bss:light_sensors</name>
         <uninitialized>true</uninitialized>
         <run_address>0x1c00</run_address>
         <size>0x1a4</size>
         <input_file_ref idref="fl-6"/>
      </object_component>
      <object_component id="oc-8bb">
         <name>.bss:wavelength_state</name>
         <uninitialized>true</uninitialized>
         <run_address>0x1f04</run_address>
         <size>0x4</size>
         <input_file_ref idref="fl-6"/>
      </object_component>
      <object_component id="oc-8be">
         <name>.bss:wavelength_descriptors</name>
         <uninitialized>true</uninitialized>
         <run_address>0x1da4</run_address>
         <size>0x78</size>
         <input_file_ref idref="fl-6"/>
      </object_component>
      <object_component id="oc-800">
         <name>.bss:hkDescriptor</name>
         <uninitialized>true</uninitialized>
         <run_address>0x1ede</run_address>
         <size>0x6</size>
         <input_file_ref idref="fl-7"/>
      </object_component>
      <object_component id="oc-7d3">
         <name>.bss:wellTemperatureDescriptor</name>
         <uninitialized>true</uninitialized>
         <run_address>0x1f08</run_address>
         <size>0x4</size>
         <input_file_ref idref="fl-7"/>
      </object_component>
      <object_component id="oc-7dc">
         <name>.bss:pumpDescriptor</name>
         <uninitialized>true</uninitialized>
         <run_address>0x1efc</run_address>
         <size>0x4</size>
         <input_file_ref idref="fl-7"/>
      </object_component>
      <object_component id="oc-7e5">
         <name>.bss:bipumpDescriptor</name>
         <uninitialized>true</uninitialized>
         <run_address>0x1eaa</run_address>
         <size>0x12</size>
         <input_file_ref idref="fl-7"/>
      </object_component>
      <object_component id="oc-7ee">
         <name>.bss:valveDescriptor</name>
         <uninitialized>true</uninitialized>
         <run_address>0x1f00</run_address>
         <size>0x4</size>
         <input_file_ref idref="fl-7"/>
      </object_component>
      <object_component id="oc-7f7">
         <name>.bss:heaterDescriptor</name>
         <uninitialized>true</uninitialized>
         <run_address>0x1ef8</run_address>
         <size>0x4</size>
         <input_file_ref idref="fl-7"/>
      </object_component>
      <object_component id="oc-6cb">
         <name>.bss</name>
         <uninitialized>true</uninitialized>
         <run_address>0x1ed8</run_address>
         <size>0x6</size>
         <input_file_ref idref="fl-7"/>
      </object_component>
      <object_component id="oc-6d8">
         <name>.bss:experimentMonitor</name>
         <uninitialized>true</uninitialized>
         <run_address>0x1e8c</run_address>
         <size>0x1e</size>
         <input_file_ref idref="fl-7"/>
      </object_component>
      <object_component id="oc-86d">
         <name>.bss:experimentResults</name>
         <uninitialized>true</uninitialized>
         <run_address>0x1e1c</run_address>
         <size>0x38</size>
         <input_file_ref idref="fl-7"/>
      </object_component>
      <object_component id="oc-63f">
         <name>.bss</name>
         <uninitialized>true</uninitialized>
         <run_address>0x1ee4</run_address>
         <size>0x6</size>
         <input_file_ref idref="fl-8"/>
      </object_component>
      <object_component id="oc-64c">
         <name>.data:commandArgumentBuffer</name>
         <load_address>0x1f0e</load_address>
         <run_address>0x1f0e</run_address>
         <size>0xff</size>
         <input_file_ref idref="fl-4"/>
      </object_component>
      <object_component id="oc-5ae">
         <name>.stack</name>
         <uninitialized>true</uninitialized>
         <run_address>0x2360</run_address>
         <size>0x4</size>
         <input_file_ref idref="fl-81"/>
      </object_component>
      <object_component id="oc-b3d">
         <name>.stack</name>
         <uninitialized>true</uninitialized>
         <run_address>0x2360</run_address>
         <size>0x0</size>
      </object_component>
      <object_component id="oc-85">
         <name>.int27</name>
         <load_address>0xffc6</load_address>
         <run_address>0xffc6</run_address>
         <size>0x2</size>
         <input_file_ref idref="fl-43"/>
      </object_component>
      <object_component id="oc-86">
         <name>.int28</name>
         <load_address>0xffc8</load_address>
         <run_address>0xffc8</run_address>
         <size>0x2</size>
         <input_file_ref idref="fl-3"/>
      </object_component>
      <object_component id="oc-87">
         <name>.int30</name>
         <load_address>0xffcc</load_address>
         <run_address>0xffcc</run_address>
         <size>0x2</size>
         <input_file_ref idref="fl-45"/>
      </object_component>
      <object_component id="oc-88">
         <name>.int31</name>
         <load_address>0xffce</load_address>
         <run_address>0xffce</run_address>
         <size>0x2</size>
         <input_file_ref idref="fl-46"/>
      </object_component>
      <object_component id="oc-89">
         <name>.int32</name>
         <load_address>0xffd0</load_address>
         <run_address>0xffd0</run_address>
         <size>0x2</size>
         <input_file_ref idref="fl-47"/>
      </object_component>
      <object_component id="oc-8a">
         <name>.int33</name>
         <load_address>0xffd2</load_address>
         <run_address>0xffd2</run_address>
         <size>0x2</size>
         <input_file_ref idref="fl-48"/>
      </object_component>
      <object_component id="oc-8b">
         <name>.int34</name>
         <load_address>0xffd4</load_address>
         <run_address>0xffd4</run_address>
         <size>0x2</size>
         <input_file_ref idref="fl-49"/>
      </object_component>
      <object_component id="oc-8c">
         <name>.int35</name>
         <load_address>0xffd6</load_address>
         <run_address>0xffd6</run_address>
         <size>0x2</size>
         <input_file_ref idref="fl-4a"/>
      </object_component>
      <object_component id="oc-8d">
         <name>.int36</name>
         <load_address>0xffd8</load_address>
         <run_address>0xffd8</run_address>
         <size>0x2</size>
         <input_file_ref idref="fl-4b"/>
      </object_component>
      <object_component id="oc-8e">
         <name>.int37</name>
         <load_address>0xffda</load_address>
         <run_address>0xffda</run_address>
         <size>0x2</size>
         <input_file_ref idref="fl-4c"/>
      </object_component>
      <object_component id="oc-8f">
         <name>.int38</name>
         <load_address>0xffdc</load_address>
         <run_address>0xffdc</run_address>
         <size>0x2</size>
         <input_file_ref idref="fl-4d"/>
      </object_component>
      <object_component id="oc-90">
         <name>.int39</name>
         <load_address>0xffde</load_address>
         <run_address>0xffde</run_address>
         <size>0x2</size>
         <input_file_ref idref="fl-4e"/>
      </object_component>
      <object_component id="oc-91">
         <name>.int40</name>
         <load_address>0xffe0</load_address>
         <run_address>0xffe0</run_address>
         <size>0x2</size>
         <input_file_ref idref="fl-4f"/>
      </object_component>
      <object_component id="oc-92">
         <name>.int41</name>
         <load_address>0xffe2</load_address>
         <run_address>0xffe2</run_address>
         <size>0x2</size>
         <input_file_ref idref="fl-50"/>
      </object_component>
      <object_component id="oc-93">
         <name>.int42</name>
         <load_address>0xffe4</load_address>
         <run_address>0xffe4</run_address>
         <size>0x2</size>
         <input_file_ref idref="fl-51"/>
      </object_component>
      <object_component id="oc-94">
         <name>.int43</name>
         <load_address>0xffe6</load_address>
         <run_address>0xffe6</run_address>
         <size>0x2</size>
         <input_file_ref idref="fl-52"/>
      </object_component>
      <object_component id="oc-95">
         <name>.int44</name>
         <load_address>0xffe8</load_address>
         <run_address>0xffe8</run_address>
         <size>0x2</size>
         <input_file_ref idref="fl-53"/>
      </object_component>
      <object_component id="oc-96">
         <name>.int45</name>
         <load_address>0xffea</load_address>
         <run_address>0xffea</run_address>
         <size>0x2</size>
         <input_file_ref idref="fl-8"/>
      </object_component>
      <object_component id="oc-97">
         <name>.int46</name>
         <load_address>0xffec</load_address>
         <run_address>0xffec</run_address>
         <size>0x2</size>
         <input_file_ref idref="fl-4"/>
      </object_component>
      <object_component id="oc-98">
         <name>.int47</name>
         <load_address>0xffee</load_address>
         <run_address>0xffee</run_address>
         <size>0x2</size>
         <input_file_ref idref="fl-14"/>
      </object_component>
      <object_component id="oc-99">
         <name>.int48</name>
         <load_address>0xfff0</load_address>
         <run_address>0xfff0</run_address>
         <size>0x2</size>
         <input_file_ref idref="fl-54"/>
      </object_component>
      <object_component id="oc-9a">
         <name>.int49</name>
         <load_address>0xfff2</load_address>
         <run_address>0xfff2</run_address>
         <size>0x2</size>
         <input_file_ref idref="fl-55"/>
      </object_component>
      <object_component id="oc-9b">
         <name>.int50</name>
         <load_address>0xfff4</load_address>
         <run_address>0xfff4</run_address>
         <size>0x2</size>
         <input_file_ref idref="fl-56"/>
      </object_component>
      <object_component id="oc-9c">
         <name>.int51</name>
         <load_address>0xfff6</load_address>
         <run_address>0xfff6</run_address>
         <size>0x2</size>
         <input_file_ref idref="fl-57"/>
      </object_component>
      <object_component id="oc-9d">
         <name>.int52</name>
         <load_address>0xfff8</load_address>
         <run_address>0xfff8</run_address>
         <size>0x2</size>
         <input_file_ref idref="fl-58"/>
      </object_component>
      <object_component id="oc-9e">
         <name>.int53</name>
         <load_address>0xfffa</load_address>
         <run_address>0xfffa</run_address>
         <size>0x2</size>
         <input_file_ref idref="fl-59"/>
      </object_component>
      <object_component id="oc-9f">
         <name>.int54</name>
         <load_address>0xfffc</load_address>
         <run_address>0xfffc</run_address>
         <size>0x2</size>
         <input_file_ref idref="fl-5a"/>
      </object_component>
      <object_component id="oc-5b1">
         <name>.reset</name>
         <load_address>0xfffe</load_address>
         <run_address>0xfffe</run_address>
         <size>0x2</size>
         <input_file_ref idref="fl-81"/>
      </object_component>
      <object_component id="oc-8aa">
         <name>.debug_info</name>
         <load_address>0x0</load_address>
         <run_address>0x0</run_address>
         <size>0x279</size>
         <input_file_ref idref="fl-2"/>
      </object_component>
      <object_component id="oc-76c">
         <name>.debug_info</name>
         <load_address>0x279</load_address>
         <run_address>0x279</run_address>
         <size>0x26b</size>
         <input_file_ref idref="fl-2"/>
      </object_component>
      <object_component id="oc-5b8">
         <name>.debug_info</name>
         <load_address>0x4e4</load_address>
         <run_address>0x4e4</run_address>
         <size>0x84</size>
         <input_file_ref idref="fl-2"/>
      </object_component>
      <object_component id="oc-9d7">
         <name>.debug_info</name>
         <load_address>0x568</load_address>
         <run_address>0x568</run_address>
         <size>0x3d5</size>
         <input_file_ref idref="fl-2"/>
      </object_component>
      <object_component id="oc-771">
         <name>.debug_info</name>
         <load_address>0x93d</load_address>
         <run_address>0x93d</run_address>
         <size>0x282</size>
         <input_file_ref idref="fl-2"/>
      </object_component>
      <object_component id="oc-a58">
         <name>.debug_info</name>
         <load_address>0xbbf</load_address>
         <run_address>0xbbf</run_address>
         <size>0xef</size>
         <input_file_ref idref="fl-2"/>
      </object_component>
      <object_component id="oc-6b8">
         <name>.debug_info</name>
         <load_address>0xcae</load_address>
         <run_address>0xcae</run_address>
         <size>0xbb</size>
         <input_file_ref idref="fl-2"/>
      </object_component>
      <object_component id="oc-6b6">
         <name>.debug_info</name>
         <load_address>0xd69</load_address>
         <run_address>0xd69</run_address>
         <size>0x2fd</size>
         <input_file_ref idref="fl-3"/>
      </object_component>
      <object_component id="oc-636">
         <name>.debug_info</name>
         <load_address>0x1066</load_address>
         <run_address>0x1066</run_address>
         <size>0xbf</size>
         <input_file_ref idref="fl-3"/>
      </object_component>
      <object_component id="oc-5d0">
         <name>.debug_info</name>
         <load_address>0x1125</load_address>
         <run_address>0x1125</run_address>
         <size>0x105</size>
         <input_file_ref idref="fl-3"/>
      </object_component>
      <object_component id="oc-70b">
         <name>.debug_info</name>
         <load_address>0x122a</load_address>
         <run_address>0x122a</run_address>
         <size>0x1cf</size>
         <input_file_ref idref="fl-3"/>
      </object_component>
      <object_component id="oc-6de">
         <name>.debug_info</name>
         <load_address>0x13f9</load_address>
         <run_address>0x13f9</run_address>
         <size>0x110</size>
         <input_file_ref idref="fl-3"/>
      </object_component>
      <object_component id="oc-762">
         <name>.debug_info</name>
         <load_address>0x1509</load_address>
         <run_address>0x1509</run_address>
         <size>0x4a</size>
         <input_file_ref idref="fl-3"/>
      </object_component>
      <object_component id="oc-778">
         <name>.debug_info</name>
         <load_address>0x1553</load_address>
         <run_address>0x1553</run_address>
         <size>0x72</size>
         <input_file_ref idref="fl-3"/>
      </object_component>
      <object_component id="oc-77d">
         <name>.debug_info</name>
         <load_address>0x15c5</load_address>
         <run_address>0x15c5</run_address>
         <size>0x131</size>
         <input_file_ref idref="fl-3"/>
      </object_component>
      <object_component id="oc-767">
         <name>.debug_info</name>
         <load_address>0x16f6</load_address>
         <run_address>0x16f6</run_address>
         <size>0x131</size>
         <input_file_ref idref="fl-3"/>
      </object_component>
      <object_component id="oc-784">
         <name>.debug_info</name>
         <load_address>0x1827</load_address>
         <run_address>0x1827</run_address>
         <size>0xf5</size>
         <input_file_ref idref="fl-3"/>
      </object_component>
      <object_component id="oc-6ca">
         <name>.debug_info</name>
         <load_address>0x191c</load_address>
         <run_address>0x191c</run_address>
         <size>0x570</size>
         <input_file_ref idref="fl-4"/>
      </object_component>
      <object_component id="oc-64d">
         <name>.debug_info</name>
         <load_address>0x1e8c</load_address>
         <run_address>0x1e8c</run_address>
         <size>0xef</size>
         <input_file_ref idref="fl-4"/>
      </object_component>
      <object_component id="oc-644">
         <name>.debug_info</name>
         <load_address>0x1f7b</load_address>
         <run_address>0x1f7b</run_address>
         <size>0x191</size>
         <input_file_ref idref="fl-4"/>
      </object_component>
      <object_component id="oc-817">
         <name>.debug_info</name>
         <load_address>0x210c</load_address>
         <run_address>0x210c</run_address>
         <size>0xd3</size>
         <input_file_ref idref="fl-4"/>
      </object_component>
      <object_component id="oc-5de">
         <name>.debug_info</name>
         <load_address>0x21df</load_address>
         <run_address>0x21df</run_address>
         <size>0x2d2</size>
         <input_file_ref idref="fl-4"/>
      </object_component>
      <object_component id="oc-717">
         <name>.debug_info</name>
         <load_address>0x24b1</load_address>
         <run_address>0x24b1</run_address>
         <size>0x24f</size>
         <input_file_ref idref="fl-4"/>
      </object_component>
      <object_component id="oc-8ab">
         <name>.debug_info</name>
         <load_address>0x2700</load_address>
         <run_address>0x2700</run_address>
         <size>0x48</size>
         <input_file_ref idref="fl-4"/>
      </object_component>
      <object_component id="oc-6c2">
         <name>.debug_info</name>
         <load_address>0x2748</load_address>
         <run_address>0x2748</run_address>
         <size>0x5a</size>
         <input_file_ref idref="fl-4"/>
      </object_component>
      <object_component id="oc-792">
         <name>.debug_info</name>
         <load_address>0x27a2</load_address>
         <run_address>0x27a2</run_address>
         <size>0x1ad</size>
         <input_file_ref idref="fl-4"/>
      </object_component>
      <object_component id="oc-799">
         <name>.debug_info</name>
         <load_address>0x294f</load_address>
         <run_address>0x294f</run_address>
         <size>0x126</size>
         <input_file_ref idref="fl-4"/>
      </object_component>
      <object_component id="oc-6cf">
         <name>.debug_info</name>
         <load_address>0x2a75</load_address>
         <run_address>0x2a75</run_address>
         <size>0x8b</size>
         <input_file_ref idref="fl-4"/>
      </object_component>
      <object_component id="oc-7a1">
         <name>.debug_info</name>
         <load_address>0x2b00</load_address>
         <run_address>0x2b00</run_address>
         <size>0x162</size>
         <input_file_ref idref="fl-5"/>
      </object_component>
      <object_component id="oc-6f4">
         <name>.debug_info</name>
         <load_address>0x2c62</load_address>
         <run_address>0x2c62</run_address>
         <size>0xee</size>
         <input_file_ref idref="fl-5"/>
      </object_component>
      <object_component id="oc-6f1">
         <name>.debug_info</name>
         <load_address>0x2d50</load_address>
         <run_address>0x2d50</run_address>
         <size>0xf6</size>
         <input_file_ref idref="fl-5"/>
      </object_component>
      <object_component id="oc-6ee">
         <name>.debug_info</name>
         <load_address>0x2e46</load_address>
         <run_address>0x2e46</run_address>
         <size>0xfe</size>
         <input_file_ref idref="fl-5"/>
      </object_component>
      <object_component id="oc-6eb">
         <name>.debug_info</name>
         <load_address>0x2f44</load_address>
         <run_address>0x2f44</run_address>
         <size>0x102</size>
         <input_file_ref idref="fl-5"/>
      </object_component>
      <object_component id="oc-6e8">
         <name>.debug_info</name>
         <load_address>0x3046</load_address>
         <run_address>0x3046</run_address>
         <size>0xfa</size>
         <input_file_ref idref="fl-5"/>
      </object_component>
      <object_component id="oc-6d5">
         <name>.debug_info</name>
         <load_address>0x3140</load_address>
         <run_address>0x3140</run_address>
         <size>0x102</size>
         <input_file_ref idref="fl-5"/>
      </object_component>
      <object_component id="oc-6e5">
         <name>.debug_info</name>
         <load_address>0x3242</load_address>
         <run_address>0x3242</run_address>
         <size>0x176</size>
         <input_file_ref idref="fl-5"/>
      </object_component>
      <object_component id="oc-657">
         <name>.debug_info</name>
         <load_address>0x33b8</load_address>
         <run_address>0x33b8</run_address>
         <size>0x1af</size>
         <input_file_ref idref="fl-5"/>
      </object_component>
      <object_component id="oc-85d">
         <name>.debug_info</name>
         <load_address>0x3567</load_address>
         <run_address>0x3567</run_address>
         <size>0x16c</size>
         <input_file_ref idref="fl-5"/>
      </object_component>
      <object_component id="oc-871">
         <name>.debug_info</name>
         <load_address>0x36d3</load_address>
         <run_address>0x36d3</run_address>
         <size>0x184</size>
         <input_file_ref idref="fl-5"/>
      </object_component>
      <object_component id="oc-862">
         <name>.debug_info</name>
         <load_address>0x3857</load_address>
         <run_address>0x3857</run_address>
         <size>0x1a3</size>
         <input_file_ref idref="fl-5"/>
      </object_component>
      <object_component id="oc-868">
         <name>.debug_info</name>
         <load_address>0x39fa</load_address>
         <run_address>0x39fa</run_address>
         <size>0x20d</size>
         <input_file_ref idref="fl-5"/>
      </object_component>
      <object_component id="oc-66e">
         <name>.debug_info</name>
         <load_address>0x3c07</load_address>
         <run_address>0x3c07</run_address>
         <size>0x189</size>
         <input_file_ref idref="fl-5"/>
      </object_component>
      <object_component id="oc-674">
         <name>.debug_info</name>
         <load_address>0x3d90</load_address>
         <run_address>0x3d90</run_address>
         <size>0x14e</size>
         <input_file_ref idref="fl-5"/>
      </object_component>
      <object_component id="oc-9e3">
         <name>.debug_info</name>
         <load_address>0x3ede</load_address>
         <run_address>0x3ede</run_address>
         <size>0x456</size>
         <input_file_ref idref="fl-6"/>
      </object_component>
      <object_component id="oc-8ce">
         <name>.debug_info</name>
         <load_address>0x4334</load_address>
         <run_address>0x4334</run_address>
         <size>0xe2</size>
         <input_file_ref idref="fl-6"/>
      </object_component>
      <object_component id="oc-8bc">
         <name>.debug_info</name>
         <load_address>0x4416</load_address>
         <run_address>0x4416</run_address>
         <size>0xe8</size>
         <input_file_ref idref="fl-6"/>
      </object_component>
[...]
         <object_component_ref idref="oc-7b4"/>
      </symbol>
      <symbol id="sm-85d">
         <name>CS_setDCOFreq</name>
         <value>0x10fe8</value>
         <object_component_ref idref="oc-80a"/>
      </symbol>
      <symbol id="sm-85e">
         <name>CS_initClockSignal</name>
         <value>0x11a58</value>
         <object_component_ref idref="oc-810"/>
      </symbol>
      <symbol id="sm-88e">
         <name>EUSCI_B_I2C_clearInterrupt</name>
         <value>0x1250e</value>
         <object_component_ref idref="oc-825"/>
      </symbol>
      <symbol id="sm-88f">
         <name>EUSCI_B_I2C_initSlave</name>
         <value>0x1214a</value>
         <object_component_ref idref="oc-819"/>
      </symbol>
      <symbol id="sm-890">
         <name>EUSCI_B_I2C_slaveGetData</name>
         <value>0x12552</value>
         <object_component_ref idref="oc-646"/>
      </symbol>
      <symbol id="sm-891">
         <name>EUSCI_B_I2C_enableInterrupt</name>
         <value>0x1251a</value>
         <object_component_ref idref="oc-82b"/>
      </symbol>
      <symbol id="sm-892">
         <name>EUSCI_B_I2C_enable</name>
         <value>0x1255c</value>
         <object_component_ref idref="oc-81f"/>
      </symbol>
      <symbol id="sm-893">
         <name>EUSCI_B_I2C_slavePutData</name>
         <value>0x12526</value>
         <object_component_ref idref="oc-679"/>
      </symbol>
      <symbol id="sm-8cc">
         <name>GPIO_setOutputHighOnPin</name>
         <value>0x1239e</value>
         <object_component_ref idref="oc-9fc"/>
      </symbol>
      <symbol id="sm-8cd">
         <name>GPIO_setAsOutputPin</name>
         <value>0x11fd4</value>
         <object_component_ref idref="oc-8e7"/>
      </symbol>
      <symbol id="sm-8ce">
         <name>GPIO_setOutputLowOnPin</name>
         <value>0x123ba</value>
         <object_component_ref idref="oc-a05"/>
      </symbol>
      <symbol id="sm-8cf">
         <name>GPIO_setAsPeripheralModuleFunctionOutputPin</name>
         <value>0x11976</value>
         <object_component_ref idref="oc-91a"/>
      </symbol>
      <symbol id="sm-8d0">
         <name>GPIO_setAsPeripheralModuleFunctionInputPin</name>
         <value>0x11904</value>
         <object_component_ref idref="oc-7ae"/>
      </symbol>
      <symbol id="sm-8d9">
         <name>PMM_unlockLPM5</name>
         <value>0x12562</value>
         <object_component_ref idref="oc-702"/>
      </symbol>
      <symbol id="sm-8f6">
         <name>RTC_C_startClock</name>
         <value>0x12380</value>
         <object_component_ref idref="oc-7c6"/>
      </symbol>
      <symbol id="sm-8f7">
         <name>RTC_C_initCalendar</name>
         <value>0x11694</value>
         <object_component_ref idref="oc-7ba"/>
      </symbol>
      <symbol id="sm-8f8">
         <name>RTC_C_enableInterrupt</name>
         <value>0x11d0c</value>
         <object_component_ref idref="oc-7c0"/>
      </symbol>
      <symbol id="sm-940">
         <name>SWI2C_Read</name>
         <value>0x10b5e</value>
         <object_component_ref idref="oc-a65"/>
      </symbol>
      <symbol id="sm-941">
         <name>SWI2C_Init</name>
         <value>0x1209a</value>
         <object_component_ref idref="oc-9e6"/>
      </symbol>
      <symbol id="sm-942">
         <name>SWI2C_Write</name>
         <value>0x10978</value>
         <object_component_ref idref="oc-9ec"/>
      </symbol>
      <symbol id="sm-94b">
         <name>WDT_A_hold</name>
         <value>0x12342</value>
         <object_component_ref idref="oc-6fc"/>
      </symbol>
      <symbol id="sm-955">
         <name>main</name>
         <value>0x1219a</value>
         <object_component_ref idref="oc-68f"/>
      </symbol>
      <symbol id="sm-96f">
         <name>Bipump_Forward</name>
         <value>0x11e42</value>
         <object_component_ref idref="oc-98d"/>
      </symbol>
      <symbol id="sm-970">
         <name>Bipump_Off</name>
         <value>0x11e7c</value>
         <object_component_ref idref="oc-8fc"/>
      </symbol>
      <symbol id="sm-971">
         <name>Bipump_Init</name>
         <value>0x11e06</value>
         <object_component_ref idref="oc-7e8"/>
      </symbol>
      <symbol id="sm-97b">
         <name>__TI_int47</name>
         <value>0xffee</value>
         <object_component_ref idref="oc-98"/>
      </symbol>
      <symbol id="sm-97c">
         <name>USCI_A0_ISR</name>
         <value>0x45d6</value>
         <object_component_ref idref="oc-5e1"/>
      </symbol>
      <symbol id="sm-988">
         <name>Heater_Init</name>
         <value>0x12172</value>
         <object_component_ref idref="oc-7fa"/>
      </symbol>
      <symbol id="sm-9a1">
         <name>LMT01_Init</name>
         <value>0x12572</value>
         <object_component_ref idref="oc-7d6"/>
      </symbol>
      <symbol id="sm-9a2">
         <name>LMT01_Read</name>
         <value>0x12120</value>
         <object_component_ref idref="oc-83e"/>
      </symbol>
      <symbol id="sm-9bc">
         <name>MPQ3326_TurnLEDsOn</name>
         <value>0x1206a</value>
         <object_component_ref idref="oc-a33"/>
      </symbol>
      <symbol id="sm-9bd">
         <name>MPQ3326_Init</name>
         <value>0x122c0</value>
         <object_component_ref idref="oc-8c1"/>
      </symbol>
      <symbol id="sm-9be">
         <name>MPQ3326_TurnLEDsOff</name>
         <value>0x1203a</value>
         <object_component_ref idref="oc-8c7"/>
      </symbol>
      <symbol id="sm-9d4">
         <name>OPT4003_Init</name>
         <value>0x12008</value>
         <object_component_ref idref="oc-8d0"/>
      </symbol>
      <symbol id="sm-9d5">
         <name>OPT4003_Read</name>
         <value>0x113ba</value>
         <object_component_ref idref="oc-a2b"/>
      </symbol>
      <symbol id="sm-9ef">
         <name>Pump_On</name>
         <value>0x124d8</value>
         <object_component_ref idref="oc-99a"/>
      </symbol>
      <symbol id="sm-9f0">
         <name>Pump_Off</name>
         <value>0x124ca</value>
         <object_component_ref idref="oc-8ed"/>
      </symbol>
      <symbol id="sm-9f1">
         <name>Pump_Init</name>
         <value>0x12406</value>
         <object_component_ref idref="oc-7df"/>
      </symbol>
      <symbol id="sm-a0b">
         <name>Valve_Open</name>
         <value>0x124f4</value>
         <object_component_ref idref="oc-994"/>
      </symbol>
      <symbol id="sm-a0c">
         <name>Valve_Close</name>
         <value>0x124e6</value>
         <object_component_ref idref="oc-90b"/>
      </symbol>
      <symbol id="sm-a0d">
         <name>Valve_Init</name>
         <value>0x1241e</value>
         <object_component_ref idref="oc-7f1"/>
      </symbol>
      <symbol id="sm-a30">
         <name>__TI_decompress_lzss</name>
         <value>0x1181a</value>
         <object_component_ref idref="oc-79"/>
      </symbol>
      <symbol id="sm-a41">
         <name>__TI_decompress_none</name>
         <value>0x1248a</value>
         <object_component_ref idref="oc-7f"/>
      </symbol>
      <symbol id="sm-a44">
         <name>__TI_int27</name>
         <value>0xffc6</value>
         <object_component_ref idref="oc-85"/>
      </symbol>
      <symbol id="sm-a4c">
         <name>__TI_ISR_TRAP</name>
         <value>0x45e0</value>
         <object_component_ref idref="oc-5ca"/>
      </symbol>
      <symbol id="sm-a4f">
         <name>__TI_int30</name>
         <value>0xffcc</value>
         <object_component_ref idref="oc-87"/>
      </symbol>
      <symbol id="sm-a52">
         <name>__TI_int31</name>
         <value>0xffce</value>
         <object_component_ref idref="oc-88"/>
      </symbol>
      <symbol id="sm-a55">
         <name>__TI_int32</name>
         <value>0xffd0</value>
         <object_component_ref idref="oc-89"/>
      </symbol>
      <symbol id="sm-a58">
         <name>__TI_int33</name>
         <value>0xffd2</value>
         <object_component_ref idref="oc-8a"/>
      </symbol>
      <symbol id="sm-a5b">
         <name>__TI_int34</name>
         <value>0xffd4</value>
         <object_component_ref idref="oc-8b"/>
      </symbol>
      <symbol id="sm-a5e">
         <name>__TI_int35</name>
         <value>0xffd6</value>
         <object_component_ref idref="oc-8c"/>
      </symbol>
      <symbol id="sm-a61">
         <name>__TI_int36</name>
         <value>0xffd8</value>
         <object_component_ref idref="oc-8d"/>
      </symbol>
      <symbol id="sm-a64">
         <name>__TI_int37</name>
         <value>0xffda</value>
         <object_component_ref idref="oc-8e"/>
      </symbol>
      <symbol id="sm-a67">
         <name>__TI_int38</name>
         <value>0xffdc</value>
         <object_component_ref idref="oc-8f"/>
      </symbol>
      <symbol id="sm-a6a">
         <name>__TI_int39</name>
         <value>0xffde</value>
         <object_component_ref idref="oc-90"/>
      </symbol>
      <symbol id="sm-a6d">
         <name>__TI_int40</name>
         <value>0xffe0</value>
         <object_component_ref idref="oc-91"/>
      </symbol>
      <symbol id="sm-a70">
         <name>__TI_int41</name>
         <value>0xffe2</value>
         <object_component_ref idref="oc-92"/>
      </symbol>
      <symbol id="sm-a73">
         <name>__TI_int42</name>
         <value>0xffe4</value>
         <object_component_ref idref="oc-93"/>
      </symbol>
      <symbol id="sm-a76">
         <name>__TI_int43</name>
         <value>0xffe6</value>
         <object_component_ref idref="oc-94"/>
      </symbol>
      <symbol id="sm-a79">
         <name>__TI_int44</name>
         <value>0xffe8</value>
         <object_component_ref idref="oc-95"/>
      </symbol>
      <symbol id="sm-a7c">
         <name>__TI_int48</name>
         <value>0xfff0</value>
         <object_component_ref idref="oc-99"/>
      </symbol>
      <symbol id="sm-a7f">
         <name>__TI_int49</name>
         <value>0xfff2</value>
         <object_component_ref idref="oc-9a"/>
      </symbol>
      <symbol id="sm-a82">
         <name>__TI_int50</name>
         <value>0xfff4</value>
         <object_component_ref idref="oc-9b"/>
      </symbol>
      <symbol id="sm-a85">
         <name>__TI_int51</name>
         <value>0xfff6</value>
         <object_component_ref idref="oc-9c"/>
      </symbol>
      <symbol id="sm-a88">
         <name>__TI_int52</name>
         <value>0xfff8</value>
         <object_component_ref idref="oc-9d"/>
      </symbol>
      <symbol id="sm-a8b">
         <name>__TI_int53</name>
         <value>0xfffa</value>
         <object_component_ref idref="oc-9e"/>
      </symbol>
      <symbol id="sm-a8e">
         <name>__TI_int54</name>
         <value>0xfffc</value>
         <object_component_ref idref="oc-9f"/>
      </symbol>
      <symbol id="sm-aa1">
         <name>__TI_zero_init_nomemset</name>
         <value>0x12256</value>
         <object_component_ref idref="oc-5e7"/>
      </symbol>
      <symbol id="sm-abf">
         <name>__mspabi_fixdul</name>
         <value>0x11ac2</value>
         <object_component_ref idref="oc-a7c"/>
      </symbol>
      <symbol id="sm-ace">
         <name>__mspabi_fixfu</name>
         <value>0x11c86</value>
         <object_component_ref idref="oc-844"/>
      </symbol>
      <symbol id="sm-adc">
         <name>__mspabi_fltuf</name>
         <value>0x1227a</value>
         <object_component_ref idref="oc-969"/>
      </symbol>
      <symbol id="sm-af1">
         <name>__mspabi_fltuld</name>
         <value>0x1179a</value>
         <object_component_ref idref="oc-a70"/>
      </symbol>
      <symbol id="sm-b16">
         <name>__mspabi_mpyd</name>
         <value>0x106e6</value>
         <object_component_ref idref="oc-a76"/>
      </symbol>
      <symbol id="sm-b21">
         <name>__TI_frcmpyd</name>
         <value>0x10d3a</value>
         <object_component_ref idref="oc-a94"/>
      </symbol>
      <symbol id="sm-b38">
         <name>__mspabi_mpyf</name>
         <value>0x1125a</value>
         <object_component_ref idref="oc-96e"/>
      </symbol>
      <symbol id="sm-b41">
         <name>__mspabi_mpyi_f5hw</name>
         <value>0x12436</value>
         <object_component_ref idref="oc-9c9"/>
      </symbol>
      <symbol id="sm-b4c">
         <name>__mspabi_mpyll_f5hw</name>
         <value>0x11b86</value>
         <object_component_ref idref="oc-ab1"/>
      </symbol>
      <symbol id="sm-b55">
         <name>__mspabi_mpyull_f5hw</name>
         <value>0x120f4</value>
         <object_component_ref idref="oc-ab6"/>
      </symbol>
      <symbol id="sm-b67">
         <name>__mspabi_slll_9</name>
         <value>0x11da2</value>
         <object_component_ref idref="oc-a88"/>
      </symbol>
      <symbol id="sm-b68">
         <name>__mspabi_slll_8</name>
         <value>0x11da6</value>
         <object_component_ref idref="oc-a88"/>
      </symbol>
      <symbol id="sm-b69">
         <name>__mspabi_slll_7</name>
         <value>0x11daa</value>
         <object_component_ref idref="oc-a88"/>
      </symbol>
      <symbol id="sm-b6a">
         <name>__mspabi_slll_6</name>
         <value>0x11dae</value>
         <object_component_ref idref="oc-a88"/>
      </symbol>
      <symbol id="sm-b6b">
         <name>__mspabi_slll_5</name>
         <value>0x11db2</value>
         <object_component_ref idref="oc-a88"/>
      </symbol>
      <symbol id="sm-b6c">
         <name>__mspabi_slll_4</name>
         <value>0x11db6</value>
         <object_component_ref idref="oc-a88"/>
      </symbol>
      <symbol id="sm-b6d">
         <name>__mspabi_slll_3</name>
         <value>0x11dba</value>
         <object_component_ref idref="oc-a88"/>
      </symbol>
      <symbol id="sm-b6e">
         <name>__mspabi_slll_2</name>
         <value>0x11dbe</value>
         <object_component_ref idref="oc-a88"/>
      </symbol>
      <symbol id="sm-b6f">
         <name>__mspabi_slll_1</name>
         <value>0x11dc2</value>
         <object_component_ref idref="oc-a88"/>
      </symbol>
      <symbol id="sm-b70">
         <name>__mspabi_slll</name>
         <value>0x1249c</value>
         <object_component_ref idref="oc-a6b"/>
      </symbol>
      <symbol id="sm-b71">
         <name>__mspabi_slll_15</name>
         <value>0x11d8a</value>
         <object_component_ref idref="oc-a88"/>
      </symbol>
      <symbol id="sm-b72">
         <name>__mspabi_slll_14</name>
         <value>0x11d8e</value>
         <object_component_ref idref="oc-a88"/>
      </symbol>
      <symbol id="sm-b73">
         <name>__mspabi_slll_13</name>
         <value>0x11d92</value>
         <object_component_ref idref="oc-a88"/>
      </symbol>
      <symbol id="sm-b74">
         <name>__mspabi_slll_12</name>
         <value>0x11d96</value>
         <object_component_ref idref="oc-a88"/>
      </symbol>
      <symbol id="sm-b75">
         <name>__mspabi_slll_11</name>
         <value>0x11d9a</value>
         <object_component_ref idref="oc-a88"/>
      </symbol>
      <symbol id="sm-b76">
         <name>__mspabi_slll_10</name>
         <value>0x11d9e</value>
         <object_component_ref idref="oc-a88"/>
      </symbol>
      <symbol id="sm-b83">
         <name>__mspabi_sllll</name>
         <value>0x11f2a</value>
         <object_component_ref idref="oc-aab"/>
      </symbol>
      <symbol id="sm-b95">
         <name>__mspabi_srll_8</name>
         <value>0x11de4</value>
         <object_component_ref idref="oc-a8d"/>
      </symbol>
      <symbol id="sm-b96">
         <name>__mspabi_srll_9</name>
         <value>0x11de0</value>
         <object_component_ref idref="oc-a8d"/>
      </symbol>
      <symbol id="sm-b97">
         <name>__mspabi_srll_6</name>
         <value>0x11dec</value>
         <object_component_ref idref="oc-a8d"/>
      </symbol>
      <symbol id="sm-b98">
         <name>__mspabi_srll_7</name>
         <value>0x11de8</value>
         <object_component_ref idref="oc-a8d"/>
      </symbol>
      <symbol id="sm-b99">
         <name>__mspabi_srll_4</name>
         <value>0x11df4</value>
         <object_component_ref idref="oc-a8d"/>
      </symbol>
      <symbol id="sm-b9a">
         <name>__mspabi_srll_5</name>
         <value>0x11df0</value>
         <object_component_ref idref="oc-a8d"/>
      </symbol>
      <symbol id="sm-b9b">
         <name>__mspabi_srll_2</name>
         <value>0x11dfc</value>
         <object_component_ref idref="oc-a8d"/>
      </symbol>
      <symbol id="sm-b9c">
         <name>__mspabi_srll_3</name>
         <value>0x11df8</value>
         <object_component_ref idref="oc-a8d"/>
      </symbol>
      <symbol id="sm-b9d">
         <name>__mspabi_srll_1</name>
         <value>0x11e00</value>
         <object_component_ref idref="oc-a8d"/>
      </symbol>
      <symbol id="sm-b9e">
         <name>__mspabi_srll_15</name>
         <value>0x11dc8</value>
         <object_component_ref idref="oc-a8d"/>
      </symbol>
      <symbol id="sm-b9f">
         <name>__mspabi_srll_14</name>
         <value>0x11dcc</value>
         <object_component_ref idref="oc-a8d"/>
      </symbol>
      <symbol id="sm-ba0">
         <name>__mspabi_srll_13</name>
         <value>0x11dd0</value>
         <object_component_ref idref="oc-a8d"/>
      </symbol>
      <symbol id="sm-ba1">
         <name>__mspabi_srll_12</name>
         <value>0x11dd4</value>
         <object_component_ref idref="oc-a8d"/>
      </symbol>
      <symbol id="sm-ba2">
         <name>__mspabi_srll_11</name>
         <value>0x11dd8</value>
         <object_component_ref idref="oc-a8d"/>
      </symbol>
      <symbol id="sm-ba3">
         <name>__mspabi_srll_10</name>
         <value>0x11ddc</value>
         <object_component_ref idref="oc-a8d"/>
      </symbol>
      <symbol id="sm-ba4">
         <name>__mspabi_srll</name>
         <value>0x124ac</value>
         <object_component_ref idref="oc-aa1"/>
      </symbol>
      <symbol id="sm-bb1">
         <name>__mspabi_srlll</name>
         <value>0x11f64</value>
         <object_component_ref idref="oc-abb"/>
      </symbol>
      <symbol id="sm-bcd">
         <name>__mspabi_subf</name>
         <value>0x11128</value>
         <object_component_ref idref="oc-973"/>
      </symbol>
      <symbol id="sm-bce">
         <name>__mspabi_addf</name>
         <value>0x1112e</value>
         <object_component_ref idref="oc-973"/>
      </symbol>
      <symbol id="sm-bde">
         <name>_c_int00_noargs_mpu</name>
         <value>0x45a0</value>
         <object_component_ref idref="oc-611"/>
      </symbol>
      <symbol id="sm-bdf">
         <name>_stack</name>
         <value>0x2360</value>
         <object_component_ref idref="oc-5ae"/>
      </symbol>
      <symbol id="sm-be0">
         <name>_reset_vector</name>
         <value>0xfffe</value>
         <object_component_ref idref="oc-5b1"/>
      </symbol>
      <symbol id="sm-be9">
         <name>__mpu_init</name>
         <value>0x120c8</value>
         <object_component_ref idref="oc-6a1"/>
      </symbol>
      <symbol id="sm-c0d">
         <name>__TI_auto_init_nobinit_nopinit_hold_wdt</name>
         <value>0x11be2</value>
         <object_component_ref idref="oc-745"/>
      </symbol>
      <symbol id="sm-c16">
         <name>_system_post_cinit</name>
         <value>0x12574</value>
         <object_component_ref idref="oc-889"/>
      </symbol>
      <symbol id="sm-c1f">
         <name>_system_pre_init</name>
         <value>0x1256e</value>
         <object_component_ref idref="oc-689"/>
      </symbol>
      <symbol id="sm-c2f">
         <name>C$$EXIT</name>
         <value>0x12568</value>
         <object_component_ref idref="oc-721"/>
      </symbol>
      <symbol id="sm-c30">
         <name>abort</name>
         <value>0x12568</value>
         <object_component_ref idref="oc-721"/>
      </symbol>
      <symbol id="sm-c40">
         <name>memcpy</name>
         <value>0x12476</value>
         <object_component_ref idref="oc-5bd"/>
      </symbol>
   </symbol_table>
   <title>Link successful</title>
</link_info>
